MySQL Shell 8.0.36

Copyright (c) 2016, 2023, Oracle and/or its affiliates.
Oracle is a registered trademark of Oracle Corporation and/or its affiliates.
Other names may be trademarks of their respective owners.

Type '\help' or '\?' for help; '\quit' to exit.
 MySQL  JS > \sql
Switching to SQL mode... Commands end with ;
 MySQL  SQL > \connect --mc root@localhost
Creating a Classic session to 'root@localhost'
Fetching global names for auto-completion... Press ^C to stop.
Your MySQL connection id is 8
Server version: 8.0.36 MySQL Community Server - GPL
No default schema selected; type \use <schema> to set one.
 MySQL  localhost:3306 ssl  SQL > show databases;
+--------------------+
| Database           |
+--------------------+
| agencia            |
| company            |
| credit_cards       |
| empresa            |
| hospital           |
| information_schema |
| mysql              |
| orders             |
| orders_tbd         |
| orders_tdb         |
| performance_schema |
| rh                 |
| sakila             |
| sys                |
| tarjetas           |
| tbd2               |
| tbd_1              |
| tbd_3              |
| world              |
+--------------------+
19 rows in set (0.0029 sec)
 MySQL  localhost:3306 ssl  SQL > create database Hospital_Examen;
Query OK, 1 row affected (0.8135 sec)
 MySQL  localhost:3306 ssl  SQL > create table pacientes(
                               -> paciente_id int auto_increment primary key,
                               -> nombre varchar(45) not null,
                               -> apellido_pat varchar(45) not null,
                               -> apellido_mat varchar(45) not null,
                               -> fecha_nacimiento date not null,
                               -> peso double not null,
                               -> altura double not null,
                               -> nss varchar(50) not null,
                               -> genero enum('masculino', 'femenino'),
                               -> telefono_casa varchar(45),
                               -> telefono_trabajo varchar(45),
                               -> telefono_movil varchar(45),
                               -> otros varchar(45));
ERROR: 1046 (3D000): No database selected
 MySQL  localhost:3306 ssl  SQL > use database hospital_examen;
Incorrect number of arguments for use command, usage:
\use <schema_name>
 MySQL  localhost:3306 ssl  SQL > use hospital_examen;
Default schema set to `hospital_examen`.
Fetching global names, object names from `hospital_examen` for auto-completion... Press ^C to stop.
 MySQL  localhost:3306 ssl  hospital_examen  SQL > create table pacientes( paciente_id int auto_increment primary key, nombre varchar(45) not null, apellido_pat varchar(45) not null, apellido_mat varchar(45) not null, fecha_nacimiento date not null, peso double not null, altura double not null, nss varchar(50) not null, genero enum('masculino', 'femenino'), telefono_casa varchar(45), telefono_trabajo varchar(45), telefono_movil varchar(45), otros varchar(45));
Query OK, 0 rows affected (0.9932 sec)
 MySQL  localhost:3306 ssl  hospital_examen  SQL > create table cuartos(
                                                -> cuarto_id int auto_increment primary key,
                                                -> paciente_id int,
                                                -> numero_cuarto int not null,
                                                -> inicio_estadia date not null,
                                                -> fin_estadia date,
                                                -> foreign key (paciente_id) reference pacientes(paciente_id));
ERROR: 1064 (42000): You have an error in your SQL syntax; check the manual that corresponds to your MySQL server version for the right syntax to use near 'reference pacientes(paciente_id))' at line 7
 MySQL  localhost:3306 ssl  hospital_examen  SQL > create table cuartos( cuarto_id int auto_increment primary key, paciente_id int, numero_cuarto int not null, inicio_estadia date not null, fin_estadia date, foreign key (paciente_id) references pacientes(paciente_id));
Query OK, 0 rows affected (1.3313 sec)
 MySQL  localhost:3306 ssl  hospital_examen  SQL > create direcciones_pacientes(
                                                -> ;
ERROR: 1064 (42000): You have an error in your SQL syntax; check the manual that corresponds to your MySQL server version for the right syntax to use near 'direcciones_pacientes(' at line 1
 MySQL  localhost:3306 ssl  hospital_examen  SQL > create table direcciones_pacientes(
                                                -> direcciones_pacientes_id int auto_increment primary key,
                                                -> foreign key (paciente_id) references pacientes(paciente_id),
                                                -> foreign key (direccion_id) references direcciones(direccion_id));
ERROR: 1072 (42000): Key column 'paciente_id' doesn't exist in table
 MySQL  localhost:3306 ssl  hospital_examen  SQL > create table direcciones_pacientes(  direcciones_pacientes_id int auto_increment primary key, paciente_id int, direccion_id int, foreign key (paciente_id) references pacientes(paciente_id), foreign key (direccion_id) references direcciones(direccion_id));
ERROR: 1824 (HY000): Failed to open the referenced table 'direcciones'
 MySQL  localhost:3306 ssl  hospital_examen  SQL > create tabla direcciones(
                                                -> direccion_id int auto_increment primary key,
                                                -> calle varchar(45) not null,
                                                -> numero_exterior int not null,
                                                -> numero_interior int,
                                                -> colonia varchar(45) not null,
                                                -> codigo_postal varchar(20) not null,
                                                -> ciudad varchar(45) not null,
                                                -> estado varchar(45) not null,
                                                -> pais varchar(45) not null,
                                                -> otros varchar(45) not null);
ERROR: 1064 (42000): You have an error in your SQL syntax; check the manual that corresponds to your MySQL server version for the right syntax to use near 'tabla direcciones(
direccion_id int auto_increment primary key,
calle varchar(45' at line 1
 MySQL  localhost:3306 ssl  hospital_examen  SQL > create table direcciones( direccion_id int auto_increment primary key, calle varchar(45) not null, numero_exterior int not null, numero_interior int, colonia varchar(45) not null, codigo_postal varchar(20) not null, ciudad varchar(45) not null, estado varchar(45) not null, pais varchar(45) not null, otros varchar(45) not null);
Query OK, 0 rows affected (0.5355 sec)
 MySQL  localhost:3306 ssl  hospital_examen  SQL > create table direcciones_pacientes(  direcciones_pacientes_id int auto_increment primary key, paciente_id int, direccion_id int, foreign key (paciente_id) references pacientes(paciente_id), foreign key (direccion_id) references direcciones(direccion_id));
Query OK, 0 rows affected (1.1373 sec)
 MySQL  localhost:3306 ssl  hospital_examen  SQL > create table registro_pacientes(
                                                -> registro_paciente_id int auto_increment primary key,
                                                -> paciente_id int,
                                                -> cuentas_pacientes_id int,
                                                -> registro_por_empleado_id int,
                                                -> fecha_admision date not null,
                                                -> condicion_medica varchar(60) not null,
                                                -> otros varchar(45),
                                                ->  foreign key (paciente_id) references pacientes(paciente_id),
                                                ->  foreign key (cuentas_pacientes_id) references cuentas_pacientes(
                                                -> cuentas_pacientes_id),
                                                -> foreign key (registro_por_empleado_id) references empleados(registro_por_empleado_id));
ERROR: 1824 (HY000): Failed to open the referenced table 'cuentas_pacientes'
 MySQL  localhost:3306 ssl  hospital_examen  SQL > create table empleados(
                                                -> empleados_id int auto_increment primary key,
                                                -> nombre varchar(45) not null,
                                                -> apellido_pat varchar(45) not null,
                                                -> apellido_mat varchar(45) not null,
                                                -> titulo varchar(45),
                                                -> fecha_nacimiento date not null,
                                                -> otros varchar(45));
Query OK, 0 rows affected (0.6997 sec)
 MySQL  localhost:3306 ssl  hospital_examen  SQL > create table direcciones_empleados(
                                                -> direccion_empleados_id int auto_increment primary key,
                                                -> empleado_id int,
                                                -> direccion_id int,
                                                -> foreign key (empleado_id) references empleados(empleado_id),
                                                -> foreign key (direccion_id) references direcciones(direccion_id));
ERROR: 3734 (HY000): Failed to add the foreign key constraint. Missing column 'empleado_id' for constraint 'direcciones_empleados_ibfk_1' in the referenced table 'empleados'
 MySQL  localhost:3306 ssl  hospital_examen  SQL > create table registro_pacientes( registro_paciente_id int auto_increment primary key, paciente_id int, cuentas_pacientes_id int, registro_por_empleado_id int, fecha_admision date not null, condicion_medica varchar(60) not null, otros varchar(45),  foreign key (paciente_id) references pacientes(paciente_id),  foreign key (cuentas_pacientes_id) references cuentas_pacientes( cuentas_pacientes_id), foreign key (registro_por_empleado_id) references empleados(registro_por_empleado_id));
ERROR: 1824 (HY000): Failed to open the referenced table 'cuentas_pacientes'
 MySQL  localhost:3306 ssl  hospital_examen  SQL > create table cuentas_pacientes(
                                                -> cuentas_pacientes_id int auto_increment primary key,
                                                -> paciente_id int,
                                                -> forma_pago_pac_id int,
                                                -> fecha_emision date not null,
                                                -> otros varchar(45),
                                                -> foreign key (paciente_id) references pacientes(paciente_id),
                                                -> foreign key (forma_pago_pac_id) references formas_pago_pacientes(forma_pago_pac_id));
ERROR: 1824 (HY000): Failed to open the referenced table 'formas_pago_pacientes'
 MySQL  localhost:3306 ssl  hospital_examen  SQL > create table formas_pago_pacientes(
                                                -> forma_pago_pac_id  int auto_increment primary key,
                                                ->  paciente_id int,
                                                -> forma_pago_id int,
                                                -> detalles varchar(65),
                                                -> foreign key (paciente_id) references pacientes(paciente_id),
                                                -> foreign key (forma_pago_id) references Formas_pagos(forma_pago_id));
ERROR: 1824 (HY000): Failed to open the referenced table 'formas_pagos'
 MySQL  localhost:3306 ssl  hospital_examen  SQL > create table formas_pago(
                                                -> forma_pago_id int auto_increment primary key,
                                                -> forma_pago varchar(45) not null);
Query OK, 0 rows affected (2.2292 sec)
 MySQL  localhost:3306 ssl  hospital_examen  SQL > create table formas_pago_pacientes( forma_pago_pac_id  int auto_increment primary key,  paciente_id int, forma_pago_id int, detalles varchar(65), foreign key (paciente_id) references pacientes(paciente_id), foreign key (forma_pago_id) references Formas_pagos(forma_pago_id));
ERROR: 1824 (HY000): Failed to open the referenced table 'formas_pagos'
 MySQL  localhost:3306 ssl  hospital_examen  SQL > create table formas_pago_pacientes( forma_pago_pac_id  int auto_increment primary key,  paciente_id int, forma_pago_id int, detalles varchar(65), foreign key (paciente_id) references pacientes(paciente_id), foreign key (forma_pago_id) references Formas_pago(forma_pago_id));
Query OK, 0 rows affected (2.0820 sec)
 MySQL  localhost:3306 ssl  hospital_examen  SQL > create table cuentas_pacientes( cuentas_pacientes_id int auto_increment primary key, paciente_id int, forma_pago_pac_id int, fecha_emision date not null, otros varchar(45), foreign key (paciente_id) references pacientes(paciente_id), foreign key (forma_pago_pac_id) references formas_pago_pacientes(forma_pago_pac_id));
Query OK, 0 rows affected (0.5424 sec)
 MySQL  localhost:3306 ssl  hospital_examen  SQL > create table cuentas_pacientes_detalles(
                                                -> cuentas_pacientes_det_id  int auto_increment primary key,
                                                -> cuentas_pacientes_id int,
                                                -> detalle varchar(65) default 'diagnostico',
                                                -> cantidad double not null,
                                                -> costo_total double not null);
Query OK, 0 rows affected (0.3484 sec)
 MySQL  localhost:3306 ssl  hospital_examen  SQL > create table registro_pacientes( registro_paciente_id int auto_increment primary key, paciente_id int, cuentas_pacientes_id int, registro_por_empleado_id int, fecha_admision date not null, condicion_medica varchar(60) not null, otros varchar(45),  foreign key (paciente_id) references pacientes(paciente_id),  foreign key (cuentas_pacientes_id) references cuentas_pacientes( cuentas_pacientes_id), foreign key (registro_por_empleado_id) references empleados(registro_por_empleado_id));
ERROR: 3734 (HY000): Failed to add the foreign key constraint. Missing column 'registro_por_empleado_id' for constraint 'registro_pacientes_ibfk_3' in the referenced table 'empleados'
 MySQL  localhost:3306 ssl  hospital_examen  SQL > create table registro_pacientes( registro_paciente_id int auto_increment primary key, paciente_id int, cuentas_pacientes_id int, registro_por_empleado_id int, fecha_admision date not null, condicion_medica varchar(60) not null, otros varchar(45),  foreign key (paciente_id) references pacientes(paciente_id),  foreign key (cuentas_pacientes_id) references cuentas_pacientes( cuentas_pacientes_id), foreign key (registro_por_empleado_id) references empleados(registro_por_empleado_id));
ERROR: 3734 (HY000): Failed to add the foreign key constraint. Missing column 'registro_por_empleado_id' for constraint 'registro_pacientes_ibfk_3' in the referenced table 'empleados'
 MySQL  localhost:3306 ssl  hospital_examen  SQL > alter table add column registro_por_empleado_id int;
ERROR: 1064 (42000): You have an error in your SQL syntax; check the manual that corresponds to your MySQL server version for the right syntax to use near 'add column registro_por_empleado_id int' at line 1
 MySQL  localhost:3306 ssl  hospital_examen  SQL > alter table empleados add column registro_por_empleado_id int;
Query OK, 0 rows affected (0.6565 sec)

Records: 0  Duplicates: 0  Warnings: 0
 MySQL  localhost:3306 ssl  hospital_examen  SQL > create table registro_pacientes( registro_paciente_id int auto_increment primary key, paciente_id int, cuentas_pacientes_id int, registro_por_empleado_id int, fecha_admision date not null, condicion_medica varchar(60) not null, otros varchar(45),  foreign key (paciente_id) references pacientes(paciente_id),  foreign key (cuentas_pacientes_id) references cuentas_pacientes( cuentas_pacientes_id), foreign key (registro_por_empleado_id) references empleados(registro_por_empleado_id));
ERROR: 1822 (HY000): Failed to add the foreign key constraint. Missing index for constraint 'registro_pacientes_ibfk_3' in the referenced table 'empleados'
 MySQL  localhost:3306 ssl  hospital_examen  SQL > create table registro_pacientes( registro_paciente_id int auto_increment primary key, paciente_id int, cuentas_pacientes_id int, registro_por_empleado_id int, fecha_admision date not null, condicion_medica varchar(60) not null, otros varchar(45),  foreign key (paciente_id) references pacientes(paciente_id),  foreign key (cuentas_pacientes_id) references cuentas_pacientes( cuentas_pacientes_id), foreign key (registro_por_empleado_id) references empleados(registro_por_empleado_id));
ERROR: 1822 (HY000): Failed to add the foreign key constraint. Missing index for constraint 'registro_pacientes_ibfk_3' in the referenced table 'empleados'
 MySQL  localhost:3306 ssl  hospital_examen  SQL > alter table empleados add index idx_empleados_id (empleados_id);
Query OK, 0 rows affected (0.6184 sec)

Records: 0  Duplicates: 0  Warnings: 0
 MySQL  localhost:3306 ssl  hospital_examen  SQL > create table registro_pacientes( registro_paciente_id int auto_increment primary key, paciente_id int, cuentas_pacientes_id int, registro_por_empleado_id int, fecha_admision date not null, condicion_medica varchar(60) not null, otros varchar(45),  foreign key (paciente_id) references pacientes(paciente_id),  foreign key (cuentas_pacientes_id) references cuentas_pacientes( cuentas_pacientes_id), foreign key (registro_por_empleado_id) references empleados(registro_por_empleado_id));
ERROR: 1822 (HY000): Failed to add the foreign key constraint. Missing index for constraint 'registro_pacientes_ibfk_3' in the referenced table 'empleados'
 MySQL  localhost:3306 ssl  hospital_examen  SQL > create table registro_pacientes( registro_paciente_id int auto_increment primary key, paciente_id int, cuentas_pacientes_id int, registro_por_empleado_id int, fecha_admision date not null, condicion_medica varchar(60) not null, otros varchar(45),  foreign key (paciente_id) references pacientes(paciente_id),  foreign key (cuentas_pacientes_id) references cuentas_pacientes( cuentas_pacientes_id), foreign key (registro_por_empleado_id) references empleados(empleados_id));
Query OK, 0 rows affected (1.2638 sec)
 MySQL  localhost:3306 ssl  hospital_examen  SQL > show tables;
+----------------------------+
| Tables_in_hospital_examen  |
+----------------------------+
| cuartos                    |
| cuentas_pacientes          |
| cuentas_pacientes_detalles |
| direcciones                |
| direcciones_pacientes      |
| empleados                  |
| formas_pago                |
| formas_pago_pacientes      |
| pacientes                  |
| registro_pacientes         |
+----------------------------+
10 rows in set (0.1283 sec)
 MySQL  localhost:3306 ssl  hospital_examen  SQL > create table direcciones_empleados( direccion_empleados_id int auto_increment primary key, empleado_id int, direccion_id int, foreign key (empleado_id) references empleados(empleado_id), foreign key (direccion_id) references direcciones(direccion_id));
ERROR: 3734 (HY000): Failed to add the foreign key constraint. Missing column 'empleado_id' for constraint 'direcciones_empleados_ibfk_1' in the referenced table 'empleados'
 MySQL  localhost:3306 ssl  hospital_examen  SQL > desc direcciones;
+-----------------+-------------+------+-----+---------+----------------+
| Field           | Type        | Null | Key | Default | Extra          |
+-----------------+-------------+------+-----+---------+----------------+
| direccion_id    | int         | NO   | PRI | NULL    | auto_increment |
| calle           | varchar(45) | NO   |     | NULL    |                |
| numero_exterior | int         | NO   |     | NULL    |                |
| numero_interior | int         | YES  |     | NULL    |                |
| colonia         | varchar(45) | NO   |     | NULL    |                |
| codigo_postal   | varchar(20) | NO   |     | NULL    |                |
| ciudad          | varchar(45) | NO   |     | NULL    |                |
| estado          | varchar(45) | NO   |     | NULL    |                |
| pais            | varchar(45) | NO   |     | NULL    |                |
| otros           | varchar(45) | NO   |     | NULL    |                |
+-----------------+-------------+------+-----+---------+----------------+
10 rows in set (0.0502 sec)
 MySQL  localhost:3306 ssl  hospital_examen  SQL > desc empleados;
+--------------------------+-------------+------+-----+---------+----------------+
| Field                    | Type        | Null | Key | Default | Extra          |
+--------------------------+-------------+------+-----+---------+----------------+
| empleados_id             | int         | NO   | PRI | NULL    | auto_increment |
| nombre                   | varchar(45) | NO   |     | NULL    |                |
| apellido_pat             | varchar(45) | NO   |     | NULL    |                |
| apellido_mat             | varchar(45) | NO   |     | NULL    |                |
| titulo                   | varchar(45) | YES  |     | NULL    |                |
| fecha_nacimiento         | date        | NO   |     | NULL    |                |
| otros                    | varchar(45) | YES  |     | NULL    |                |
| registro_por_empleado_id | int         | YES  |     | NULL    |                |
+--------------------------+-------------+------+-----+---------+----------------+
8 rows in set (0.0020 sec)
 MySQL  localhost:3306 ssl  hospital_examen  SQL > create table direcciones_empleados( direccion_empleados_id int auto_increment primary key, empleado_id int, direccion_id int, foreign key (empleados_id) references empleados(empleados_id), foreign key (direccion_id) references direcciones(direccion_id));
ERROR: 1072 (42000): Key column 'empleados_id' doesn't exist in table
 MySQL  localhost:3306 ssl  hospital_examen  SQL > create table direcciones_empleados( direccion_empleados_id int auto_increment primary key, empleados_id int, direccion_id int, foreign key (empleados_id) references empleados(empleados_id), foreign key (direccion_id) references direcciones(direccion_id));
Query OK, 0 rows affected (0.5667 sec)
 MySQL  localhost:3306 ssl  hospital_examen  SQL > show tables;
+----------------------------+
| Tables_in_hospital_examen  |
+----------------------------+
| cuartos                    |
| cuentas_pacientes          |
| cuentas_pacientes_detalles |
| direcciones                |
| direcciones_empleados      |
| direcciones_pacientes      |
| empleados                  |
| formas_pago                |
| formas_pago_pacientes      |
| pacientes                  |
| registro_pacientes         |
+----------------------------+
11 rows in set (0.0023 sec)
 MySQL  localhost:3306 ssl  hospital_examen  SQL > load data infile 'C:\\PACIENTES.csv' into table pacientes fields terminated by ',' optionally enclosed by '"' lines terminated by '\r\n';
ERROR: 1366 (HY000): Incorrect integer value: '﻿paciente_id' for column 'paciente_id' at row 1
 MySQL  localhost:3306 ssl  hospital_examen  SQL > desc pacientes;
+------------------+------------------------------+------+-----+---------+----------------+
| Field            | Type                         | Null | Key | Default | Extra          |
+------------------+------------------------------+------+-----+---------+----------------+
| paciente_id      | int                          | NO   | PRI | NULL    | auto_increment |
| nombre           | varchar(45)                  | NO   |     | NULL    |                |
| apellido_pat     | varchar(45)                  | NO   |     | NULL    |                |
| apellido_mat     | varchar(45)                  | NO   |     | NULL    |                |
| fecha_nacimiento | date                         | NO   |     | NULL    |                |
| peso             | double                       | NO   |     | NULL    |                |
| altura           | double                       | NO   |     | NULL    |                |
| nss              | varchar(50)                  | NO   |     | NULL    |                |
| genero           | enum('masculino','femenino') | YES  |     | NULL    |                |
| telefono_casa    | varchar(45)                  | YES  |     | NULL    |                |
| telefono_trabajo | varchar(45)                  | YES  |     | NULL    |                |
| telefono_movil   | varchar(45)                  | YES  |     | NULL    |                |
| otros            | varchar(45)                  | YES  |     | NULL    |                |
+------------------+------------------------------+------+-----+---------+----------------+
13 rows in set (0.0021 sec)
 MySQL  localhost:3306 ssl  hospital_examen  SQL > load data infile 'C:\\PACIENTES.csv' into table pacientes fields terminated by ',' optionally enclosed by '"' lines terminated by '\r\n';
ERROR: 1366 (HY000): Incorrect integer value: '﻿paciente_id' for column 'paciente_id' at row 1
 MySQL  localhost:3306 ssl  hospital_examen  SQL > load data infile 'C:\\PACIENTES.csv' into table pacientes fields terminated by ',' optionally enclosed by '"' lines terminated by '\r\n';
ERROR: 1366 (HY000): Incorrect integer value: '﻿paciente_id' for column 'paciente_id' at row 1
 MySQL  localhost:3306 ssl  hospital_examen  SQL > load data infile 'C:\\PACIENTES.csv' into table pacientes fields terminated by ',' optionally enclosed by '"' lines terminated by '\r\n';
ERROR: 1366 (HY000): Incorrect integer value: '﻿nombre' for column 'paciente_id' at row 1
 MySQL  localhost:3306 ssl  hospital_examen  SQL > load data infile 'C:\\PACIENTES.csv' into table pacientes fields terminated by ',' optionally enclosed by '"' ignore 1 lines (@dummy, paciente_id, nombre, apellido_pat, apellido_mat, fecha_nacimiento, peso, altura, nss, genero, telefono_casa, telefono_trabajo, telefono_movil, otro);
ERROR: 1054 (42S22): Unknown column 'otro' in 'field list'
 MySQL  localhost:3306 ssl  hospital_examen  SQL > load data infile 'C:\\PACIENTES.csv' into table pacientes fields terminated by ',' optionally enclosed by '"' ignore 1 lines (@dummy, paciente_id, nombre, apellido_pat, apellido_mat, fecha_nacimiento, peso, altura, nss, genero, telefono_casa, telefono_trabajo, telefono_movil, otros);
ERROR: 1366 (HY000): Incorrect integer value: 'Facello' for column 'paciente_id' at row 1
 MySQL  localhost:3306 ssl  hospital_examen  SQL > load data infile 'C:\\PACIENTES.csv' into table pacientes fields terminated by ',' optionally enclosed by '"' ignore 1 lines (@dummy, nombre, apellido_pat, apellido_mat, fecha_nacimiento, peso, altura, nss, genero, telefono_casa, telefono_trabajo, telefono_movil, otros);
ERROR: 1292 (22007): Incorrect date value: '93' for column 'fecha_nacimiento' at row 1
 MySQL  localhost:3306 ssl  hospital_examen  SQL > load data infile 'C:\\PACIENTES.csv' into table pacientes fields terminated by ',' optionally enclosed by '"' ignore 1 lines (@dummy, nombre, apellido_pat, apellido_mat, fecha_nacimiento, peso, altura, nss, genero, telefono_casa, telefono_trabajo, telefono_movil, otros);
ERROR: 1292 (22007): Incorrect date value: '93' for column 'fecha_nacimiento' at row 1
 MySQL  localhost:3306 ssl  hospital_examen  SQL > load data infile 'C:\\PACIENTES.csv' into table pacientes fields terminated by ',' optionally enclosed by '"' ignore 1 lines (@dummy, nombre, apellido_pat, apellido_mat, fecha_nacimiento, peso, altura, nss, genero, telefono_casa, telefono_trabajo, telefono_movil, otros);
ERROR: 1292 (22007): Incorrect date value: '93' for column 'fecha_nacimiento' at row 1
 MySQL  localhost:3306 ssl  hospital_examen  SQL > load data infile 'C:\\PACIENTES.csv' into table pacientes fields terminated by ',' optionally enclosed by '"' ignore 1 lines (@dummy, nombre, apellido_pat, apellido_mat, fecha_nacimiento, peso, altura, nss, genero, telefono_casa, telefono_trabajo, telefono_movil, otros);
ERROR: 1292 (22007): Incorrect date value: '93' for column 'fecha_nacimiento' at row 1
 MySQL  localhost:3306 ssl  hospital_examen  SQL > load data infile 'C:\\PACIENTES.csv' into table pacientes fields terminated by ',' optionally enclosed by '"' ignore 1 rows (nombre, apellido_pat, apellido_mat, fecha_nacimiento, peso, altura, nss, genero, telefono_casa, telefono_trabajo, telefono_movil, otros);
ERROR: 1265 (01000): Data truncated for column 'genero' at row 1
 MySQL  localhost:3306 ssl  hospital_examen  SQL > alter table pacientes modify column genero varchar(255);
Query OK, 0 rows affected (3.7574 sec)

Records: 0  Duplicates: 0  Warnings: 0
 MySQL  localhost:3306 ssl  hospital_examen  SQL > load data infile 'C:\\PACIENTES.csv' into table pacientes fields terminated by ',' optionally enclosed by '"' ignore 1 rows (nombre, apellido_pat, apellido_mat, fecha_nacimiento, peso, altura, nss, genero, telefono_casa, telefono_trabajo, telefono_movil, otros);
Query OK, 58 rows affected (0.2049 sec)

Records: 58  Deleted: 0  Skipped: 0  Warnings: 0
 MySQL  localhost:3306 ssl  hospital_examen  SQL > select * from pacientes;
+-------------+------------+--------------+--------------+------------------+------+--------+-------+--------+---------------+------------------+----------------+-------+
| paciente_id | nombre     | apellido_pat | apellido_mat | fecha_nacimiento | peso | altura | nss   | genero | telefono_casa | telefono_trabajo | telefono_movil | otros |
+-------------+------------+--------------+--------------+------------------+------+--------+-------+--------+---------------+------------------+----------------+-------+
|           1 | Georgi     | Facello      | Facello      | 1960-02-20       |   93 |   1.99 | 10001 | M      |
     |                  |                |
|           2 | Bezalel    | Simmel       | Simmel       | 1952-07-08       |   88 |   1.69 | 10002 | F      |
     |                  |                |
|           3 | Parto      | Bamford      | Bamford      | 1953-09-29       |   62 |   1.88 | 10003 | M      |
     |                  |                |
|           4 | Chirstian  | Koblick      | Koblick      | 1958-09-05       |   93 |   1.84 | 10004 | M      |
     |                  |                |
|           5 | Kyoichi    | Maliniak     | Maliniak     | 1958-10-31       |   86 |   1.89 | 10005 | M      |
     |                  |                |
|           6 | Anneke     | Preusig      | Preusig      | 1953-04-03       |   86 |   1.54 | 10006 | F      |
     |                  |                |
|           7 | Tzvetan    | Zielinski    | Zielinski    | 1962-07-10       |   56 |   1.77 | 10007 | F      |
     |                  |                |
|           8 | Saniya     | Kalloufi     | Kalloufi     | 1963-11-26       |   78 |   1.82 | 10008 | M      |
     |                  |                |
|           9 | Sumant     | Peac         | Peac         | 1956-12-13       |   85 |   1.64 | 10009 | F      |
     |                  |                |
|          10 | Duangkaew  | Piveteau     | Piveteau     | 1958-07-14       |   92 |   1.71 | 10010 | F      |
     |                  |                |
|          11 | Mary       | Sluis        | Sluis        | 1959-01-27       |   96 |   1.96 | 10011 | F      |
     |                  |                |
|          12 | Patricio   | Bridgland    | Bridgland    | 1960-08-09       |   63 |    1.9 | 10012 | M      |
     |                  |                |
|          13 | Eberhardt  | Terkki       | Terkki       | 1956-11-14       |   81 |   1.64 | 10013 | M      |
     |                  |                |
|          14 | Berni      | Genin        | Genin        | 1962-12-29       |   67 |   1.74 | 10014 | M      |
     |                  |                |
|          15 | Guoxiang   | Nooteboom    | Nooteboom    | 1953-02-08       |   60 |   1.55 | 10015 | M      |
     |                  |                |
|          16 | Kazuhito   | Cappelletti  | Cappelletti  | 1959-08-10       |   97 |   1.71 | 10016 | M      |
     |                  |                |
|          17 | Cristinel  | Bouloucos    | Bouloucos    | 1963-07-22       |   66 |   1.91 | 10017 | F      |
     |                  |                |
|          18 | Kazuhide   | Peha         | Peha         | 1960-07-20       |   88 |   1.51 | 10018 | F      |
     |                  |                |
|          19 | Lillian    | Haddadi      | Haddadi      | 1959-10-01       |   85 |   1.61 | 10019 | M      |
     |                  |                |
|          20 | Mayuko     | Warwick      | Warwick      | 1959-09-13       |   96 |   1.78 | 10020 | M      |
     |                  |                |
|          21 | Ramzi      | Erde         | Erde         | 1959-08-27       |   91 |   1.61 | 10021 | M      |
     |                  |                |
|          22 | Shahaf     | Famili       | Famili       | 1956-02-26       |   70 |   1.81 | 10022 | M      |
     |                  |                |
|          23 | Bojan      | Montemayor   | Montemayor   | 1960-09-19       |   86 |    1.8 | 10023 | F      |
     |                  |                |
|          24 | Suzette    | Pettey       | Pettey       | 1961-09-21       |   79 |   1.74 | 10024 | F      |
     |                  |                |
|          25 | Prasadram  | Heyers       | Heyers       | 1957-08-14       |   91 |   1.95 | 10025 | M      |
     |                  |                |
|          26 | Yongqiao   | Berztiss     | Berztiss     | 1960-07-23       |   75 |   1.91 | 10026 | M      |
     |                  |                |
|          27 | Divier     | Reistad      | Reistad      | 1952-06-29       |   57 |    1.6 | 10027 | F      |
     |                  |                |
|          28 | Domenick   | Tempesti     | Tempesti     | 1963-07-11       |   62 |   1.72 | 10028 | M      |
     |                  |                |
|          29 | Otmar      | Herbst       | Herbst       | 1961-04-24       |   77 |    1.6 | 10029 | M      |
     |                  |                |
|          30 | Elvis      | Demeyer      | Demeyer      | 1958-05-21       |   93 |   1.64 | 10030 | M      |
     |                  |                |
|          31 | Karsten    | Joslin       | Joslin       | 1953-07-28       |   95 |   1.52 | 10031 | M      |
     |                  |                |
|          32 | Jeong      | Reistad      | Reistad      | 1961-02-26       |   84 |    1.6 | 10032 | F      |
     |                  |                |
|          33 | Arif       | Merlo        | Merlo        | 1954-09-13       |   92 |   1.77 | 10033 | M      |
     |                  |                |
|          34 | Bader      | Swan         | Swan         | 1957-04-04       |   69 |   1.56 | 10034 | M      |
     |                  |                |
|          35 | Alain      | Chappelet    | Chappelet    | 1956-06-06       |   57 |   1.55 | 10035 | M      |
     |                  |                |
|          36 | Adamantios | Portugali    | Portugali    | 1961-09-01       |   62 |   1.99 | 10036 | M      |
     |                  |                |
|          37 | Pradeep    | Makrucki     | Makrucki     | 1954-05-30       |   60 |   1.75 | 10037 | M      |
     |                  |                |
|          38 | Huan       | Lortz        | Lortz        | 1954-10-01       |   97 |   1.88 | 10038 | M      |
     |                  |                |
|          39 | Alejandro  | Brender      | Brender      | 1959-10-01       |   92 |   1.78 | 10039 | M      |
     |                  |                |
|          40 | Weiyi      | Meriste      | Meriste      | 1959-09-13       |   97 |   1.84 | 10040 | F      |
     |                  |                |
|          41 | Uri        | Lenart       | Lenart       | 1959-08-27       |   80 |    1.9 | 10041 | F      |
     |                  |                |
|          42 | Magy       | Stamatiou    | Stamatiou    | 1956-02-26       |   69 |   1.91 | 10042 | F      |
     |                  |                |
|          43 | Yishay     | Tzvieli      | Tzvieli      | 1960-09-19       |   65 |   1.95 | 10043 | M      |
     |                  |                |
|          44 | Mingsen    | Casley       | Casley       | 1961-09-21       |   90 |    1.8 | 10044 | F      |
     |                  |                |
|          45 | Moss       | Shanbhogue   | Shanbhogue   | 1957-08-14       |   90 |   1.97 | 10045 | M      |
     |                  |                |
|          46 | Lucien     | Rosenbaum    | Rosenbaum    | 1960-07-23       |   85 |   1.53 | 10046 | M      |
     |                  |                |
|          47 | Zvonko     | Nyanchama    | Nyanchama    | 1952-06-29       |   78 |   1.65 | 10047 | M      |
     |                  |                |
|          48 | Florian    | Syrotiuk     | Syrotiuk     | 1963-07-11       |   76 |   1.58 | 10048 | M      |
     |                  |                |
|          49 | Basil      | Tramer       | Tramer       | 1961-04-24       |   99 |   1.55 | 10049 | F      |
     |                  |                |
|          50 | Yinghua    | Dredge       | Dredge       | 1958-05-21       |   78 |   1.54 | 10050 | M      |
     |                  |                |
|          51 | Hidefumi   | Caine        | Caine        | 1953-07-28       |   54 |   1.84 | 10051 | M      |
     |                  |                |
|          52 | Heping     | Nitsch       | Nitsch       | 1961-02-26       |   85 |   1.59 | 10052 | M      |
     |                  |                |
|          53 | Sanjiv     | Zschoche     | Zschoche     | 1954-09-13       |   52 |   1.53 | 10053 | F      |
     |                  |                |
|          54 | Mayumi     | Schueller    | Schueller    | 1957-04-04       |   75 |   1.72 | 10054 | M      |
     |                  |                |
|          55 | Georgy     | Dredge       | Dredge       | 1956-06-06       |   97 |   1.61 | 10055 | M      |
     |                  |                |
|          56 | Brendon    | Bernini      | Bernini      | 1961-09-01       |   91 |   1.63 | 10056 | F      |
     |                  |                |
|          57 | Ebbe       | Callaway     | Callaway     | 1954-05-30       |   91 |   1.96 | 10057 | F      |
     |                  |                |
|          58 | Berhard    | McFarlin     | McFarlin     | 1954-10-01       |   99 |   1.96 | 10058 | M      |
     |                  |                |
+-------------+------------+--------------+--------------+------------------+------+--------+-------+--------+---------------+------------------+----------------+-------+
58 rows in set (0.1047 sec)
 MySQL  localhost:3306 ssl  hospital_examen  SQL > load data infile 'C:\\CUARTOS.csv' into table pacientes fields terminated by ',' optionally enclosed by '"' ignore 2 rows (numero_cuarto, inicio_estadia, fin_estadia);
ERROR: 1054 (42S22): Unknown column 'numero_cuarto' in 'field list'
 MySQL  localhost:3306 ssl  hospital_examen  SQL > desc cuartos;
+----------------+------+------+-----+---------+----------------+
| Field          | Type | Null | Key | Default | Extra          |
+----------------+------+------+-----+---------+----------------+
| cuarto_id      | int  | NO   | PRI | NULL    | auto_increment |
| paciente_id    | int  | YES  | MUL | NULL    |                |
| numero_cuarto  | int  | NO   |     | NULL    |                |
| inicio_estadia | date | NO   |     | NULL    |                |
| fin_estadia    | date | YES  |     | NULL    |                |
+----------------+------+------+-----+---------+----------------+
5 rows in set (0.0029 sec)
 MySQL  localhost:3306 ssl  hospital_examen  SQL > load data infile 'C:\\CUARTOS.csv' into table pacientes fields terminated by ',' optionally enclosed by '"' ignore 1 rows (numero_cuarto, inicio_estadia, fin_estadia);
ERROR: 1054 (42S22): Unknown column 'numero_cuarto' in 'field list'
 MySQL  localhost:3306 ssl  hospital_examen  SQL > load data infile 'C:\\CUARTOS.csv' into table pacientes fields terminated by ',' optionally enclosed by '"' ignore 1 rows (numero_cuarto, inicio_estadia, fin_estadia);
ERROR: 1054 (42S22): Unknown column 'numero_cuarto' in 'field list'
 MySQL  localhost:3306 ssl  hospital_examen  SQL > load data infile 'C:\\CUARTOS.csv' into table cuartos fields terminated by ',' optionally enclosed by '"' ignore 1 rows (numero_cuarto, inicio_estadia, fin_estadia);
Query OK, 58 rows affected, 58 warnings (0.1582 sec)

Records: 58  Deleted: 0  Skipped: 0  Warnings: 58
' at row 1 is deprecated. Prefer the standard ' '. in datetime value '2017-04-17
' at row 2 is deprecated. Prefer the standard ' '. in datetime value '2017-04-13
' at row 3 is deprecated. Prefer the standard ' '. in datetime value '2017-04-17
' at row 4 is deprecated. Prefer the standard ' '. in datetime value '2017-04-18
' at row 5 is deprecated. Prefer the standard ' '. in datetime value '2017-04-17
' at row 6 is deprecated. Prefer the standard ' '. in datetime value '2017-04-16
' at row 7 is deprecated. Prefer the standard ' '. in datetime value '2017-04-23
' at row 8 is deprecated. Prefer the standard ' '. in datetime value '2017-04-24
' at row 9 is deprecated. Prefer the standard ' '. in datetime value '2017-04-23
' at row 10 is deprecated. Prefer the standard ' '.in datetime value '2017-04-24
' at row 11 is deprecated. Prefer the standard ' '.in datetime value '2017-04-23
' at row 12 is deprecated. Prefer the standard ' '.in datetime value '2017-04-24
' at row 13 is deprecated. Prefer the standard ' '.in datetime value '2017-04-28
' at row 14 is deprecated. Prefer the standard ' '.in datetime value '2017-04-25
' at row 15 is deprecated. Prefer the standard ' '.in datetime value '2017-05-01
' at row 16 is deprecated. Prefer the standard ' '.in datetime value '2017-04-30
' at row 17 is deprecated. Prefer the standard ' '.in datetime value '2017-04-27
' at row 18 is deprecated. Prefer the standard ' '.in datetime value '2017-05-07
' at row 19 is deprecated. Prefer the standard ' '.in datetime value '2017-04-30
' at row 20 is deprecated. Prefer the standard ' '.in datetime value '2017-05-05
' at row 21 is deprecated. Prefer the standard ' '.in datetime value '2017-05-07
' at row 22 is deprecated. Prefer the standard ' '.in datetime value '2017-05-10
' at row 23 is deprecated. Prefer the standard ' '.in datetime value '2017-05-09
' at row 24 is deprecated. Prefer the standard ' '.in datetime value '2017-05-04
' at row 25 is deprecated. Prefer the standard ' '.in datetime value '2017-05-14
' at row 26 is deprecated. Prefer the standard ' '.in datetime value '2017-05-12
' at row 27 is deprecated. Prefer the standard ' '.in datetime value '2017-05-09
' at row 28 is deprecated. Prefer the standard ' '.in datetime value '2017-05-14
' at row 29 is deprecated. Prefer the standard ' '.in datetime value '2017-05-10
' at row 30 is deprecated. Prefer the standard ' '.in datetime value '2017-05-14
' at row 31 is deprecated. Prefer the standard ' '.in datetime value '2017-05-17
' at row 32 is deprecated. Prefer the standard ' '.in datetime value '2017-05-21
' at row 33 is deprecated. Prefer the standard ' '.in datetime value '2017-05-19
' at row 34 is deprecated. Prefer the standard ' '.in datetime value '2017-05-19
' at row 35 is deprecated. Prefer the standard ' '.in datetime value '2017-05-15
' at row 36 is deprecated. Prefer the standard ' '.in datetime value '2017-05-19
' at row 37 is deprecated. Prefer the standard ' '.in datetime value '2017-05-26
' at row 38 is deprecated. Prefer the standard ' '.in datetime value '2017-05-18
' at row 39 is deprecated. Prefer the standard ' '.in datetime value '2017-05-24
' at row 40 is deprecated. Prefer the standard ' '.in datetime value '2017-05-26
' at row 41 is deprecated. Prefer the standard ' '.in datetime value '2017-05-28
' at row 42 is deprecated. Prefer the standard ' '.in datetime value '2017-05-29
' at row 43 is deprecated. Prefer the standard ' '.in datetime value '2017-05-26
' at row 44 is deprecated. Prefer the standard ' '.in datetime value '2017-06-02
' at row 45 is deprecated. Prefer the standard ' '.in datetime value '2017-05-31
' at row 46 is deprecated. Prefer the standard ' '.in datetime value '2017-06-03
' at row 47 is deprecated. Prefer the standard ' '.in datetime value '2017-05-27
' at row 48 is deprecated. Prefer the standard ' '.in datetime value '2017-06-06
' at row 49 is deprecated. Prefer the standard ' '.in datetime value '2017-05-29
' at row 50 is deprecated. Prefer the standard ' '.in datetime value '2017-05-30
' at row 51 is deprecated. Prefer the standard ' '.in datetime value '2017-06-02
' at row 52 is deprecated. Prefer the standard ' '.in datetime value '2017-06-08
' at row 53 is deprecated. Prefer the standard ' '.in datetime value '2017-06-11
' at row 54 is deprecated. Prefer the standard ' '.in datetime value '2017-06-07
' at row 55 is deprecated. Prefer the standard ' '.in datetime value '2017-06-09
' at row 56 is deprecated. Prefer the standard ' '.in datetime value '2017-06-12
' at row 57 is deprecated. Prefer the standard ' '.in datetime value '2017-06-13
' at row 58 is deprecated. Prefer the standard ' '.in datetime value '2017-06-13
 MySQL  localhost:3306 ssl  hospital_examen  SQL > selec * from cuartos;
ERROR: 1064 (42000): You have an error in your SQL syntax; check the manual that corresponds to your MySQL server version for the right syntax to use near 'selec * from cuartos' at line 1
 MySQL  localhost:3306 ssl  hospital_examen  SQL >
 MySQL  localhost:3306 ssl  hospital_examen  SQL > select * from cuartos;
+-----------+-------------+---------------+----------------+-------------+
| cuarto_id | paciente_id | numero_cuarto | inicio_estadia | fin_estadia |
+-----------+-------------+---------------+----------------+-------------+
|         1 |        NULL |           121 | 2017-04-10     | 2017-04-17  |
|         2 |        NULL |           190 | 2017-04-11     | 2017-04-13  |
|         3 |        NULL |           108 | 2017-04-12     | 2017-04-17  |
|         4 |        NULL |           179 | 2017-04-13     | 2017-04-18  |
|         5 |        NULL |           158 | 2017-04-14     | 2017-04-17  |
|         6 |        NULL |           183 | 2017-04-15     | 2017-04-16  |
|         7 |        NULL |           142 | 2017-04-16     | 2017-04-23  |
|         8 |        NULL |           108 | 2017-04-17     | 2017-04-24  |
|         9 |        NULL |           100 | 2017-04-18     | 2017-04-23  |
|        10 |        NULL |           109 | 2017-04-19     | 2017-04-24  |
|        11 |        NULL |           116 | 2017-04-20     | 2017-04-23  |
|        12 |        NULL |           182 | 2017-04-21     | 2017-04-24  |
|        13 |        NULL |           180 | 2017-04-22     | 2017-04-28  |
|        14 |        NULL |           188 | 2017-04-23     | 2017-04-25  |
|        15 |        NULL |           173 | 2017-04-24     | 2017-05-01  |
|        16 |        NULL |           176 | 2017-04-25     | 2017-04-30  |
|        17 |        NULL |           122 | 2017-04-26     | 2017-04-27  |
|        18 |        NULL |           155 | 2017-04-27     | 2017-05-07  |
|        19 |        NULL |           181 | 2017-04-28     | 2017-04-30  |
|        20 |        NULL |           178 | 2017-04-29     | 2017-05-05  |
|        21 |        NULL |           139 | 2017-04-30     | 2017-05-07  |
|        22 |        NULL |           119 | 2017-05-01     | 2017-05-10  |
|        23 |        NULL |           193 | 2017-05-02     | 2017-05-09  |
|        24 |        NULL |           153 | 2017-05-03     | 2017-05-04  |
|        25 |        NULL |           168 | 2017-05-04     | 2017-05-14  |
|        26 |        NULL |           115 | 2017-05-05     | 2017-05-12  |
|        27 |        NULL |           140 | 2017-05-06     | 2017-05-09  |
|        28 |        NULL |           170 | 2017-05-07     | 2017-05-14  |
|        29 |        NULL |           153 | 2017-05-08     | 2017-05-10  |
|        30 |        NULL |           177 | 2017-05-09     | 2017-05-14  |
|        31 |        NULL |           101 | 2017-05-10     | 2017-05-17  |
|        32 |        NULL |           118 | 2017-05-11     | 2017-05-21  |
|        33 |        NULL |           120 | 2017-05-12     | 2017-05-19  |
|        34 |        NULL |           156 | 2017-05-13     | 2017-05-19  |
|        35 |        NULL |           174 | 2017-05-14     | 2017-05-15  |
|        36 |        NULL |           156 | 2017-05-15     | 2017-05-19  |
|        37 |        NULL |           397 | 2017-05-16     | 2017-05-26  |
|        38 |        NULL |           314 | 2017-05-17     | 2017-05-18  |
|        39 |        NULL |           385 | 2017-05-18     | 2017-05-24  |
|        40 |        NULL |           356 | 2017-05-19     | 2017-05-26  |
|        41 |        NULL |           317 | 2017-05-20     | 2017-05-28  |
|        42 |        NULL |           305 | 2017-05-21     | 2017-05-29  |
|        43 |        NULL |           363 | 2017-05-22     | 2017-05-26  |
|        44 |        NULL |           346 | 2017-05-23     | 2017-06-02  |
|        45 |        NULL |           396 | 2017-05-24     | 2017-05-31  |
|        46 |        NULL |           376 | 2017-05-25     | 2017-06-03  |
|        47 |        NULL |           353 | 2017-05-26     | 2017-05-27  |
|        48 |        NULL |           342 | 2017-05-27     | 2017-06-06  |
|        49 |        NULL |           382 | 2017-05-28     | 2017-05-29  |
|        50 |        NULL |           346 | 2017-05-29     | 2017-05-30  |
|        51 |        NULL |           349 | 2017-05-30     | 2017-06-02  |
|        52 |        NULL |           381 | 2017-05-31     | 2017-06-08  |
|        53 |        NULL |           383 | 2017-06-01     | 2017-06-11  |
|        54 |        NULL |           339 | 2017-06-02     | 2017-06-07  |
|        55 |        NULL |           326 | 2017-06-03     | 2017-06-09  |
|        56 |        NULL |           391 | 2017-06-04     | 2017-06-12  |
|        57 |        NULL |           377 | 2017-06-05     | 2017-06-13  |
|        58 |        NULL |           323 | 2017-06-06     | 2017-06-13  |
+-----------+-------------+---------------+----------------+-------------+
58 rows in set (0.0008 sec)
 MySQL  localhost:3306 ssl  hospital_examen  SQL > load data infile 'C:\\EMPLEADOS.csv' into table empleados fields terminated by ',' optionally enclosed by '"' ignore 1 rows (nombre, apellido_pat, apellido_mat, titulo, fecha_nacimiento, otros);
Query OK, 30 rows affected (0.1626 sec)

Records: 30  Deleted: 0  Skipped: 0  Warnings: 0
 MySQL  localhost:3306 ssl  hospital_examen  SQL > select * from empleados;
+--------------+-----------+--------------+--------------+--------------------+------------------+-------+--------------------------+
| empleados_id | nombre    | apellido_pat | apellido_mat | titulo             | fecha_nacimiento | otros | registro_por_empleado_id |
+--------------+-----------+--------------+--------------+--------------------+------------------+-------+--------------------------+
     |                     NULL |pine     | McAlpine     | Senior Engineer    | 1953-09-19       |
     |                     NULL |ingsley  | Billingsley  | Staff              | 1961-10-15       |
     |                     NULL |er       | Herber       | Senior Engineer    | 1962-10-19       |
     |                     NULL |         | Peyn         | Engineer           | 1961-11-02       |
     |                     NULL |hardt    | Leonhardt    | Senior Engineer    | 1952-08-06       |
     |                     NULL |ch       | Jansch       | Senior Staff       | 1959-04-07       |
     |                     NULL |h        | Awdeh        | Staff              | 1963-04-14       |
     |                     NULL |sler     | Schusler     | Senior Engineer    | 1952-11-13       |
     |                     NULL |enow     | Stavenow     | Senior Staff       | 1953-01-07       |
     |                     NULL |tka      | Brattka      | Staff              | 1962-11-26       |
     |                     NULL |man      | Bierman      | Assistant Engineer | 1960-09-06       |
     |                     NULL |gliano   | Garigliano   | Assistant Engineer | 1955-08-20       |
     |                     NULL |er       | Lipner       | Engineer           | 1958-01-21       |
     |                     NULL |u        | Sidou        | Senior Engineer    | 1952-05-15       |
     |                     NULL |urg      | McClurg      | Engineer           | 1954-02-23       |
     |                     NULL |atsky    | Bernatsky    | Staff              | 1955-08-28       |
     |                     NULL |nsky     | Dolinsky     | Engineer           | 1960-03-09       |
     |                     NULL |mann     | Ritzmann     | Senior Engineer    | 1952-06-13       |
     |                     NULL |a        | Azuma        | Senior Staff       | 1964-04-18       |
     |                     NULL |adori    | Mondadori    | Engineer           | 1959-12-25       |
     |                     NULL |         | Gils         | Senior Staff       | 1961-10-05       |
     |                     NULL |         | Baek         | Staff              | 1957-12-03       |
     |                     NULL |n        | Rosen        | Senior Staff       | 1960-12-17       |
     |                     NULL |z        | Lortz        | Staff              | 1963-09-09       |
     |                     NULL |ler      | Zockler      | Engineer           | 1959-07-23       |
     |                     NULL |oufi     | Kalloufi     | Senior Engineer    | 1960-05-25       |
     |                     NULL |barba    | Malabarba    | Staff              | 1962-11-07       |
     |                     NULL |e        | Foote        | Engineer           | 1962-11-19       |
     |                     NULL |nio      | Eugenio      | Technique Leader   | 1959-07-23       |
     |                     NULL |ycki     | Syrzycki     | Engineer           | 1954-02-25       |
+--------------+-----------+--------------+--------------+--------------------+------------------+-------+--------------------------+
30 rows in set (0.0007 sec)
 MySQL  localhost:3306 ssl  hospital_examen  SQL > load data infile 'C:\\EMPLEADOS.csv' into table empleados fields terminated by ',' optionally enclosed by '"' ignore 1 lines (nombre, apellido_pat, apellido_mat, titulo, fecha_nacimiento, otros);
Query OK, 30 rows affected (0.0962 sec)

Records: 30  Deleted: 0  Skipped: 0  Warnings: 0
 MySQL  localhost:3306 ssl  hospital_examen  SQL > select * from empleados;
+--------------+-----------+--------------+--------------+--------------------+------------------+-------+--------------------------+
| empleados_id | nombre    | apellido_pat | apellido_mat | titulo             | fecha_nacimiento | otros | registro_por_empleado_id |
+--------------+-----------+--------------+--------------+--------------------+------------------+-------+--------------------------+
     |                     NULL |pine     | McAlpine     | Senior Engineer    | 1953-09-19       |
     |                     NULL |ingsley  | Billingsley  | Staff              | 1961-10-15       |
     |                     NULL |er       | Herber       | Senior Engineer    | 1962-10-19       |
     |                     NULL |         | Peyn         | Engineer           | 1961-11-02       |
     |                     NULL |hardt    | Leonhardt    | Senior Engineer    | 1952-08-06       |
     |                     NULL |ch       | Jansch       | Senior Staff       | 1959-04-07       |
     |                     NULL |h        | Awdeh        | Staff              | 1963-04-14       |
     |                     NULL |sler     | Schusler     | Senior Engineer    | 1952-11-13       |
     |                     NULL |enow     | Stavenow     | Senior Staff       | 1953-01-07       |
     |                     NULL |tka      | Brattka      | Staff              | 1962-11-26       |
     |                     NULL |man      | Bierman      | Assistant Engineer | 1960-09-06       |
     |                     NULL |gliano   | Garigliano   | Assistant Engineer | 1955-08-20       |
     |                     NULL |er       | Lipner       | Engineer           | 1958-01-21       |
     |                     NULL |u        | Sidou        | Senior Engineer    | 1952-05-15       |
     |                     NULL |urg      | McClurg      | Engineer           | 1954-02-23       |
     |                     NULL |atsky    | Bernatsky    | Staff              | 1955-08-28       |
     |                     NULL |nsky     | Dolinsky     | Engineer           | 1960-03-09       |
     |                     NULL |mann     | Ritzmann     | Senior Engineer    | 1952-06-13       |
     |                     NULL |a        | Azuma        | Senior Staff       | 1964-04-18       |
     |                     NULL |adori    | Mondadori    | Engineer           | 1959-12-25       |
     |                     NULL |         | Gils         | Senior Staff       | 1961-10-05       |
     |                     NULL |         | Baek         | Staff              | 1957-12-03       |
     |                     NULL |n        | Rosen        | Senior Staff       | 1960-12-17       |
     |                     NULL |z        | Lortz        | Staff              | 1963-09-09       |
     |                     NULL |ler      | Zockler      | Engineer           | 1959-07-23       |
     |                     NULL |oufi     | Kalloufi     | Senior Engineer    | 1960-05-25       |
     |                     NULL |barba    | Malabarba    | Staff              | 1962-11-07       |
     |                     NULL |e        | Foote        | Engineer           | 1962-11-19       |
     |                     NULL |nio      | Eugenio      | Technique Leader   | 1959-07-23       |
     |                     NULL |ycki     | Syrzycki     | Engineer           | 1954-02-25       |
     |                     NULL |pine     | McAlpine     | Senior Engineer    | 1953-09-19       |
     |                     NULL |ingsley  | Billingsley  | Staff              | 1961-10-15       |
     |                     NULL |er       | Herber       | Senior Engineer    | 1962-10-19       |
     |                     NULL |         | Peyn         | Engineer           | 1961-11-02       |
     |                     NULL |hardt    | Leonhardt    | Senior Engineer    | 1952-08-06       |
     |                     NULL |ch       | Jansch       | Senior Staff       | 1959-04-07       |
     |                     NULL |h        | Awdeh        | Staff              | 1963-04-14       |
     |                     NULL |sler     | Schusler     | Senior Engineer    | 1952-11-13       |
     |                     NULL |enow     | Stavenow     | Senior Staff       | 1953-01-07       |
     |                     NULL |tka      | Brattka      | Staff              | 1962-11-26       |
     |                     NULL |man      | Bierman      | Assistant Engineer | 1960-09-06       |
     |                     NULL |gliano   | Garigliano   | Assistant Engineer | 1955-08-20       |
     |                     NULL |er       | Lipner       | Engineer           | 1958-01-21       |
     |                     NULL |u        | Sidou        | Senior Engineer    | 1952-05-15       |
     |                     NULL |urg      | McClurg      | Engineer           | 1954-02-23       |
     |                     NULL |atsky    | Bernatsky    | Staff              | 1955-08-28       |
     |                     NULL |nsky     | Dolinsky     | Engineer           | 1960-03-09       |
     |                     NULL |mann     | Ritzmann     | Senior Engineer    | 1952-06-13       |
     |                     NULL |a        | Azuma        | Senior Staff       | 1964-04-18       |
     |                     NULL |adori    | Mondadori    | Engineer           | 1959-12-25       |
     |                     NULL |         | Gils         | Senior Staff       | 1961-10-05       |
     |                     NULL |         | Baek         | Staff              | 1957-12-03       |
     |                     NULL |n        | Rosen        | Senior Staff       | 1960-12-17       |
     |                     NULL |z        | Lortz        | Staff              | 1963-09-09       |
     |                     NULL |ler      | Zockler      | Engineer           | 1959-07-23       |
     |                     NULL |oufi     | Kalloufi     | Senior Engineer    | 1960-05-25       |
     |                     NULL |barba    | Malabarba    | Staff              | 1962-11-07       |
     |                     NULL |e        | Foote        | Engineer           | 1962-11-19       |
     |                     NULL |nio      | Eugenio      | Technique Leader   | 1959-07-23       |
     |                     NULL |ycki     | Syrzycki     | Engineer           | 1954-02-25       |
+--------------+-----------+--------------+--------------+--------------------+------------------+-------+--------------------------+
60 rows in set (0.0008 sec)
 MySQL  localhost:3306 ssl  hospital_examen  SQL > delete from empleados;
Query OK, 60 rows affected (0.1889 sec)
 MySQL  localhost:3306 ssl  hospital_examen  SQL > select * from empleados;
Empty set (0.0006 sec)
 MySQL  localhost:3306 ssl  hospital_examen  SQL > load data infile 'C:\\EMPLEADOS.csv' into table empleados fields terminated by ',' optionally enclosed by '"' ignore 1 lines (nombre, apellido_pat, apellido_mat, titulo, fecha_nacimiento, otros);
Query OK, 30 rows affected (0.0495 sec)

Records: 30  Deleted: 0  Skipped: 0  Warnings: 0
 MySQL  localhost:3306 ssl  hospital_examen  SQL > select * from empleados;
+--------------+-----------+--------------+--------------+--------------------+------------------+-------+--------------------------+
| empleados_id | nombre    | apellido_pat | apellido_mat | titulo             | fecha_nacimiento | otros | registro_por_empleado_id |
+--------------+-----------+--------------+--------------+--------------------+------------------+-------+--------------------------+
     |                     NULL |pine     | McAlpine     | Senior Engineer    | 1953-09-19       |
     |                     NULL |ingsley  | Billingsley  | Staff              | 1961-10-15       |
     |                     NULL |er       | Herber       | Senior Engineer    | 1962-10-19       |
     |                     NULL |         | Peyn         | Engineer           | 1961-11-02       |
     |                     NULL |hardt    | Leonhardt    | Senior Engineer    | 1952-08-06       |
     |                     NULL |ch       | Jansch       | Senior Staff       | 1959-04-07       |
     |                     NULL |h        | Awdeh        | Staff              | 1963-04-14       |
     |                     NULL |sler     | Schusler     | Senior Engineer    | 1952-11-13       |
     |                     NULL |enow     | Stavenow     | Senior Staff       | 1953-01-07       |
     |                     NULL |tka      | Brattka      | Staff              | 1962-11-26       |
     |                     NULL |man      | Bierman      | Assistant Engineer | 1960-09-06       |
     |                     NULL |gliano   | Garigliano   | Assistant Engineer | 1955-08-20       |
     |                     NULL |er       | Lipner       | Engineer           | 1958-01-21       |
     |                     NULL |u        | Sidou        | Senior Engineer    | 1952-05-15       |
     |                     NULL |urg      | McClurg      | Engineer           | 1954-02-23       |
     |                     NULL |atsky    | Bernatsky    | Staff              | 1955-08-28       |
     |                     NULL |nsky     | Dolinsky     | Engineer           | 1960-03-09       |
     |                     NULL |mann     | Ritzmann     | Senior Engineer    | 1952-06-13       |
     |                     NULL |a        | Azuma        | Senior Staff       | 1964-04-18       |
     |                     NULL |adori    | Mondadori    | Engineer           | 1959-12-25       |
     |                     NULL |         | Gils         | Senior Staff       | 1961-10-05       |
     |                     NULL |         | Baek         | Staff              | 1957-12-03       |
     |                     NULL |n        | Rosen        | Senior Staff       | 1960-12-17       |
     |                     NULL |z        | Lortz        | Staff              | 1963-09-09       |
     |                     NULL |ler      | Zockler      | Engineer           | 1959-07-23       |
     |                     NULL |oufi     | Kalloufi     | Senior Engineer    | 1960-05-25       |
     |                     NULL |barba    | Malabarba    | Staff              | 1962-11-07       |
     |                     NULL |e        | Foote        | Engineer           | 1962-11-19       |
     |                     NULL |nio      | Eugenio      | Technique Leader   | 1959-07-23       |
     |                     NULL |ycki     | Syrzycki     | Engineer           | 1954-02-25       |
+--------------+-----------+--------------+--------------+--------------------+------------------+-------+--------------------------+
30 rows in set (0.0007 sec)
 MySQL  localhost:3306 ssl  hospital_examen  SQL > delete from empleados;
Query OK, 30 rows affected (0.3687 sec)
 MySQL  localhost:3306 ssl  hospital_examen  SQL > load data infile 'C:\\EMPLEADOS.csv' into table empleados fields terminated by ',' optionally enclosed by '"' ignore 1 rows (nombre, apellido_pat, apellido_mat, titulo, fecha_nacimiento, otros);
ERROR: 1292 (22007): Incorrect date value: 'Senior Engineer' for column 'fecha_nacimiento' at row 1
 MySQL  localhost:3306 ssl  hospital_examen  SQL > desc empleados;
+--------------------------+-------------+------+-----+---------+----------------+
| Field                    | Type        | Null | Key | Default | Extra          |
+--------------------------+-------------+------+-----+---------+----------------+
| empleados_id             | int         | NO   | PRI | NULL    | auto_increment |
| nombre                   | varchar(45) | NO   |     | NULL    |                |
| apellido_pat             | varchar(45) | NO   |     | NULL    |                |
| apellido_mat             | varchar(45) | NO   |     | NULL    |                |
| titulo                   | varchar(45) | YES  |     | NULL    |                |
| fecha_nacimiento         | date        | NO   |     | NULL    |                |
| otros                    | varchar(45) | YES  |     | NULL    |                |
| registro_por_empleado_id | int         | YES  |     | NULL    |                |
+--------------------------+-------------+------+-----+---------+----------------+
8 rows in set (0.0022 sec)
 MySQL  localhost:3306 ssl  hospital_examen  SQL > load data infile 'C:\\EMPLEADOS.csv' into table empleados fields terminated by ',' optionally enclosed by '"' ignore 1 rows (nombre, apellido_pat, apellido_mat, titulo, fecha_nacimiento, otros, registros_por_empleado_id);
ERROR: 1054 (42S22): Unknown column 'registros_por_empleado_id' in 'field list'
 MySQL  localhost:3306 ssl  hospital_examen  SQL > load data infile 'C:\\EMPLEADOS.csv' into table empleados fields terminated by ',' optionally enclosed by '"' ignore 1 rows (nombre, apellido_pat, apellido_mat, titulo, fecha_nacimiento, otros, registros_por_empleado_id);
ERROR: 1054 (42S22): Unknown column 'registros_por_empleado_id' in 'field list'
 MySQL  localhost:3306 ssl  hospital_examen  SQL > load data infile 'C:\\EMPLEADOS.csv' into table empleados fields terminated by ',' optionally enclosed by '"' ignore 1 rows (nombre, apellido_pat, apellido_mat, titulo, fecha_nacimiento, otros, registros_por_empleado_id);
ERROR: 1054 (42S22): Unknown column 'registros_por_empleado_id' in 'field list'
 MySQL  localhost:3306 ssl  hospital_examen  SQL > load data infile 'C:\\EMPLEADOS.csv' into table empleados fields terminated by ',' optionally enclosed by '"' ignore 1 rows (nombre, apellido_pat, apellido_mat, titulo, fecha_nacimiento, otros, registro_por_empleado_id);
' for column 'registro_por_empleado_id' at row 1lejandro
 MySQL  localhost:3306 ssl  hospital_examen  SQL > load data infile 'C:\\EMPLEADOS.csv' into table empleados fields terminated by ',' optionally enclosed by '"' ignore 1 rows (nombre, apellido_pat, apellido_mat, titulo, fecha_nacimiento, otros, registro_por_empleado_id);
ERROR: 1261 (01000): Row 1 doesn't contain data for all columns
 MySQL  localhost:3306 ssl  hospital_examen  SQL > load data infile 'C:\\EMPLEADOS.csv' into table empleados fields terminated by ',' optionally enclosed by '"' ignore 1 rows (nombre, apellido_pat, apellido_mat, titulo, fecha_nacimiento, otros);
Query OK, 30 rows affected (0.1277 sec)

Records: 30  Deleted: 0  Skipped: 0  Warnings: 0
 MySQL  localhost:3306 ssl  hospital_examen  SQL > select * from empleados;
+--------------+-----------+--------------+--------------+--------------------+------------------+-------+--------------------------+
| empleados_id | nombre    | apellido_pat | apellido_mat | titulo             | fecha_nacimiento | otros | registro_por_empleado_id |
+--------------+-----------+--------------+--------------+--------------------+------------------+-------+--------------------------+
     |                     NULL |pine     | McAlpine     | Senior Engineer    | 1953-09-19       |
     |                     NULL |ingsley  | Billingsley  | Staff              | 1961-10-15       |
     |                     NULL |er       | Herber       | Senior Engineer    | 1962-10-19       |
     |                     NULL |         | Peyn         | Engineer           | 1961-11-02       |
     |                     NULL |hardt    | Leonhardt    | Senior Engineer    | 1952-08-06       |
     |                     NULL |ch       | Jansch       | Senior Staff       | 1959-04-07       |
     |                     NULL |h        | Awdeh        | Staff              | 1963-04-14       |
     |                     NULL |sler     | Schusler     | Senior Engineer    | 1952-11-13       |
     |                     NULL |enow     | Stavenow     | Senior Staff       | 1953-01-07       |
     |                     NULL |tka      | Brattka      | Staff              | 1962-11-26       |
     |                     NULL |man      | Bierman      | Assistant Engineer | 1960-09-06       |
     |                     NULL |gliano   | Garigliano   | Assistant Engineer | 1955-08-20       |
     |                     NULL |er       | Lipner       | Engineer           | 1958-01-21       |
     |                     NULL |u        | Sidou        | Senior Engineer    | 1952-05-15       |
     |                     NULL |urg      | McClurg      | Engineer           | 1954-02-23       |
     |                     NULL |atsky    | Bernatsky    | Staff              | 1955-08-28       |
     |                     NULL |nsky     | Dolinsky     | Engineer           | 1960-03-09       |
     |                     NULL |mann     | Ritzmann     | Senior Engineer    | 1952-06-13       |
     |                     NULL |a        | Azuma        | Senior Staff       | 1964-04-18       |
     |                     NULL |adori    | Mondadori    | Engineer           | 1959-12-25       |
     |                     NULL |         | Gils         | Senior Staff       | 1961-10-05       |
     |                     NULL |         | Baek         | Staff              | 1957-12-03       |
     |                     NULL |n        | Rosen        | Senior Staff       | 1960-12-17       |
     |                     NULL |z        | Lortz        | Staff              | 1963-09-09       |
     |                     NULL |ler      | Zockler      | Engineer           | 1959-07-23       |
     |                     NULL |oufi     | Kalloufi     | Senior Engineer    | 1960-05-25       |
     |                     NULL |barba    | Malabarba    | Staff              | 1962-11-07       |
     |                     NULL |e        | Foote        | Engineer           | 1962-11-19       |
     |                     NULL |nio      | Eugenio      | Technique Leader   | 1959-07-23       |
     |                     NULL |ycki     | Syrzycki     | Engineer           | 1954-02-25       |
+--------------+-----------+--------------+--------------+--------------------+------------------+-------+--------------------------+
30 rows in set (0.0007 sec)
 MySQL  localhost:3306 ssl  hospital_examen  SQL > load data infile 'C:\\REGISTROP.csv' into table registro_pacientes fields terminated by ',' optionally enclosed by '"' ignore 1 rows (fecha_admision, condicion, otros);
ERROR: 1054 (42S22): Unknown column 'condicion' in 'field list'
 MySQL  localhost:3306 ssl  hospital_examen  SQL > desc registro_pacientes;
+--------------------------+-------------+------+-----+---------+----------------+
| Field                    | Type        | Null | Key | Default | Extra          |
+--------------------------+-------------+------+-----+---------+----------------+
| registro_paciente_id     | int         | NO   | PRI | NULL    | auto_increment |
| paciente_id              | int         | YES  | MUL | NULL    |                |
| cuentas_pacientes_id     | int         | YES  | MUL | NULL    |                |
| registro_por_empleado_id | int         | YES  | MUL | NULL    |                |
| fecha_admision           | date        | NO   |     | NULL    |                |
| condicion_medica         | varchar(60) | NO   |     | NULL    |                |
| otros                    | varchar(45) | YES  |     | NULL    |                |
+--------------------------+-------------+------+-----+---------+----------------+
7 rows in set (0.0022 sec)
 MySQL  localhost:3306 ssl  hospital_examen  SQL > load data infile 'C:\\REGISTROP.csv' into table registro_pacientes fields terminated by ',' optionally enclosed by '"' ignore 1 rows (fecha_admision, condicion_medica, otros);
ERROR: 1292 (22007): Incorrect date value: '08/04/2017' for column 'fecha_admision' at row 1
 MySQL  localhost:3306 ssl  hospital_examen  SQL > load data infile 'C:\\REGISTROP.csv' into table registro_pacientes fields terminated by ',' optionally enclosed by '"' ignore 1 rows (fecha_admision, condicion_medica, otros);
ERROR: 1406 (22001): Data too long for column 'condicion_medica' at row 28
 MySQL  localhost:3306 ssl  hospital_examen  SQL > ALTER TABLE tu_tabla MODIFY COLUMN condicion_medica VARCHAR(255);
ERROR: 1146 (42S02): Table 'hospital_examen.tu_tabla' doesn't exist
 MySQL  localhost:3306 ssl  hospital_examen  SQL > ALTER TABLE registro_pacientes MODIFY COLUMN condicion_medica VARCHAR(255);
Query OK, 0 rows affected (2.1221 sec)

Records: 0  Duplicates: 0  Warnings: 0
 MySQL  localhost:3306 ssl  hospital_examen  SQL > load data infile 'C:\\REGISTROP.csv' into table registro_pacientes fields terminated by ',' optionally enclosed by '"' ignore 1 rows (fecha_admision, condicion_medica, otros);
Query OK, 58 rows affected (0.1306 sec)

Records: 58  Deleted: 0  Skipped: 0  Warnings: 0
 MySQL  localhost:3306 ssl  hospital_examen  SQL > select * from registro_pacientes;
+----------------------+-------------+----------------------+--------------------------+----------------+-------------------------------------------------------------------------------------------+-------+
| registro_paciente_id | paciente_id | cuentas_pacientes_id | registro_por_empleado_id | fecha_admision | condicion_medica                                                                          | otros |
+----------------------+-------------+----------------------+--------------------------+----------------+-------------------------------------------------------------------------------------------+-------+
|                   32 |        NULL |                 NULL |                     NULL | 2017-04-08     | Abdominal Aort     |urysm                                                                 |
|                   33 |        NULL |                 NULL |                     NULL | 2017-04-09     | Abdominal Cram     |at Cramps)                                                            |
|                   34 |        NULL |                 NULL |                     NULL | 2017-04-10     | Abdominal Hern     |rnia Overview)                                                        |
|                   35 |        NULL |                 NULL |                     NULL | 2017-04-12     | Bacterial Vagi     |(Causes, Symptoms, Treatment)                                         |
|                   36 |        NULL |                 NULL |                     NULL | 2017-04-12     | Bad Breath         |                                                                      |
|                   37 |        NULL |                 NULL |                     NULL | 2017-04-14     | Bad Cholestero     | (Cholesterol Test)                                                   |
|                   38 |        NULL |                 NULL |                     NULL | 2017-04-15     | Baker Cyst         |                                                                      |
|                   39 |        NULL |                 NULL |                     NULL | 2017-04-15     | Farting (Intes     |Gas (Belching, Bloating, Flatulence))                                 |
|                   40 |        NULL |                 NULL |                     NULL | 2017-04-16     | Fast Heart Bea     |pitations Overview)                                                   |
|                   41 |        NULL |                 NULL |                     NULL | 2017-04-17     | Fatigue            |                                                                      |
|                   42 |        NULL |                 NULL |                     NULL | 2017-04-18     | Fatigue From C     |(Cancer Fatigue                                                       |
|                   43 |        NULL |                 NULL |                     NULL | 2017-04-19     | Lambliasis (Gi     |Lamblia)                                                              |
|                   44 |        NULL |                 NULL |                     NULL | 2017-04-20     | Lambliosis (Gi     |Lamblia)                                                              |
|                   45 |        NULL |                 NULL |                     NULL | 2017-04-22     | Landau-Kleffne     |rome                                                                  |
|                   46 |        NULL |                 NULL |                     NULL | 2017-04-22     | Lap Band Surge     |stric Banding)                                                        |
|                   47 |        NULL |                 NULL |                     NULL | 2017-04-24     | Laparoscopic L     |iopsy (Liver Biopsy)                                                  |
|                   48 |        NULL |                 NULL |                     NULL | 2017-04-24     | Omega-3 Fatty      |                                                                      |
|                   49 |        NULL |                 NULL |                     NULL | 2017-04-25     | Onchocerciasis     |                                                                      |
|                   50 |        NULL |                 NULL |                     NULL | 2017-04-27     | Onychocryptosi     |rown Toenail)                                                         |
|                   51 |        NULL |                 NULL |                     NULL | 2017-04-28     | Scarlatina)        |                                                                      |
|                   52 |        NULL |                 NULL |                     NULL | 2017-04-28     | Scars
     |                                                                      |
|                   53 |        NULL |                 NULL |                     NULL | 2017-04-30     | Schatzki Ring      |                                                                      |
|                   54 |        NULL |                 NULL |                     NULL | 2017-05-01     | Scheuermann's      |is (Kyphosis)                                                         |
|                   55 |        NULL |                 NULL |                     NULL | 2017-05-01     | Schistosoma gu     |is (Schistosomiasis)                                                  |
|                   56 |        NULL |                 NULL |                     NULL | 2017-05-02     | Schistosoma ha     |ium (Schistosomiasis)                                                 |
|                   57 |        NULL |                 NULL |                     NULL | 2017-05-04     | Schistosoma ja     |m (Schistosomiasis)                                                   |
|                   58 |        NULL |                 NULL |                     NULL | 2017-05-04     | Tachycardia (H     |hythm Disorders)                                                      |
|                   59 |        NULL |                 NULL |                     NULL | 2017-05-06     | Tachycardia, P     |mal Atrial (Paroxysmal Supraventricular Tachycardia (PSVT))           |
|                   60 |        NULL |                 NULL |                     NULL | 2017-05-07     | Tachycardia, P     |mal Supraventricular (Paroxysmal Supraventricular Tachycardia (PSVT)) |
|                   61 |        NULL |                 NULL |                     NULL | 2017-05-07     | Tailbone Pain      |dynia)                                                                |
|                   62 |        NULL |                 NULL |                     NULL | 2017-05-09     | Tailor's Bunio     |ions)                                                                 |
|                   63 |        NULL |                 NULL |                     NULL | 2017-05-10     | Takayasu Arter     |Takayasu Disease)                                                     |
|                   64 |        NULL |                 NULL |                     NULL | 2017-05-10     | Takayasu Disea     |                                                                      |
|                   65 |        NULL |                 NULL |                     NULL | 2017-05-11     | Taking Dental      |tions                                                                 |
|                   66 |        NULL |                 NULL |                     NULL | 2017-05-13     | Tarry Stools (     |Color Changes)                                                        |
|                   67 |        NULL |                 NULL |                     NULL | 2017-05-14     | Abdominal Aort     |urysm                                                                 |
|                   68 |        NULL |                 NULL |                     NULL | 2017-05-14     | Abdominal Cram     |at Cramps)                                                            |
|                   69 |        NULL |                 NULL |                     NULL | 2017-05-15     | Abdominal Hern     |rnia Overview)                                                        |
|                   70 |        NULL |                 NULL |                     NULL | 2017-05-16     | Bacterial Vagi     |(Causes, Symptoms, Treatment)                                         |
|                   71 |        NULL |                 NULL |                     NULL | 2017-05-18     | Bad Breath
     |                                                                      |
|                   72 |        NULL |                 NULL |                     NULL | 2017-05-18     | Bad Cholestero     | (Cholesterol Test)                                                   |
|                   73 |        NULL |                 NULL |                     NULL | 2017-05-20     | Baker Cyst         |                                                                      |
|                   74 |        NULL |                 NULL |                     NULL | 2017-05-21     | Farting (Intes     |Gas (Belching, Bloating, Flatulence))                                 |
|                   75 |        NULL |                 NULL |                     NULL | 2017-05-22     | Fast Heart Bea     |pitations Overview)                                                   |
|                   76 |        NULL |                 NULL |                     NULL | 2017-05-23     | Fatigue            |                                                                      |
|                   77 |        NULL |                 NULL |                     NULL | 2017-05-23     | Fatigue From C     |(Cancer Fatigue                                                       |
|                   78 |        NULL |                 NULL |                     NULL | 2017-05-25     | Lambliasis (Gi     |Lamblia)                                                              |
|                   79 |        NULL |                 NULL |                     NULL | 2017-05-25     | Lambliosis (Gi     |Lamblia)                                                              |
|                   80 |        NULL |                 NULL |                     NULL | 2017-05-27     | Landau-Kleffne     |rome                                                                  |
|                   81 |        NULL |                 NULL |                     NULL | 2017-05-28     | Lap Band Surge     |stric Banding)                                                        |
|                   82 |        NULL |                 NULL |                     NULL | 2017-05-29     | Laparoscopic L     |iopsy (Liver Biopsy)                                                  |
|                   83 |        NULL |                 NULL |                     NULL | 2017-05-29     | Omega-3 Fatty      |                                                                      |
|                   84 |        NULL |                 NULL |                     NULL | 2017-05-31     | Onchocerciasis     |                                                                      |
|                   85 |        NULL |                 NULL |                     NULL | 2017-05-31     | Onychocryptosi     |rown Toenail)                                                         |
|                   86 |        NULL |                 NULL |                     NULL | 2017-06-01     | Scarlatina)        |                                                                      |
|                   87 |        NULL |                 NULL |                     NULL | 2017-06-02     | Scars
     |                                                                      |
|                   88 |        NULL |                 NULL |                     NULL | 2017-06-04     | Schatzki Ring      |                                                                      |
|                   89 |        NULL |                 NULL |                     NULL | 2017-06-05     | Scheuermann's      |is (Kyphosis)                                                         |
+----------------------+-------------+----------------------+--------------------------+----------------+-------------------------------------------------------------------------------------------+-------+
58 rows in set (0.0008 sec)
 MySQL  localhost:3306 ssl  hospital_examen  SQL > desc direcciones;
+-----------------+-------------+------+-----+---------+----------------+
| Field           | Type        | Null | Key | Default | Extra          |
+-----------------+-------------+------+-----+---------+----------------+
| direccion_id    | int         | NO   | PRI | NULL    | auto_increment |
| calle           | varchar(45) | NO   |     | NULL    |                |
| numero_exterior | int         | NO   |     | NULL    |                |
| numero_interior | int         | YES  |     | NULL    |                |
| colonia         | varchar(45) | NO   |     | NULL    |                |
| codigo_postal   | varchar(20) | NO   |     | NULL    |                |
| ciudad          | varchar(45) | NO   |     | NULL    |                |
| estado          | varchar(45) | NO   |     | NULL    |                |
| pais            | varchar(45) | NO   |     | NULL    |                |
| otros           | varchar(45) | NO   |     | NULL    |                |
+-----------------+-------------+------+-----+---------+----------------+
10 rows in set (0.0029 sec)
 MySQL  localhost:3306 ssl  hospital_examen  SQL > load data infile 'C:\\DIRECCIONES.csv' into table direcciones fields terminated by ',' optionally enclosed by '"' ignore 1 rows (calle, numero_exterior, numero_interior, colonia, codigo_postal, ciudad, estado, pais, otros);
ERROR: 1265 (01000): Data truncated for column 'numero_exterior' at row 1
 MySQL  localhost:3306 ssl  hospital_examen  SQL > ALTER TABLE direcciones MODIFY COLUMN numero_exterior BIGINT;
Query OK, 0 rows affected (1.8221 sec)

Records: 0  Duplicates: 0  Warnings: 0
 MySQL  localhost:3306 ssl  hospital_examen  SQL > load data infile 'C:\\DIRECCIONES.csv' into table direcciones fields terminated by ',' optionally enclosed by '"' ignore 1 rows (calle, numero_exterior, numero_interior, colonia, codigo_postal, ciudad, estado, pais, otros);
ERROR: 1265 (01000): Data truncated for column 'numero_exterior' at row 1
 MySQL  localhost:3306 ssl  hospital_examen  SQL > load data infile 'C:\\DIRECCIONES.csv' into table direcciones fields terminated by ',' optionally enclosed by '"' ignore 1 rows (calle, numero_exterior, numero_interior, colonia, codigo_postal, ciudad, estado, pais, otros);
ERROR: 1265 (01000): Data truncated for column 'numero_exterior' at row 1
 MySQL  localhost:3306 ssl  hospital_examen  SQL > load data infile 'C:\\DIRECCIONES.csv' into table direcciones fields terminated by ',' optionally enclosed by '"' ignore 1 rows (calle, numero_exterior, numero_interior, colonia, codigo_postal, ciudad, estado, pais, otros);
ERROR: 1265 (01000): Data truncated for column 'numero_exterior' at row 1
 MySQL  localhost:3306 ssl  hospital_examen  SQL > INSERT INTO direcciones (numero_exterior) VALUES ('valor_acortado');
ERROR: 1366 (HY000): Incorrect integer value: 'valor_acortado' for column 'numero_exterior' at row 1
 MySQL  localhost:3306 ssl  hospital_examen  SQL > INSERT INTO direcciones (numero_exterior) VALUES (1234);
ERROR: 1364 (HY000): Field 'calle' doesn't have a default value
 MySQL  localhost:3306 ssl  hospital_examen  SQL > load data infile 'C:\\DIRECCIONES.csv' into table direcciones fields terminated by ',' optionally enclosed by '"' ignore 1 rows (calle, numero_exterior, numero_interior, colonia, codigo_postal, ciudad, estado, pais, otros);
ERROR: 1366 (HY000): Incorrect integer value: '' for column 'numero_interior' at row 1
 MySQL  localhost:3306 ssl  hospital_examen  SQL > ALTER TABLE direcciones MODIFY COLUMN numero_interior INT NULL;
Query OK, 0 rows affected (0.2135 sec)

Records: 0  Duplicates: 0  Warnings: 0
 MySQL  localhost:3306 ssl  hospital_examen  SQL > load data infile 'C:\\DIRECCIONES.csv' into table direcciones fields terminated by ',' optionally enclosed by '"' ignore 1 rows (calle, numero_exterior, numero_interior, colonia, codigo_postal, ciudad, estado, pais, otros);
ERROR: 1366 (HY000): Incorrect integer value: '' for column 'numero_interior' at row 1
 MySQL  localhost:3306 ssl  hospital_examen  SQL > INSERT INTO direcciones (numero_interior) VALUES (0);
ERROR: 1364 (HY000): Field 'calle' doesn't have a default value
 MySQL  localhost:3306 ssl  hospital_examen  SQL > load data infile 'C:\\DIRECCIONES.csv' into table direcciones fields terminated by ',' optionally enclosed by '"' ignore 1 rows (calle, numero_exterior, numero_interior, colonia, codigo_postal, ciudad, estado, pais, otros);
Query OK, 91 rows affected (0.1751 sec)

Records: 91  Deleted: 0  Skipped: 0  Warnings: 0
 MySQL  localhost:3306 ssl  hospital_examen  SQL > select * from direcciones;
+--------------+-----------------------------------------------+-----------------+-----------------+---------------+---------------+-----------------+---------------+-------------+-------+
| direccion_id | calle                                         | numero_exterior | numero_interior | colonia       | codigo_postal | ciudad          | estado        | pais        | otros |
+--------------+-----------------------------------------------+-----------------+-----------------+---------------+---------------+-----------------+---------------+-------------+-------+
|            1 | 1 rue Alsace-Lorraine                         |               1 |               0 | No especifica | 406     |     | Toulouse        | No especifica | France      |
|            2 | 12 Orchestra Terrace                          |              12 |               0 | No especifica | 722     |     | Walla Walla     | WA            | USA         |
|            3 | 12, rue des Bouchers                          |              12 |               0 | No especifica | 103     |     | Marseille       | No especifica | France      |
|            4 | 120 Hanover Sq.                               |             120 |               0 | No especifica | 601     |     | London          | No especifica | UK          |
|            5 | 184, chausse de Tournai                       |             184 |               0 | No especifica | 557     |     | Lille           | No especifica | France      |
|            6 | 187 Suffolk Ln.                               |             187 |               0 | No especifica | 782     |     | Boise           | ID            | USA         |
|            7 | 1900 Oak St.                                  |            1900 |               0 | No especifica | 852     |     | Vancouver       | BC            | Canada      |
|            8 | 2, rue du Commerce                            |               2 |               0 | No especifica | 469     |     | Helsinki        | No especifica |             |
|            9 | 23 Tsawassen Blvd.                            |              23 |               0 | No especifica | 319     |     | Tsawassen       | BC            | Canada      |
|           10 | 24, place Klber                               |              24 |               0 | No especifica | 725     |     | Strasbourg      | No especifica | France      |
|           11 | 25, rue Lauriston                             |              25 |               0 | No especifica | 436     |     | Paris           | No especifica | France      |
|           12 | 265, boulevard Charonne                       |             265 |               0 | No especifica | 263     |     | Paris           | No especifica | France      |
|           13 | 2732 Baker Blvd.                              |            2732 |               0 | No especifica | 875     |     | Eugene          | OR            | USA         |
|           14 | 2743 Bering St.                               |            2743 |               0 | No especifica | 799     |     | Anchorage       | AK            | USA         |
|           15 | 2817 Milton Dr.                               |            2817 |               0 | No especifica | 851     |     | Albuquerque     | NM            | USA         |
|           16 | 305 - 14th Ave. S. Suite 3B                   |             305 |               3 | No especifica | 622     |     | Oulu            | No especifica | Finland     |
|           17 | 35 King George                                |              35 |               0 | No especifica | 132     |     | London          | No especifica | UK          |
|           18 | 43 rue St. Laurent                            |              43 |               0 | No especifica | 184     |     | Montral         | Qubec         | Canada      |
|           19 | 5 Ave. Los Palos Grandes                      |               5 |               0 | No especifica | 684     |     | Caracas         | DF            | Venezuela   |
|           20 | 54, rue Royale                                |              54 |               0 | No especifica | 631     |     | Nantes          | No especifica | France      |
|           21 | 55 Grizzly Peak Rd.                           |              55 |               0 | No especifica | 395     |     | Butte           | MT            | USA         |
|           22 | 59 rue de l'Abbaye                            |              59 |               0 | No especifica | 219     |     | Warszawa        | No especifica |             |
|           23 | 67, avenue de l'Europe                        |              67 |               0 | No especifica | 427     |     | Versailles      | No especifica | France      |
|           24 | 67, rue des Cinquante Otages                  |              67 |               0 | No especifica | 562     |     | Nantes          | No especifica | France      |
|           25 | 722 DaVinci Blvd.                             |             722 |               0 | No especifica | 131     |     | Kirkland        | WA            | USA         |
|           26 | 8 Johnstown Road                              |               8 |               0 | No especifica | 478     |     | Cork            | Co. Cork      | Ireland     |
|           27 | 87 Polk St. Suite 5                           |              87 |               0 | No especifica | 119     |     | San Francisco   | CA            | USA         |
|           28 | 89 Chiaroscuro Rd.                            |              89 |               0 | No especifica | 294     |     | Portland        | OR            | USA         |
|           29 | 89 Jefferson Way Suite 2                      |              89 |               0 | No especifica | 449     |     | Portland        | OR            | USA         |
|           30 | 90 Wadhurst Rd.                               |              90 |               0 | No especifica | 438     |     | London          | No especifica | UK          |
|           31 | Adenauerallee 900                             |             900 |               0 | No especifica | 869     |     | Lyon            | No especifica | France      |
|           32 | Alameda dos Canrios, 891                      |             891 |               0 | No especifica | 369     |     | Sao Paulo       | SP            | Brazil      |
|           33 | Av. Brasil, 442                               |             442 |               0 | No especifica | 683     |     | Campinas        | SP            | Brazil      |
|           34 | Av. Copacabana, 267                           |             267 |               0 | No especifica | 349     |     | Rio de Janeiro  | RJ            | Brazil      |
|           35 | Av. del Libertador 900                        |             900 |               0 | No especifica | 712     |     | Buenos Aires    | No especifica | Argentina   |
|           36 | Av. dos Lusadas, 23                           |              23 |               0 | No especifica | 844     |     | Sao Paulo       | SP            | Brazil      |
|           37 | Av. Ins de Castro, 414                        |             414 |               0 | No especifica | 149     |     | Sao Paulo       | SP            | Brazil      |
|           38 | Avda. Azteca 123                              |             123 |               0 | No especifica | 780     |     | Mxico D.F.      | Mxico D.F.    | Mexico      |
|           39 | Avda. de la Constitucin 2222                  |            2222 |               0 | No especifica | 717     |     | Mxico D.F.      | Mxico D.F.    | Mexico      |
|           40 | Ave. 5 de Mayo Porlamar                       |               5 |               0 | No especifica | 207     |     | I. de Margarita | Nueva Esparta | Venezuela   |
|           41 | Berguvsvgen  8                                |               8 |               0 | No especifica | 264     |     | Lule            | No especifica | Sweden      |
|           42 | Berkeley Gardens 12  Brewery                  |              12 |               0 | No especifica | 617     |     | London          | No especifica | UK          |
|           43 | Berliner Platz 43                             |              43 |               0 | No especifica | 219     |     | Mnchen          | No especifica | Germany     |
|           44 | Boulevard Tirou, 255                          |             255 |               0 | No especifica | 862     |     | Charleroi       | No especifica | Belgium     |
|           45 | C/ Araquil, 67                                |              67 |               0 | No especifica | 116     |     | Madrid          | No especifica | Spain       |
|           46 | C/ Moralzarzal, 86                            |              86 |               0 | No especifica | 775     |     | Madrid          | No especifica | Spain       |
|           47 | C/ Romero, 33                                 |              33 |               0 | No especifica | 180     |     | Sevilla         | No especifica | Spain       |
|           48 | Calle Dr. Jorge Cash 321                      |             321 |               0 | No especifica | 194     |     | Mxico D.F.      | Mxico D.F.    | Mexico      |
|           49 | Carrera 22 con Ave. Carlos Soublette #8-35    |              22 |               8 | No especifica | 501     |     | San Cristbal    | Tchira        | Venezuela   |
|           50 | Carrera 52 con Ave. Bolvar #65-98 Llano Largo |              52 |               0 | No especifica | 769     |     | Barquisimeto    | Lara          | Venezuela   |
|           51 | Cerrito 333                                   |             333 |               0 | No especifica | 417     |     | Buenos Aires    | No especifica | Argentina   |
|           52 | City Center Plaza 516 Main St.                |             516 |               0 | No especifica | 479     |     | Elgin           | OR            | USA         |
|           53 | Erling Skakkes gate 78                        |              78 |               0 | No especifica | 681     |     | Stavern         | No especifica | Norway      |
|           54 | Estrada da sade n. 58                         |              58 |               0 | No especifica | 113     |     | Lisboa          | No especifica | Portugal    |
|           55 | Fauntleroy Circus                             |             100 |               0 | No especifica | 124     |     | London          | No especifica | UK          |
|           56 | Forsterstr. 57                                |              57 |               0 | No especifica | 297     |     | Mannheim        | No especifica | Germany     |
|           57 | Garden House Crowther Way                     |               5 |               0 | No especifica | 526     |     | Cowes           | Isle of Wight | UK          |
|           58 | Geislweg 14                                   |              14 |               0 | No especifica | 344     |     | Salzburg        | No especifica | Austria     |
|           59 | Gran Va, 1                                    |               1 |               0 | No especifica | 616     |     | Madrid          | No especifica | Spain       |
|           60 | Grenzacherweg 237                             |             237 |               0 | No especifica | 833     |     | Genve           | No especifica | Switzerland |
|           61 | Hauptstr. 29                                  |              29 |               0 | No especifica | 236     |     | Bern            | No especifica | Switzerland |
|           62 | Heerstr. 22                                   |              22 |               0 | No especifica | 739     |     | Leipzig         | No especifica | Germany     |
|           63 | Ing. Gustavo Moncada 8585 Piso 20-A           |            8585 |              20 | No especifica | 834     |     | Buenos Aires    | No especifica | Argentina   |
|           64 | Jardim das rosas n. 32                        |              32 |               0 | No especifica | 870     |     | Lisboa          | No especifica | Portugal    |
|           65 | kergatan 24                                   |              24 |               0 | No especifica | 831     |     | Brcke           | No especifica | Sweden      |
|           66 | Keskuskatu 45                                 |              45 |               0 | No especifica | 258     |     | Resende         | SP            | Brazil      |
|           67 | Kirchgasse 6                                  |               6 |               0 | No especifica | 593     |     | Graz            | No especifica | Austria     |
|           68 | Luisenstr. 48                                 |              78 |               0 | No especifica | 322     |     | Mnster          | No especifica | Germany     |
|           69 | Magazinweg 7                                  |               7 |               0 | No especifica | 691     |     | Frankfurt a.M.  |               | Germany     |
|           70 | Mataderos  2312                               |            2312 |               0 | No especifica | 371     |     | Mxico D.F.      | Mxico D.F.    | Mexico      |
|           71 | Maubelstr. 90                                 |              90 |               0 | No especifica | 737     |     | Brandenburg     | No especifica | Germany     |
|           72 | Mehrheimerstr. 369                            |             369 |               0 | No especifica | 460     |     | Kln             | No especifica | Germany     |
|           73 | Obere Str. 57                                 |              57 |               0 | No especifica | 300     |     | Berlin          | No especifica | Germany     |
|           74 | P.O. Box 555                                  |             555 |               0 | No especifica | 262     |     | Lander          | WY            | USA         |
|           75 | Rambla de Catalua, 23                         |              23 |               0 | No especifica | 381     |     | Barcelona       | No especifica | Spain       |
|           76 | Rua da Panificadora, 12                       |              12 |               0 | No especifica | 379     |     | Rio de Janeiro  | RJ            | Brazil      |
|           77 | Rua do Mercado, 12                            |              12 |               0 | No especifica | 105     |     | Stuttgart       | No especifica | Germany     |
|           78 | Rua do Pao, 67                                |              67 |               0 | No especifica | 220     |     | Rio de Janeiro  | RJ            | Brazil      |
|           79 | Rua Ors, 92                                   |              92 |               0 | No especifica | 167     |     | Sao Paulo       | SP            | Brazil      |
|           80 | Rue Joseph-Bens 532                           |             532 |               0 | No especifica | 327     |     | Bruxelles       | No especifica | Belgium     |
|           81 | Sierras de Granada 9993                       |            9993 |               0 | No especifica | 457     |     | Mxico D.F.      | No especifica | Mexico      |
|           82 | Smagsloget 45                                 |              45 |               0 | No especifica | 884     |     | rhus            | No especifica | Denmark     |
|           83 | South House 300 Queensbridge                  |             300 |               0 | No especifica | 775     |     | London          | No especifica | UK          |
|           84 | Strada Provinciale 124                        |             124 |               0 | No especifica | 475     |     | Reggio Emilia   | No especifica | Italy       |
|           85 | Taucherstrae 10                               |              10 |               0 | No especifica | 860     |     | Cunewalde       | No especifica | Germany     |
|           86 | Torikatu 38                                   |              38 |               0 | No especifica | 180     |     | Reims           | No especifica | France      |
|           87 | ul. Filtrowa 6+B7:B928                        |              68 |               0 | No especifica | 331     |     | Seattle         | WA            | USA         |
|           88 | Via Ludovico il Moro 22                       |              22 |               0 | No especifica | 824     |     | Bergamo         | No especifica | Italy       |
|           89 | Via Monte Bianco 34                           |              34 |               0 | No especifica | 871     |     | Torino          | No especifica | Italy       |
|           90 | Vinbltet 34                                   |              34 |               0 | No especifica | 595     |     | Kobenhavn       | No especifica | Denmark     |
|           91 | Walserweg 21                                  |              21 |               0 | No especifica | 207     |     | Aachen          | No especifica | Germany     |
+--------------+-----------------------------------------------+-----------------+-----------------+---------------+---------------+-----------------+---------------+-------------+-------+
91 rows in set (0.0008 sec)
 MySQL  localhost:3306 ssl  hospital_examen  SQL > load data infile 'C:\\FORMAS PAGO.csv' into table formas_pago fields terminated by ',' optionally enclosed by '"' ignore 1 rows (forma_pago);
Query OK, 4 rows affected (0.1701 sec)

Records: 4  Deleted: 0  Skipped: 0  Warnings: 0
 MySQL  localhost:3306 ssl  hospital_examen  SQL > select * from fromas_pago;
ERROR: 1146 (42S02): Table 'hospital_examen.fromas_pago' doesn't exist
 MySQL  localhost:3306 ssl  hospital_examen  SQL > select * from formas_pago;
+---------------+-----------------+
| forma_pago_id | forma_pago      |
+---------------+-----------------+
 |            1 | TARJETA CRÉDITO
 |            2 | TARJETA DEBITO
         |    3 | SEGURO
         |    4 | CHEQUE
+---------------+-----------------+
4 rows in set (0.0006 sec)
 MySQL  localhost:3306 ssl  hospital_examen  SQL > load data infile 'C:\\DETALLES.csv' into table formas_pago_pacientes fields terminated by ',' optionally enclosed by '"' ignore 1 rows (detalles);
Query OK, 58 rows affected (0.1164 sec)

Records: 58  Deleted: 0  Skipped: 0  Warnings: 0
 MySQL  localhost:3306 ssl  hospital_examen  SQL > load data infile 'C:\\CUENPACIENTES.csv' into table cuentas_pacientes_detalles fields terminated by ',' optionally enclosed by '"' ignore 1 rows (cantidad, costo_total);
ERROR: 1265 (01000): Data truncated for column 'costo_total' at row 1
 MySQL  localhost:3306 ssl  hospital_examen  SQL > desc cuentas_pacientes_detalles;
+--------------------------+-------------+------+-----+-------------+----------------+
| Field                    | Type        | Null | Key | Default     | Extra          |
+--------------------------+-------------+------+-----+-------------+----------------+
| cuentas_pacientes_det_id | int         | NO   | PRI | NULL        | auto_increment |
| cuentas_pacientes_id     | int         | YES  |     | NULL        |                |
| detalle                  | varchar(65) | YES  |     | diagnostico |                |
| cantidad                 | double      | NO   |     | NULL        |                |
| costo_total              | double      | NO   |     | NULL        |                |
+--------------------------+-------------+------+-----+-------------+----------------+
5 rows in set (0.0039 sec)
 MySQL  localhost:3306 ssl  hospital_examen  SQL > load data infile 'C:\\CUENPACIENTES.csv' into table cuentas_pacientes_detalles fields terminated by ',' optionally enclosed by '"' ignore 1 rows (cantidad, costo_total);
ERROR: 1265 (01000): Data truncated for column 'costo_total' at row 1
 MySQL  localhost:3306 ssl  hospital_examen  SQL > load data infile 'C:\\CUENPACIENTES.csv' into table cuentas_pacientes_detalles fields terminated by ',' optionally enclosed by '"' ignore 1 rows (cantidad, costo_total);
Query OK, 58 rows affected (0.4573 sec)

Records: 58  Deleted: 0  Skipped: 0  Warnings: 0
 MySQL  localhost:3306 ssl  hospital_examen  SQL >
MySQL Shell 8.0.36

Copyright (c) 2016, 2023, Oracle and/or its affiliates.
Oracle is a registered trademark of Oracle Corporation and/or its affiliates.
Other names may be trademarks of their respective owners.

Type '\help' or '\?' for help; '\quit' to exit.
 MySQL  JS > \sql
Switching to SQL mode... Commands end with ;
 MySQL  SQL > \connect --mc root@localhost
Creating a Classic session to 'root@localhost'
Fetching global names for auto-completion... Press ^C to stop.
Your MySQL connection id is 8
Server version: 8.0.36 MySQL Community Server - GPL
No default schema selected; type \use <schema> to set one.
 MySQL  localhost:3306 ssl  SQL > show databases;
+--------------------+
| Database           |
+--------------------+
| agencia            |
| company            |
| credit_cards       |
| empresa            |
| hospital           |
| hospital_examen    |
| information_schema |
| mysql              |
| orders             |
| orders_tbd         |
| orders_tdb         |
| performance_schema |
| rh                 |
| sakila             |
| sys                |
| tarjetas           |
| tbd2               |
| tbd_1              |
| tbd_3              |
| world              |
+--------------------+
20 rows in set (0.0048 sec)
 MySQL  localhost:3306 ssl  SQL > use hospital_examen;
Default schema set to `hospital_examen`.
Fetching global names, object names from `hospital_examen` for auto-completion... Press ^C to stop.
 MySQL  localhost:3306 ssl  hospital_examen  SQL > show tables;
+----------------------------+
| Tables_in_hospital_examen  |
+----------------------------+
| cuartos                    |
| cuentas_pacientes          |
| cuentas_pacientes_detalles |
| direcciones                |
| direcciones_empleados      |
| direcciones_pacientes      |
| empleados                  |
| formas_pago                |
| formas_pago_pacientes      |
| pacientes                  |
| registro_pacientes         |
+----------------------------+
11 rows in set (0.0039 sec)
 MySQL  localhost:3306 ssl  hospital_examen  SQL > desc cuartos;
+----------------+------+------+-----+---------+----------------+
| Field          | Type | Null | Key | Default | Extra          |
+----------------+------+------+-----+---------+----------------+
| cuarto_id      | int  | NO   | PRI | NULL    | auto_increment |
| paciente_id    | int  | YES  | MUL | NULL    |                |
| numero_cuarto  | int  | NO   |     | NULL    |                |
| inicio_estadia | date | NO   |     | NULL    |                |
| fin_estadia    | date | YES  |     | NULL    |                |
+----------------+------+------+-----+---------+----------------+
5 rows in set (0.0057 sec)
 MySQL  localhost:3306 ssl  hospital_examen  SQL > desc cuentas_pacientes;
+----------------------+-------------+------+-----+---------+----------------+
| Field                | Type        | Null | Key | Default | Extra          |
+----------------------+-------------+------+-----+---------+----------------+
| cuentas_pacientes_id | int         | NO   | PRI | NULL    | auto_increment |
| paciente_id          | int         | YES  | MUL | NULL    |                |
| forma_pago_pac_id    | int         | YES  | MUL | NULL    |                |
| fecha_emision        | date        | NO   |     | NULL    |                |
| otros                | varchar(45) | YES  |     | NULL    |                |
+----------------------+-------------+------+-----+---------+----------------+
5 rows in set (0.0053 sec)
 MySQL  localhost:3306 ssl  hospital_examen  SQL > desc cuentas_pacientes_detalles;
+--------------------------+-------------+------+-----+-------------+----------------+
| Field                    | Type        | Null | Key | Default     | Extra          |
+--------------------------+-------------+------+-----+-------------+----------------+
| cuentas_pacientes_det_id | int         | NO   | PRI | NULL        | auto_increment |
| cuentas_pacientes_id     | int         | YES  |     | NULL        |                |
| detalle                  | varchar(65) | YES  |     | diagnostico |                |
| cantidad                 | double      | NO   |     | NULL        |                |
| costo_total              | double      | NO   |     | NULL        |                |
+--------------------------+-------------+------+-----+-------------+----------------+
5 rows in set (0.0040 sec)
 MySQL  localhost:3306 ssl  hospital_examen  SQL > desc direcciones;
+-----------------+-------------+------+-----+---------+----------------+
| Field           | Type        | Null | Key | Default | Extra          |
+-----------------+-------------+------+-----+---------+----------------+
| direccion_id    | int         | NO   | PRI | NULL    | auto_increment |
| calle           | varchar(45) | NO   |     | NULL    |                |
| numero_exterior | bigint      | YES  |     | NULL    |                |
| numero_interior | int         | YES  |     | NULL    |                |
| colonia         | varchar(45) | NO   |     | NULL    |                |
| codigo_postal   | varchar(20) | NO   |     | NULL    |                |
| ciudad          | varchar(45) | NO   |     | NULL    |                |
| estado          | varchar(45) | NO   |     | NULL    |                |
| pais            | varchar(45) | NO   |     | NULL    |                |
| otros           | varchar(45) | NO   |     | NULL    |                |
+-----------------+-------------+------+-----+---------+----------------+
10 rows in set (0.0065 sec)
 MySQL  localhost:3306 ssl  hospital_examen  SQL > desc direcciones_pacientes;
+--------------------------+------+------+-----+---------+----------------+
| Field                    | Type | Null | Key | Default | Extra          |
+--------------------------+------+------+-----+---------+----------------+
| direcciones_pacientes_id | int  | NO   | PRI | NULL    | auto_increment |
| paciente_id              | int  | YES  | MUL | NULL    |                |
| direccion_id             | int  | YES  | MUL | NULL    |                |
+--------------------------+------+------+-----+---------+----------------+
3 rows in set (0.0047 sec)
 MySQL  localhost:3306 ssl  hospital_examen  SQL > desc direcciones_empleados;
+------------------------+------+------+-----+---------+----------------+
| Field                  | Type | Null | Key | Default | Extra          |
+------------------------+------+------+-----+---------+----------------+
| direccion_empleados_id | int  | NO   | PRI | NULL    | auto_increment |
| empleados_id           | int  | YES  | MUL | NULL    |                |
| direccion_id           | int  | YES  | MUL | NULL    |                |
+------------------------+------+------+-----+---------+----------------+
3 rows in set (0.0039 sec)
 MySQL  localhost:3306 ssl  hospital_examen  SQL > desc empleados;
+--------------------------+-------------+------+-----+---------+----------------+
| Field                    | Type        | Null | Key | Default | Extra          |
+--------------------------+-------------+------+-----+---------+----------------+
| empleados_id             | int         | NO   | PRI | NULL    | auto_increment |
| nombre                   | varchar(45) | NO   |     | NULL    |                |
| apellido_pat             | varchar(45) | NO   |     | NULL    |                |
| apellido_mat             | varchar(45) | NO   |     | NULL    |                |
| titulo                   | varchar(45) | YES  |     | NULL    |                |
| fecha_nacimiento         | date        | NO   |     | NULL    |                |
| otros                    | varchar(45) | YES  |     | NULL    |                |
| registro_por_empleado_id | int         | YES  |     | NULL    |                |
+--------------------------+-------------+------+-----+---------+----------------+
8 rows in set (0.0056 sec)
 MySQL  localhost:3306 ssl  hospital_examen  SQL > desc formas_pago;
+---------------+-------------+------+-----+---------+----------------+
| Field         | Type        | Null | Key | Default | Extra          |
+---------------+-------------+------+-----+---------+----------------+
| forma_pago_id | int         | NO   | PRI | NULL    | auto_increment |
| forma_pago    | varchar(45) | NO   |     | NULL    |                |
+---------------+-------------+------+-----+---------+----------------+
2 rows in set (0.0041 sec)
 MySQL  localhost:3306 ssl  hospital_examen  SQL > desc formas_pago_pacientes;
+-------------------+-------------+------+-----+---------+----------------+
| Field             | Type        | Null | Key | Default | Extra          |
+-------------------+-------------+------+-----+---------+----------------+
| forma_pago_pac_id | int         | NO   | PRI | NULL    | auto_increment |
| paciente_id       | int         | YES  | MUL | NULL    |                |
| forma_pago_id     | int         | YES  | MUL | NULL    |                |
| detalles          | varchar(65) | YES  |     | NULL    |                |
+-------------------+-------------+------+-----+---------+----------------+
4 rows in set (0.0057 sec)
 MySQL  localhost:3306 ssl  hospital_examen  SQL > desc pacientes;
+------------------+--------------+------+-----+---------+----------------+
| Field            | Type         | Null | Key | Default | Extra          |
+------------------+--------------+------+-----+---------+----------------+
| paciente_id      | int          | NO   | PRI | NULL    | auto_increment |
| nombre           | varchar(45)  | NO   |     | NULL    |                |
| apellido_pat     | varchar(45)  | NO   |     | NULL    |                |
| apellido_mat     | varchar(45)  | NO   |     | NULL    |                |
| fecha_nacimiento | date         | NO   |     | NULL    |                |
| peso             | double       | NO   |     | NULL    |                |
| altura           | double       | NO   |     | NULL    |                |
| nss              | varchar(50)  | NO   |     | NULL    |                |
| genero           | varchar(255) | YES  |     | NULL    |                |
| telefono_casa    | varchar(45)  | YES  |     | NULL    |                |
| telefono_trabajo | varchar(45)  | YES  |     | NULL    |                |
| telefono_movil   | varchar(45)  | YES  |     | NULL    |                |
| otros            | varchar(45)  | YES  |     | NULL    |                |
+------------------+--------------+------+-----+---------+----------------+
13 rows in set (0.0060 sec)
 MySQL  localhost:3306 ssl  hospital_examen  SQL > desc registro_pacientes;
+--------------------------+--------------+------+-----+---------+----------------+
| Field                    | Type         | Null | Key | Default | Extra          |
+--------------------------+--------------+------+-----+---------+----------------+
| registro_paciente_id     | int          | NO   | PRI | NULL    | auto_increment |
| paciente_id              | int          | YES  | MUL | NULL    |                |
| cuentas_pacientes_id     | int          | YES  | MUL | NULL    |                |
| registro_por_empleado_id | int          | YES  | MUL | NULL    |                |
| fecha_admision           | date         | NO   |     | NULL    |                |
| condicion_medica         | varchar(255) | YES  |     | NULL    |                |
| otros                    | varchar(45)  | YES  |     | NULL    |                |
+--------------------------+--------------+------+-----+---------+----------------+
7 rows in set (0.0046 sec)
 MySQL  localhost:3306 ssl  hospital_examen  SQL > select * from empleados where pais = 'mexico';
ERROR: 1054 (42S22): Unknown column 'pais' in 'where clause'
 MySQL  localhost:3306 ssl  hospital_examen  SQL > select * from direcciones_empleados where pais = 'mexico';
ERROR: 1054 (42S22): Unknown column 'pais' in 'where clause'
 MySQL  localhost:3306 ssl  hospital_examen  SQL > select * from direcciones where pais = 'mexico';
+--------------+------------------------------+-----------------+-----------------+---------------+---------------+------------+---------------+--------+-------+
| direccion_id | calle                        | numero_exterior | numero_interior | colonia       | codigo_postal | ciudad     | estado        | pais   | otros |
+--------------+------------------------------+-----------------+-----------------+---------------+---------------+------------+---------------+--------+-------+
|           38 | Avda. Azteca 123             |             123 |               0 | No especifica | 78040         | Mxic     | | Mxico D.F.    | Mexico |
|           39 | Avda. de la Constitucin 2222 |            2222 |               0 | No especifica | 71760         | Mxic     | | Mxico D.F.    | Mexico |
|           48 | Calle Dr. Jorge Cash 321     |             321 |               0 | No especifica | 19460         | Mxic     | | Mxico D.F.    | Mexico |
|           70 | Mataderos  2312              |            2312 |               0 | No especifica | 37179         | Mxic     | | Mxico D.F.    | Mexico |
|           81 | Sierras de Granada 9993      |            9993 |               0 | No especifica | 45792         | Mxic     | | No especifica | Mexico |
+--------------+------------------------------+-----------------+-----------------+---------------+---------------+------------+---------------+--------+-------+
5 rows in set (0.1637 sec)
 MySQL  localhost:3306 ssl  hospital_examen  SQL > select * from direcciones where pais = 'Brazil';
+--------------+--------------------------+-----------------+-----------------+---------------+---------------+----------------+--------+--------+-------+
| direccion_id | calle                    | numero_exterior | numero_interior | colonia       | codigo_postal | ciudad         | estado | pais   | otros |
+--------------+--------------------------+-----------------+-----------------+---------------+---------------+----------------+--------+--------+-------+
|           32 | Alameda dos Canrios, 891 |             891 |               0 | No especifica | 36965         | Sao Paul     | | SP     | Brazil |
|           33 | Av. Brasil, 442          |             442 |               0 | No especifica | 68328         | Campinas     | | SP     | Brazil |
|           34 | Av. Copacabana, 267      |             267 |               0 | No especifica | 34941         | Rio de J     | | RJ     | Brazil |
|           36 | Av. dos Lusadas, 23      |              23 |               0 | No especifica | 84473         | Sao Paul     | | SP     | Brazil |
|           37 | Av. Ins de Castro, 414   |             414 |               0 | No especifica | 14942         | Sao Paul     | | SP     | Brazil |
|           66 | Keskuskatu 45            |              45 |               0 | No especifica | 25873         | Resende      | | SP     | Brazil |
|           76 | Rua da Panificadora, 12  |              12 |               0 | No especifica | 37964         | Rio de J     | | RJ     | Brazil |
|           78 | Rua do Pao, 67           |              67 |               0 | No especifica | 22071         | Rio de J     | | RJ     | Brazil |
|           79 | Rua Ors, 92              |              92 |               0 | No especifica | 16799         | Sao Paul     | | SP     | Brazil |
+--------------+--------------------------+-----------------+-----------------+---------------+---------------+----------------+--------+--------+-------+
9 rows in set (0.0014 sec)
 MySQL  localhost:3306 ssl  hospital_examen  SQL > select * from direcciones_empleados where pais = 'Brazil';
ERROR: 1054 (42S22): Unknown column 'pais' in 'where clause'
 MySQL  localhost:3306 ssl  hospital_examen  SQL > desc cuartos;
+----------------+------+------+-----+---------+----------------+
| Field          | Type | Null | Key | Default | Extra          |
+----------------+------+------+-----+---------+----------------+
| cuarto_id      | int  | NO   | PRI | NULL    | auto_increment |
| paciente_id    | int  | YES  | MUL | NULL    |                |
| numero_cuarto  | int  | NO   |     | NULL    |                |
| inicio_estadia | date | NO   |     | NULL    |                |
| fin_estadia    | date | YES  |     | NULL    |                |
+----------------+------+------+-----+---------+----------------+
5 rows in set (0.0030 sec)
 MySQL  localhost:3306 ssl  hospital_examen  SQL > select cuartos where cuarto_id = '1';
ERROR: 1054 (42S22): Unknown column 'cuartos' in 'field list'
 MySQL  localhost:3306 ssl  hospital_examen  SQL > select cuartos from hospital_examen where cuarto_id = '1';
ERROR: 1146 (42S02): Table 'hospital_examen.hospital_examen' doesn't exist
 MySQL  localhost:3306 ssl  hospital_examen  SQL > select * from cuartos where cuarto_id = '1';
+-----------+-------------+---------------+----------------+-------------+
| cuarto_id | paciente_id | numero_cuarto | inicio_estadia | fin_estadia |
+-----------+-------------+---------------+----------------+-------------+
|         1 |        NULL |           121 | 2017-04-10     | 2017-04-17  |
+-----------+-------------+---------------+----------------+-------------+
1 row in set (0.1314 sec)
 MySQL  localhost:3306 ssl  hospital_examen  SQL > select c.paciente_id, p.nombre, p.apellido
                                                -> from cuartos c
                                                -> join pacientes p on c.paciente_id = p.paciente_id
                                                -> where c.numero_cuarto like '1%';
ERROR: 1054 (42S22): Unknown column 'p.apellido' in 'field list'
 MySQL  localhost:3306 ssl  hospital_examen  SQL > desc pacientes;
+------------------+--------------+------+-----+---------+----------------+
| Field            | Type         | Null | Key | Default | Extra          |
+------------------+--------------+------+-----+---------+----------------+
| paciente_id      | int          | NO   | PRI | NULL    | auto_increment |
| nombre           | varchar(45)  | NO   |     | NULL    |                |
| apellido_pat     | varchar(45)  | NO   |     | NULL    |                |
| apellido_mat     | varchar(45)  | NO   |     | NULL    |                |
| fecha_nacimiento | date         | NO   |     | NULL    |                |
| peso             | double       | NO   |     | NULL    |                |
| altura           | double       | NO   |     | NULL    |                |
| nss              | varchar(50)  | NO   |     | NULL    |                |
| genero           | varchar(255) | YES  |     | NULL    |                |
| telefono_casa    | varchar(45)  | YES  |     | NULL    |                |
| telefono_trabajo | varchar(45)  | YES  |     | NULL    |                |
| telefono_movil   | varchar(45)  | YES  |     | NULL    |                |
| otros            | varchar(45)  | YES  |     | NULL    |                |
+------------------+--------------+------+-----+---------+----------------+
13 rows in set (0.0030 sec)
 MySQL  localhost:3306 ssl  hospital_examen  SQL > select c.paciente_id, p.nombre, p.apellido_pat from cuartos c join pacientes p on c.paciente_id = p.paciente_id where c.numero_cuarto like '1%';
Empty set (0.0978 sec)
 MySQL  localhost:3306 ssl  hospital_examen  SQL > select * from pacientes;
+-------------+------------+--------------+--------------+------------------+------+--------+-------+--------+---------------+------------------+----------------+-------+
| paciente_id | nombre     | apellido_pat | apellido_mat | fecha_nacimiento | peso | altura | nss   | genero | telefono_casa | telefono_trabajo | telefono_movil | otros |
+-------------+------------+--------------+--------------+------------------+------+--------+-------+--------+---------------+------------------+----------------+-------+
|           1 | Georgi     | Facello      | Facello      | 1960-02-20       |   93 |   1.99 | 10001 | M      |
     |                  |                |
|           2 | Bezalel    | Simmel       | Simmel       | 1952-07-08       |   88 |   1.69 | 10002 | F      |
     |                  |                |
|           3 | Parto      | Bamford      | Bamford      | 1953-09-29       |   62 |   1.88 | 10003 | M      |
     |                  |                |
|           4 | Chirstian  | Koblick      | Koblick      | 1958-09-05       |   93 |   1.84 | 10004 | M      |
     |                  |                |
|           5 | Kyoichi    | Maliniak     | Maliniak     | 1958-10-31       |   86 |   1.89 | 10005 | M      |
     |                  |                |
|           6 | Anneke     | Preusig      | Preusig      | 1953-04-03       |   86 |   1.54 | 10006 | F      |
     |                  |                |
|           7 | Tzvetan    | Zielinski    | Zielinski    | 1962-07-10       |   56 |   1.77 | 10007 | F      |
     |                  |                |
|           8 | Saniya     | Kalloufi     | Kalloufi     | 1963-11-26       |   78 |   1.82 | 10008 | M      |
     |                  |                |
|           9 | Sumant     | Peac         | Peac         | 1956-12-13       |   85 |   1.64 | 10009 | F      |
     |                  |                |
|          10 | Duangkaew  | Piveteau     | Piveteau     | 1958-07-14       |   92 |   1.71 | 10010 | F      |
     |                  |                |
|          11 | Mary       | Sluis        | Sluis        | 1959-01-27       |   96 |   1.96 | 10011 | F      |
     |                  |                |
|          12 | Patricio   | Bridgland    | Bridgland    | 1960-08-09       |   63 |    1.9 | 10012 | M      |
     |                  |                |
|          13 | Eberhardt  | Terkki       | Terkki       | 1956-11-14       |   81 |   1.64 | 10013 | M      |
     |                  |                |
|          14 | Berni      | Genin        | Genin        | 1962-12-29       |   67 |   1.74 | 10014 | M      |
     |                  |                |
|          15 | Guoxiang   | Nooteboom    | Nooteboom    | 1953-02-08       |   60 |   1.55 | 10015 | M      |
     |                  |                |
|          16 | Kazuhito   | Cappelletti  | Cappelletti  | 1959-08-10       |   97 |   1.71 | 10016 | M      |
     |                  |                |
|          17 | Cristinel  | Bouloucos    | Bouloucos    | 1963-07-22       |   66 |   1.91 | 10017 | F      |
     |                  |                |
|          18 | Kazuhide   | Peha         | Peha         | 1960-07-20       |   88 |   1.51 | 10018 | F      |
     |                  |                |
|          19 | Lillian    | Haddadi      | Haddadi      | 1959-10-01       |   85 |   1.61 | 10019 | M      |
     |                  |                |
|          20 | Mayuko     | Warwick      | Warwick      | 1959-09-13       |   96 |   1.78 | 10020 | M      |
     |                  |                |
|          21 | Ramzi      | Erde         | Erde         | 1959-08-27       |   91 |   1.61 | 10021 | M      |
     |                  |                |
|          22 | Shahaf     | Famili       | Famili       | 1956-02-26       |   70 |   1.81 | 10022 | M      |
     |                  |                |
|          23 | Bojan      | Montemayor   | Montemayor   | 1960-09-19       |   86 |    1.8 | 10023 | F      |
     |                  |                |
|          24 | Suzette    | Pettey       | Pettey       | 1961-09-21       |   79 |   1.74 | 10024 | F      |
     |                  |                |
|          25 | Prasadram  | Heyers       | Heyers       | 1957-08-14       |   91 |   1.95 | 10025 | M      |
     |                  |                |
|          26 | Yongqiao   | Berztiss     | Berztiss     | 1960-07-23       |   75 |   1.91 | 10026 | M      |
     |                  |                |
|          27 | Divier     | Reistad      | Reistad      | 1952-06-29       |   57 |    1.6 | 10027 | F      |
     |                  |                |
|          28 | Domenick   | Tempesti     | Tempesti     | 1963-07-11       |   62 |   1.72 | 10028 | M      |
     |                  |                |
|          29 | Otmar      | Herbst       | Herbst       | 1961-04-24       |   77 |    1.6 | 10029 | M      |
     |                  |                |
|          30 | Elvis      | Demeyer      | Demeyer      | 1958-05-21       |   93 |   1.64 | 10030 | M      |
     |                  |                |
|          31 | Karsten    | Joslin       | Joslin       | 1953-07-28       |   95 |   1.52 | 10031 | M      |
     |                  |                |
|          32 | Jeong      | Reistad      | Reistad      | 1961-02-26       |   84 |    1.6 | 10032 | F      |
     |                  |                |
|          33 | Arif       | Merlo        | Merlo        | 1954-09-13       |   92 |   1.77 | 10033 | M      |
     |                  |                |
|          34 | Bader      | Swan         | Swan         | 1957-04-04       |   69 |   1.56 | 10034 | M      |
     |                  |                |
|          35 | Alain      | Chappelet    | Chappelet    | 1956-06-06       |   57 |   1.55 | 10035 | M      |
     |                  |                |
|          36 | Adamantios | Portugali    | Portugali    | 1961-09-01       |   62 |   1.99 | 10036 | M      |
     |                  |                |
|          37 | Pradeep    | Makrucki     | Makrucki     | 1954-05-30       |   60 |   1.75 | 10037 | M      |
     |                  |                |
|          38 | Huan       | Lortz        | Lortz        | 1954-10-01       |   97 |   1.88 | 10038 | M      |
     |                  |                |
|          39 | Alejandro  | Brender      | Brender      | 1959-10-01       |   92 |   1.78 | 10039 | M      |
     |                  |                |
|          40 | Weiyi      | Meriste      | Meriste      | 1959-09-13       |   97 |   1.84 | 10040 | F      |
     |                  |                |
|          41 | Uri        | Lenart       | Lenart       | 1959-08-27       |   80 |    1.9 | 10041 | F      |
     |                  |                |
|          42 | Magy       | Stamatiou    | Stamatiou    | 1956-02-26       |   69 |   1.91 | 10042 | F      |
     |                  |                |
|          43 | Yishay     | Tzvieli      | Tzvieli      | 1960-09-19       |   65 |   1.95 | 10043 | M      |
     |                  |                |
|          44 | Mingsen    | Casley       | Casley       | 1961-09-21       |   90 |    1.8 | 10044 | F      |
     |                  |                |
|          45 | Moss       | Shanbhogue   | Shanbhogue   | 1957-08-14       |   90 |   1.97 | 10045 | M      |
     |                  |                |
|          46 | Lucien     | Rosenbaum    | Rosenbaum    | 1960-07-23       |   85 |   1.53 | 10046 | M      |
     |                  |                |
|          47 | Zvonko     | Nyanchama    | Nyanchama    | 1952-06-29       |   78 |   1.65 | 10047 | M      |
     |                  |                |
|          48 | Florian    | Syrotiuk     | Syrotiuk     | 1963-07-11       |   76 |   1.58 | 10048 | M      |
     |                  |                |
|          49 | Basil      | Tramer       | Tramer       | 1961-04-24       |   99 |   1.55 | 10049 | F      |
     |                  |                |
|          50 | Yinghua    | Dredge       | Dredge       | 1958-05-21       |   78 |   1.54 | 10050 | M      |
     |                  |                |
|          51 | Hidefumi   | Caine        | Caine        | 1953-07-28       |   54 |   1.84 | 10051 | M      |
     |                  |                |
|          52 | Heping     | Nitsch       | Nitsch       | 1961-02-26       |   85 |   1.59 | 10052 | M      |
     |                  |                |
|          53 | Sanjiv     | Zschoche     | Zschoche     | 1954-09-13       |   52 |   1.53 | 10053 | F      |
     |                  |                |
|          54 | Mayumi     | Schueller    | Schueller    | 1957-04-04       |   75 |   1.72 | 10054 | M      |
     |                  |                |
|          55 | Georgy     | Dredge       | Dredge       | 1956-06-06       |   97 |   1.61 | 10055 | M      |
     |                  |                |
|          56 | Brendon    | Bernini      | Bernini      | 1961-09-01       |   91 |   1.63 | 10056 | F      |
     |                  |                |
|          57 | Ebbe       | Callaway     | Callaway     | 1954-05-30       |   91 |   1.96 | 10057 | F      |
     |                  |                |
|          58 | Berhard    | McFarlin     | McFarlin     | 1954-10-01       |   99 |   1.96 | 10058 | M      |
     |                  |                |
+-------------+------------+--------------+--------------+------------------+------+--------+-------+--------+---------------+------------------+----------------+-------+
58 rows in set (0.0265 sec)
 MySQL  localhost:3306 ssl  hospital_examen  SQL > select * from cuartos;
+-----------+-------------+---------------+----------------+-------------+
| cuarto_id | paciente_id | numero_cuarto | inicio_estadia | fin_estadia |
+-----------+-------------+---------------+----------------+-------------+
|         1 |        NULL |           121 | 2017-04-10     | 2017-04-17  |
|         2 |        NULL |           190 | 2017-04-11     | 2017-04-13  |
|         3 |        NULL |           108 | 2017-04-12     | 2017-04-17  |
|         4 |        NULL |           179 | 2017-04-13     | 2017-04-18  |
|         5 |        NULL |           158 | 2017-04-14     | 2017-04-17  |
|         6 |        NULL |           183 | 2017-04-15     | 2017-04-16  |
|         7 |        NULL |           142 | 2017-04-16     | 2017-04-23  |
|         8 |        NULL |           108 | 2017-04-17     | 2017-04-24  |
|         9 |        NULL |           100 | 2017-04-18     | 2017-04-23  |
|        10 |        NULL |           109 | 2017-04-19     | 2017-04-24  |
|        11 |        NULL |           116 | 2017-04-20     | 2017-04-23  |
|        12 |        NULL |           182 | 2017-04-21     | 2017-04-24  |
|        13 |        NULL |           180 | 2017-04-22     | 2017-04-28  |
|        14 |        NULL |           188 | 2017-04-23     | 2017-04-25  |
|        15 |        NULL |           173 | 2017-04-24     | 2017-05-01  |
|        16 |        NULL |           176 | 2017-04-25     | 2017-04-30  |
|        17 |        NULL |           122 | 2017-04-26     | 2017-04-27  |
|        18 |        NULL |           155 | 2017-04-27     | 2017-05-07  |
|        19 |        NULL |           181 | 2017-04-28     | 2017-04-30  |
|        20 |        NULL |           178 | 2017-04-29     | 2017-05-05  |
|        21 |        NULL |           139 | 2017-04-30     | 2017-05-07  |
|        22 |        NULL |           119 | 2017-05-01     | 2017-05-10  |
|        23 |        NULL |           193 | 2017-05-02     | 2017-05-09  |
|        24 |        NULL |           153 | 2017-05-03     | 2017-05-04  |
|        25 |        NULL |           168 | 2017-05-04     | 2017-05-14  |
|        26 |        NULL |           115 | 2017-05-05     | 2017-05-12  |
|        27 |        NULL |           140 | 2017-05-06     | 2017-05-09  |
|        28 |        NULL |           170 | 2017-05-07     | 2017-05-14  |
|        29 |        NULL |           153 | 2017-05-08     | 2017-05-10  |
|        30 |        NULL |           177 | 2017-05-09     | 2017-05-14  |
|        31 |        NULL |           101 | 2017-05-10     | 2017-05-17  |
|        32 |        NULL |           118 | 2017-05-11     | 2017-05-21  |
|        33 |        NULL |           120 | 2017-05-12     | 2017-05-19  |
|        34 |        NULL |           156 | 2017-05-13     | 2017-05-19  |
|        35 |        NULL |           174 | 2017-05-14     | 2017-05-15  |
|        36 |        NULL |           156 | 2017-05-15     | 2017-05-19  |
|        37 |        NULL |           397 | 2017-05-16     | 2017-05-26  |
|        38 |        NULL |           314 | 2017-05-17     | 2017-05-18  |
|        39 |        NULL |           385 | 2017-05-18     | 2017-05-24  |
|        40 |        NULL |           356 | 2017-05-19     | 2017-05-26  |
|        41 |        NULL |           317 | 2017-05-20     | 2017-05-28  |
|        42 |        NULL |           305 | 2017-05-21     | 2017-05-29  |
|        43 |        NULL |           363 | 2017-05-22     | 2017-05-26  |
|        44 |        NULL |           346 | 2017-05-23     | 2017-06-02  |
|        45 |        NULL |           396 | 2017-05-24     | 2017-05-31  |
|        46 |        NULL |           376 | 2017-05-25     | 2017-06-03  |
|        47 |        NULL |           353 | 2017-05-26     | 2017-05-27  |
|        48 |        NULL |           342 | 2017-05-27     | 2017-06-06  |
|        49 |        NULL |           382 | 2017-05-28     | 2017-05-29  |
|        50 |        NULL |           346 | 2017-05-29     | 2017-05-30  |
|        51 |        NULL |           349 | 2017-05-30     | 2017-06-02  |
|        52 |        NULL |           381 | 2017-05-31     | 2017-06-08  |
|        53 |        NULL |           383 | 2017-06-01     | 2017-06-11  |
|        54 |        NULL |           339 | 2017-06-02     | 2017-06-07  |
|        55 |        NULL |           326 | 2017-06-03     | 2017-06-09  |
|        56 |        NULL |           391 | 2017-06-04     | 2017-06-12  |
|        57 |        NULL |           377 | 2017-06-05     | 2017-06-13  |
|        58 |        NULL |           323 | 2017-06-06     | 2017-06-13  |
+-----------+-------------+---------------+----------------+-------------+
58 rows in set (0.0011 sec)
 MySQL  localhost:3306 ssl  hospital_examen  SQL > select c.paciente_id, p.nombre, p.apellido_pat from cuartos c join pacientes p on c.paciente_id = p.paciente_id where c.cuarto_id like '1%';
Empty set (0.0875 sec)
 MySQL  localhost:3306 ssl  hospital_examen  SQL > select c.paciente_id, p.nombre, p.apellido_pat from cuartos c join pacientes p on c.paciente_id = p.paciente_id where c.cuarto_id = 1;
Empty set (0.0394 sec)
 MySQL  localhost:3306 ssl  hospital_examen  SQL > select c.paciente_id, p.nombre, p.apellido_pat from pacientes p join cuartos c on c.paciente_id = p.paciente_id where c.cuarto_id = 1;
Empty set (0.0027 sec)
 MySQL  localhost:3306 ssl  hospital_examen  SQL > select c.paciente_id, p.nombre, p.apellido_pat from cuartos c join pacientes p on c.paciente_id = p.paciente_id where p.nombre like %juan% or p.paellido_pat like %perez%;
ERROR: 1064 (42000): You have an error in your SQL syntax; check the manual that corresponds to your MySQL server version for the right syntax to use near '%juan% or p.paellido_pat like %perez%' at line 1
 MySQL  localhost:3306 ssl  hospital_examen  SQL > select c.paciente_id, p.nombre, p.apellido_pat from cuartos c join pacientes p on c.paciente_id = p.paciente_id where p.nombre like %juan or p.paellido_pat like %perez;
ERROR: 1064 (42000): You have an error in your SQL syntax; check the manual that corresponds to your MySQL server version for the right syntax to use near '%juan or p.paellido_pat like %perez' at line 1
 MySQL  localhost:3306 ssl  hospital_examen  SQL > select c.paciente_id, p.nombre, p.apellido_pat from cuartos c join pacientes p on c.paciente_id = p.paciente_id where p.nombre like '%juan%' or p.apellido_pat like '%perez%';
Empty set (0.0013 sec)
 MySQL  localhost:3306 ssl  hospital_examen  SQL > select c.paciente_id, p.nombre, p.apellido_pat from cuartos c join pacientes p on c.paciente_id = p.paciente_id where p.nombre like '%juan%' or p.apellido_pat like '%p%';
Empty set (0.0011 sec)
 MySQL  localhost:3306 ssl  hospital_examen  SQL > select c.paciente_id, p.nombre, p.apellido_pat from cuartos c join pacientes p on c.paciente_id = p.paciente_id where p.nombre like '%Alejandro%' or p.apellido_pat like '%p%';
Empty set (0.0012 sec)
 MySQL  localhost:3306 ssl  hospital_examen  SQL > select c.paciente_id, p.nombre, p.apellido_pat from cuartos c join pacientes p on c.paciente_id = p.paciente_id where p.nombre like '%Alejandro%' or p.apellido_pat like '%b%';
Empty set (0.0012 sec)
 MySQL  localhost:3306 ssl  hospital_examen  SQL > select c.paciente_id, p.nombre, p.apellido_pat from cuartos c join pacientes p on c.paciente_id = p.paciente_id where p.nombre like '%Alejandro%' or p.apellido_pat like '%b';
Empty set (0.0011 sec)
 MySQL  localhost:3306 ssl  hospital_examen  SQL > select c.paciente_id, p.nombre from cuartos c join pacientes p on c.paciente_id = p.paciente_id where p.nombre like '%Alejandro%';
Empty set (0.0030 sec)
 MySQL  localhost:3306 ssl  hospital_examen  SQL > select c.paciente_id, p.nombre from cuartos c join pacientes p on c.paciente_id = p.paciente_id where p.nombre like '%Alejandro';
Empty set (0.0013 sec)
 MySQL  localhost:3306 ssl  hospital_examen  SQL > select * from pacientes
                                                -> where nombre like '%Alejandro';
+-------------+-----------+--------------+--------------+------------------+------+--------+-------+--------+---------------+------------------+----------------+-------+
| paciente_id | nombre    | apellido_pat | apellido_mat | fecha_nacimiento | peso | altura | nss   | genero | telefono_casa | telefono_trabajo | telefono_movil | otros |
+-------------+-----------+--------------+--------------+------------------+------+--------+-------+--------+---------------+------------------+----------------+-------+
|          39 | Alejandro | Brender      | Brender      | 1959-10-01       |   92 |   1.78 | 10039 | M      |
     |                 |                |
+-------------+-----------+--------------+--------------+------------------+------+--------+-------+--------+---------------+------------------+----------------+-------+
1 row in set (0.0050 sec)
 MySQL  localhost:3306 ssl  hospital_examen  SQL > select * from pacientes  where nombre like '%Alejandro' and like apellido_pat '%perez;
                                                '>
                                                '> ;
                                                '> ';
ERROR: 1064 (42000): You have an error in your SQL syntax; check the manual that corresponds to your MySQL server version for the right syntax to use near 'like apellido_pat '%perez;

;
'' at line 1
 MySQL  localhost:3306 ssl  hospital_examen  SQL > select * from pacientes  where nombre like '%Alejandro' and like apellido_pat '%perez';
ERROR: 1064 (42000): You have an error in your SQL syntax; check the manual that corresponds to your MySQL server version for the right syntax to use near 'like apellido_pat '%perez'' at line 1
 MySQL  localhost:3306 ssl  hospital_examen  SQL > select * from pacientes  where nombre like '%Alejandro' and apellido_pat like '%perez';
Empty set (0.0015 sec)
 MySQL  localhost:3306 ssl  hospital_examen  SQL > select * from pacientes  where nombre like '%Brendon' and apellido_pat like '%Bernini';
+-------------+---------+--------------+--------------+------------------+------+--------+-------+--------+---------------+------------------+----------------+-------+
| paciente_id | nombre  | apellido_pat | apellido_mat | fecha_nacimiento | peso | altura | nss   | genero | telefono_casa | telefono_trabajo | telefono_movil | otros |
+-------------+---------+--------------+--------------+------------------+------+--------+-------+--------+---------------+------------------+----------------+-------+
|          56 | Brendon | Bernini      | Bernini      | 1961-09-01       |   91 |   1.63 | 10056 | F      |
     |               |                |
+-------------+---------+--------------+--------------+------------------+------+--------+-------+--------+---------------+------------------+----------------+-------+
1 row in set (0.0017 sec)
 MySQL  localhost:3306 ssl  hospital_examen  SQL > select * from pacientes  where nombre like '%Brendon%' and apellido_pat like '%Bernini';
+-------------+---------+--------------+--------------+------------------+------+--------+-------+--------+---------------+------------------+----------------+-------+
| paciente_id | nombre  | apellido_pat | apellido_mat | fecha_nacimiento | peso | altura | nss   | genero | telefono_casa | telefono_trabajo | telefono_movil | otros |
+-------------+---------+--------------+--------------+------------------+------+--------+-------+--------+---------------+------------------+----------------+-------+
|          56 | Brendon | Bernini      | Bernini      | 1961-09-01       |   91 |   1.63 | 10056 | F      |
     |               |                |
+-------------+---------+--------------+--------------+------------------+------+--------+-------+--------+---------------+------------------+----------------+-------+
1 row in set (0.0018 sec)
 MySQL  localhost:3306 ssl  hospital_examen  SQL > select * from pacientes  where nombre like '%Brandon%' and apellido_pat like '%Ber%';
Empty set (0.0017 sec)
 MySQL  localhost:3306 ssl  hospital_examen  SQL > select empleados as tipo, empleados_id as empleados_id, nombre, apellido_pat, apellido_mat  from empleados union select pacientes as tipo, paciente_id as paciente_id, nombre, apellido_pat, apellido_mat  from pacientes
                                                -> ;
ERROR: 1054 (42S22): Unknown column 'empleados' in 'field list'
 MySQL  localhost:3306 ssl  hospital_examen  SQL > select 'empleado' as tipo, empleados_id as empleados_id, nombre, apellido_pat, apellido_mat  from empleados union select 'paciente' as tipo, paciente_id as paciente_id, nombre, apellido_pat, apellido_mat  from pacientes  ;
+----------+--------------+------------+--------------+--------------+
| tipo     | empleados_id | nombre     | apellido_pat | apellido_mat |
+----------+--------------+------------+--------------+--------------+
| empleado |           94 | Alejandro  | McAlpine     | McAlpine     |
| empleado |           95 | Breannda   | Billingsley  | Billingsley  |
| empleado |           96 | Tse        | Herber       | Herber       |
| empleado |           97 | Anoosh     | Peyn         | Peyn         |
| empleado |           98 | Gino       | Leonhardt    | Leonhardt    |
| empleado |           99 | Udi        | Jansch       | Jansch       |
| empleado |          100 | Satosi     | Awdeh        | Awdeh        |
| empleado |          101 | Kwee       | Schusler     | Schusler     |
| empleado |          102 | Claudi     | Stavenow     | Stavenow     |
| empleado |          103 | Charlene   | Brattka      | Brattka      |
| empleado |          104 | Margareta  | Bierman      | Bierman      |
| empleado |          105 | Reuven     | Garigliano   | Garigliano   |
| empleado |          106 | Hisao      | Lipner       | Lipner       |
| empleado |          107 | Hironoby   | Sidou        | Sidou        |
| empleado |          108 | Shir       | McClurg      | McClurg      |
| empleado |          109 | Mokhtar    | Bernatsky    | Bernatsky    |
| empleado |          110 | Gao        | Dolinsky     | Dolinsky     |
| empleado |          111 | Erez       | Ritzmann     | Ritzmann     |
| empleado |          112 | Mona       | Azuma        | Azuma        |
| empleado |          113 | Danel      | Mondadori    | Mondadori    |
| empleado |          114 | Kshitij    | Gils         | Gils         |
| empleado |          115 | Premal     | Baek         | Baek         |
| empleado |          116 | Zhongwei   | Rosen        | Rosen        |
| empleado |          117 | Parviz     | Lortz        | Lortz        |
| empleado |          118 | Vishv      | Zockler      | Zockler      |
| empleado |          119 | Tuval      | Kalloufi     | Kalloufi     |
| empleado |          120 | Kenroku    | Malabarba    | Malabarba    |
| empleado |          121 | Somnath    | Foote        | Foote        |
| empleado |          122 | Xinglin    | Eugenio      | Eugenio      |
| empleado |          123 | Jungsoon   | Syrzycki     | Syrzycki     |
| paciente |            1 | Georgi     | Facello      | Facello      |
| paciente |            2 | Bezalel    | Simmel       | Simmel       |
| paciente |            3 | Parto      | Bamford      | Bamford      |
| paciente |            4 | Chirstian  | Koblick      | Koblick      |
| paciente |            5 | Kyoichi    | Maliniak     | Maliniak     |
| paciente |            6 | Anneke     | Preusig      | Preusig      |
| paciente |            7 | Tzvetan    | Zielinski    | Zielinski    |
| paciente |            8 | Saniya     | Kalloufi     | Kalloufi     |
| paciente |            9 | Sumant     | Peac         | Peac         |
| paciente |           10 | Duangkaew  | Piveteau     | Piveteau     |
| paciente |           11 | Mary       | Sluis        | Sluis        |
| paciente |           12 | Patricio   | Bridgland    | Bridgland    |
| paciente |           13 | Eberhardt  | Terkki       | Terkki       |
| paciente |           14 | Berni      | Genin        | Genin        |
| paciente |           15 | Guoxiang   | Nooteboom    | Nooteboom    |
| paciente |           16 | Kazuhito   | Cappelletti  | Cappelletti  |
| paciente |           17 | Cristinel  | Bouloucos    | Bouloucos    |
| paciente |           18 | Kazuhide   | Peha         | Peha         |
| paciente |           19 | Lillian    | Haddadi      | Haddadi      |
| paciente |           20 | Mayuko     | Warwick      | Warwick      |
| paciente |           21 | Ramzi      | Erde         | Erde         |
| paciente |           22 | Shahaf     | Famili       | Famili       |
| paciente |           23 | Bojan      | Montemayor   | Montemayor   |
| paciente |           24 | Suzette    | Pettey       | Pettey       |
| paciente |           25 | Prasadram  | Heyers       | Heyers       |
| paciente |           26 | Yongqiao   | Berztiss     | Berztiss     |
| paciente |           27 | Divier     | Reistad      | Reistad      |
| paciente |           28 | Domenick   | Tempesti     | Tempesti     |
| paciente |           29 | Otmar      | Herbst       | Herbst       |
| paciente |           30 | Elvis      | Demeyer      | Demeyer      |
| paciente |           31 | Karsten    | Joslin       | Joslin       |
| paciente |           32 | Jeong      | Reistad      | Reistad      |
| paciente |           33 | Arif       | Merlo        | Merlo        |
| paciente |           34 | Bader      | Swan         | Swan         |
| paciente |           35 | Alain      | Chappelet    | Chappelet    |
| paciente |           36 | Adamantios | Portugali    | Portugali    |
| paciente |           37 | Pradeep    | Makrucki     | Makrucki     |
| paciente |           38 | Huan       | Lortz        | Lortz        |
| paciente |           39 | Alejandro  | Brender      | Brender      |
| paciente |           40 | Weiyi      | Meriste      | Meriste      |
| paciente |           41 | Uri        | Lenart       | Lenart       |
| paciente |           42 | Magy       | Stamatiou    | Stamatiou    |
| paciente |           43 | Yishay     | Tzvieli      | Tzvieli      |
| paciente |           44 | Mingsen    | Casley       | Casley       |
| paciente |           45 | Moss       | Shanbhogue   | Shanbhogue   |
| paciente |           46 | Lucien     | Rosenbaum    | Rosenbaum    |
| paciente |           47 | Zvonko     | Nyanchama    | Nyanchama    |
| paciente |           48 | Florian    | Syrotiuk     | Syrotiuk     |
| paciente |           49 | Basil      | Tramer       | Tramer       |
| paciente |           50 | Yinghua    | Dredge       | Dredge       |
| paciente |           51 | Hidefumi   | Caine        | Caine        |
| paciente |           52 | Heping     | Nitsch       | Nitsch       |
| paciente |           53 | Sanjiv     | Zschoche     | Zschoche     |
| paciente |           54 | Mayumi     | Schueller    | Schueller    |
| paciente |           55 | Georgy     | Dredge       | Dredge       |
| paciente |           56 | Brendon    | Bernini      | Bernini      |
| paciente |           57 | Ebbe       | Callaway     | Callaway     |
| paciente |           58 | Berhard    | McFarlin     | McFarlin     |
+----------+--------------+------------+--------------+--------------+
88 rows in set (0.1206 sec)
 MySQL  localhost:3306 ssl  hospital_examen  SQL > desc empleados;
+--------------------------+-------------+------+-----+---------+----------------+
| Field                    | Type        | Null | Key | Default | Extra          |
+--------------------------+-------------+------+-----+---------+----------------+
| empleados_id             | int         | NO   | PRI | NULL    | auto_increment |
| nombre                   | varchar(45) | NO   |     | NULL    |                |
| apellido_pat             | varchar(45) | NO   |     | NULL    |                |
| apellido_mat             | varchar(45) | NO   |     | NULL    |                |
| titulo                   | varchar(45) | YES  |     | NULL    |                |
| fecha_nacimiento         | date        | NO   |     | NULL    |                |
| otros                    | varchar(45) | YES  |     | NULL    |                |
| registro_por_empleado_id | int         | YES  |     | NULL    |                |
+--------------------------+-------------+------+-----+---------+----------------+
8 rows in set (0.0103 sec)
 MySQL  localhost:3306 ssl  hospital_examen  SQL > insert into empleados(nombre, apellido_pat,
                                                -> apellido_mat, titulo, fecha_nacimiento,
                                                -> otros) values( 'prueba', 'herrera', 'cruz', 'inge',
                                                -> '1995-05-18', 'indice de faltas alto');
Query OK, 1 row affected (0.4466 sec)
 MySQL  localhost:3306 ssl  hospital_examen  SQL > select 'empleado' as tipo, empleados_id as empleados_id, nombre, apellido_pat, apellido_mat  from empleados union select 'paciente' as tipo, paciente_id as paciente_id, nombre, apellido_pat, apellido_mat  from pacientes  ;
+----------+--------------+------------+--------------+--------------+
| tipo     | empleados_id | nombre     | apellido_pat | apellido_mat |
+----------+--------------+------------+--------------+--------------+
| empleado |           94 | Alejandro  | McAlpine     | McAlpine     |
| empleado |           95 | Breannda   | Billingsley  | Billingsley  |
| empleado |           96 | Tse        | Herber       | Herber       |
| empleado |           97 | Anoosh     | Peyn         | Peyn         |
| empleado |           98 | Gino       | Leonhardt    | Leonhardt    |
| empleado |           99 | Udi        | Jansch       | Jansch       |
| empleado |          100 | Satosi     | Awdeh        | Awdeh        |
| empleado |          101 | Kwee       | Schusler     | Schusler     |
| empleado |          102 | Claudi     | Stavenow     | Stavenow     |
| empleado |          103 | Charlene   | Brattka      | Brattka      |
| empleado |          104 | Margareta  | Bierman      | Bierman      |
| empleado |          105 | Reuven     | Garigliano   | Garigliano   |
| empleado |          106 | Hisao      | Lipner       | Lipner       |
| empleado |          107 | Hironoby   | Sidou        | Sidou        |
| empleado |          108 | Shir       | McClurg      | McClurg      |
| empleado |          109 | Mokhtar    | Bernatsky    | Bernatsky    |
| empleado |          110 | Gao        | Dolinsky     | Dolinsky     |
| empleado |          111 | Erez       | Ritzmann     | Ritzmann     |
| empleado |          112 | Mona       | Azuma        | Azuma        |
| empleado |          113 | Danel      | Mondadori    | Mondadori    |
| empleado |          114 | Kshitij    | Gils         | Gils         |
| empleado |          115 | Premal     | Baek         | Baek         |
| empleado |          116 | Zhongwei   | Rosen        | Rosen        |
| empleado |          117 | Parviz     | Lortz        | Lortz        |
| empleado |          118 | Vishv      | Zockler      | Zockler      |
| empleado |          119 | Tuval      | Kalloufi     | Kalloufi     |
| empleado |          120 | Kenroku    | Malabarba    | Malabarba    |
| empleado |          121 | Somnath    | Foote        | Foote        |
| empleado |          122 | Xinglin    | Eugenio      | Eugenio      |
| empleado |          123 | Jungsoon   | Syrzycki     | Syrzycki     |
| empleado |          124 | prueba     | herrera      | cruz         |
| paciente |            1 | Georgi     | Facello      | Facello      |
| paciente |            2 | Bezalel    | Simmel       | Simmel       |
| paciente |            3 | Parto      | Bamford      | Bamford      |
| paciente |            4 | Chirstian  | Koblick      | Koblick      |
| paciente |            5 | Kyoichi    | Maliniak     | Maliniak     |
| paciente |            6 | Anneke     | Preusig      | Preusig      |
| paciente |            7 | Tzvetan    | Zielinski    | Zielinski    |
| paciente |            8 | Saniya     | Kalloufi     | Kalloufi     |
| paciente |            9 | Sumant     | Peac         | Peac         |
| paciente |           10 | Duangkaew  | Piveteau     | Piveteau     |
| paciente |           11 | Mary       | Sluis        | Sluis        |
| paciente |           12 | Patricio   | Bridgland    | Bridgland    |
| paciente |           13 | Eberhardt  | Terkki       | Terkki       |
| paciente |           14 | Berni      | Genin        | Genin        |
| paciente |           15 | Guoxiang   | Nooteboom    | Nooteboom    |
| paciente |           16 | Kazuhito   | Cappelletti  | Cappelletti  |
| paciente |           17 | Cristinel  | Bouloucos    | Bouloucos    |
| paciente |           18 | Kazuhide   | Peha         | Peha         |
| paciente |           19 | Lillian    | Haddadi      | Haddadi      |
| paciente |           20 | Mayuko     | Warwick      | Warwick      |
| paciente |           21 | Ramzi      | Erde         | Erde         |
| paciente |           22 | Shahaf     | Famili       | Famili       |
| paciente |           23 | Bojan      | Montemayor   | Montemayor   |
| paciente |           24 | Suzette    | Pettey       | Pettey       |
| paciente |           25 | Prasadram  | Heyers       | Heyers       |
| paciente |           26 | Yongqiao   | Berztiss     | Berztiss     |
| paciente |           27 | Divier     | Reistad      | Reistad      |
| paciente |           28 | Domenick   | Tempesti     | Tempesti     |
| paciente |           29 | Otmar      | Herbst       | Herbst       |
| paciente |           30 | Elvis      | Demeyer      | Demeyer      |
| paciente |           31 | Karsten    | Joslin       | Joslin       |
| paciente |           32 | Jeong      | Reistad      | Reistad      |
| paciente |           33 | Arif       | Merlo        | Merlo        |
| paciente |           34 | Bader      | Swan         | Swan         |
| paciente |           35 | Alain      | Chappelet    | Chappelet    |
| paciente |           36 | Adamantios | Portugali    | Portugali    |
| paciente |           37 | Pradeep    | Makrucki     | Makrucki     |
| paciente |           38 | Huan       | Lortz        | Lortz        |
| paciente |           39 | Alejandro  | Brender      | Brender      |
| paciente |           40 | Weiyi      | Meriste      | Meriste      |
| paciente |           41 | Uri        | Lenart       | Lenart       |
| paciente |           42 | Magy       | Stamatiou    | Stamatiou    |
| paciente |           43 | Yishay     | Tzvieli      | Tzvieli      |
| paciente |           44 | Mingsen    | Casley       | Casley       |
| paciente |           45 | Moss       | Shanbhogue   | Shanbhogue   |
| paciente |           46 | Lucien     | Rosenbaum    | Rosenbaum    |
| paciente |           47 | Zvonko     | Nyanchama    | Nyanchama    |
| paciente |           48 | Florian    | Syrotiuk     | Syrotiuk     |
| paciente |           49 | Basil      | Tramer       | Tramer       |
| paciente |           50 | Yinghua    | Dredge       | Dredge       |
| paciente |           51 | Hidefumi   | Caine        | Caine        |
| paciente |           52 | Heping     | Nitsch       | Nitsch       |
| paciente |           53 | Sanjiv     | Zschoche     | Zschoche     |
| paciente |           54 | Mayumi     | Schueller    | Schueller    |
| paciente |           55 | Georgy     | Dredge       | Dredge       |
| paciente |           56 | Brendon    | Bernini      | Bernini      |
| paciente |           57 | Ebbe       | Callaway     | Callaway     |
| paciente |           58 | Berhard    | McFarlin     | McFarlin     |
+----------+--------------+------------+--------------+--------------+
89 rows in set (0.0017 sec)
 MySQL  localhost:3306 ssl  hospital_examen  SQL > select p.nombre, p.apellido_pat 'paciente' as tipo, rp.fecha_admision from pacientes p  left join registro_pacientes rp on p.id_paciente = rp.id_paciente union select nombre, apellido_pat 'empleado' as tipo, null as fecha_admision from empleados;
ERROR: 1064 (42000): You have an error in your SQL syntax; check the manual that corresponds to your MySQL server version for the right syntax to use near 'as tipo, rp.fecha_admision from pacientes p  left join registro_pacientes rp on ' at line 1
 MySQL  localhost:3306 ssl  hospital_examen  SQL > select p.nombre, p.apellido_pat 'paciente' as tipo, r.fecha_admision from pacientes p  left join registro_pacientes r on p.id_paciente = r.id_paciente union select nombre, apellido_pat 'empleado' as tipo, null as fecha_admision from empleados;
ERROR: 1064 (42000): You have an error in your SQL syntax; check the manual that corresponds to your MySQL server version for the right syntax to use near 'as tipo, r.fecha_admision from pacientes p  left join registro_pacientes r on p.' at line 1
 MySQL  localhost:3306 ssl  hospital_examen  SQL > select p.nombre, p.apellido_pat, 'paciente' as tipo, r.fecha_admision from pacientes p  left join registro_pacientes r on p.id_paciente = r.id_paciente union select nombre, apellido_pat, 'empleado' as tipo, null as fecha_admision from empleados;
ERROR: 1054 (42S22): Unknown column 'p.id_paciente' in 'on clause'
 MySQL  localhost:3306 ssl  hospital_examen  SQL > desc pacientes;
+------------------+--------------+------+-----+---------+----------------+
| Field            | Type         | Null | Key | Default | Extra          |
+------------------+--------------+------+-----+---------+----------------+
| paciente_id      | int          | NO   | PRI | NULL    | auto_increment |
| nombre           | varchar(45)  | NO   |     | NULL    |                |
| apellido_pat     | varchar(45)  | NO   |     | NULL    |                |
| apellido_mat     | varchar(45)  | NO   |     | NULL    |                |
| fecha_nacimiento | date         | NO   |     | NULL    |                |
| peso             | double       | NO   |     | NULL    |                |
| altura           | double       | NO   |     | NULL    |                |
| nss              | varchar(50)  | NO   |     | NULL    |                |
| genero           | varchar(255) | YES  |     | NULL    |                |
| telefono_casa    | varchar(45)  | YES  |     | NULL    |                |
| telefono_trabajo | varchar(45)  | YES  |     | NULL    |                |
| telefono_movil   | varchar(45)  | YES  |     | NULL    |                |
| otros            | varchar(45)  | YES  |     | NULL    |                |
+------------------+--------------+------+-----+---------+----------------+
13 rows in set (0.0182 sec)
 MySQL  localhost:3306 ssl  hospital_examen  SQL > select p.nombre, p.apellido_pat, 'paciente' as tipo, r.fecha_admision from pacientes p  left join registro_pacientes r on p.paciente_id = r.paciente_id union select nombre, apellido_pat, 'empleado' as tipo, null as fecha_admision from empleados;
+------------+--------------+----------+----------------+
| nombre     | apellido_pat | tipo     | fecha_admision |
+------------+--------------+----------+----------------+
| Georgi     | Facello      | paciente | NULL           |
| Bezalel    | Simmel       | paciente | NULL           |
| Parto      | Bamford      | paciente | NULL           |
| Chirstian  | Koblick      | paciente | NULL           |
| Kyoichi    | Maliniak     | paciente | NULL           |
| Anneke     | Preusig      | paciente | NULL           |
| Tzvetan    | Zielinski    | paciente | NULL           |
| Saniya     | Kalloufi     | paciente | NULL           |
| Sumant     | Peac         | paciente | NULL           |
| Duangkaew  | Piveteau     | paciente | NULL           |
| Mary       | Sluis        | paciente | NULL           |
| Patricio   | Bridgland    | paciente | NULL           |
| Eberhardt  | Terkki       | paciente | NULL           |
| Berni      | Genin        | paciente | NULL           |
| Guoxiang   | Nooteboom    | paciente | NULL           |
| Kazuhito   | Cappelletti  | paciente | NULL           |
| Cristinel  | Bouloucos    | paciente | NULL           |
| Kazuhide   | Peha         | paciente | NULL           |
| Lillian    | Haddadi      | paciente | NULL           |
| Mayuko     | Warwick      | paciente | NULL           |
| Ramzi      | Erde         | paciente | NULL           |
| Shahaf     | Famili       | paciente | NULL           |
| Bojan      | Montemayor   | paciente | NULL           |
| Suzette    | Pettey       | paciente | NULL           |
| Prasadram  | Heyers       | paciente | NULL           |
| Yongqiao   | Berztiss     | paciente | NULL           |
| Divier     | Reistad      | paciente | NULL           |
| Domenick   | Tempesti     | paciente | NULL           |
| Otmar      | Herbst       | paciente | NULL           |
| Elvis      | Demeyer      | paciente | NULL           |
| Karsten    | Joslin       | paciente | NULL           |
| Jeong      | Reistad      | paciente | NULL           |
| Arif       | Merlo        | paciente | NULL           |
| Bader      | Swan         | paciente | NULL           |
| Alain      | Chappelet    | paciente | NULL           |
| Adamantios | Portugali    | paciente | NULL           |
| Pradeep    | Makrucki     | paciente | NULL           |
| Huan       | Lortz        | paciente | NULL           |
| Alejandro  | Brender      | paciente | NULL           |
| Weiyi      | Meriste      | paciente | NULL           |
| Uri        | Lenart       | paciente | NULL           |
| Magy       | Stamatiou    | paciente | NULL           |
| Yishay     | Tzvieli      | paciente | NULL           |
| Mingsen    | Casley       | paciente | NULL           |
| Moss       | Shanbhogue   | paciente | NULL           |
| Lucien     | Rosenbaum    | paciente | NULL           |
| Zvonko     | Nyanchama    | paciente | NULL           |
| Florian    | Syrotiuk     | paciente | NULL           |
| Basil      | Tramer       | paciente | NULL           |
| Yinghua    | Dredge       | paciente | NULL           |
| Hidefumi   | Caine        | paciente | NULL           |
| Heping     | Nitsch       | paciente | NULL           |
| Sanjiv     | Zschoche     | paciente | NULL           |
| Mayumi     | Schueller    | paciente | NULL           |
| Georgy     | Dredge       | paciente | NULL           |
| Brendon    | Bernini      | paciente | NULL           |
| Ebbe       | Callaway     | paciente | NULL           |
| Berhard    | McFarlin     | paciente | NULL           |
| Alejandro  | McAlpine     | empleado | NULL           |
| Breannda   | Billingsley  | empleado | NULL           |
| Tse        | Herber       | empleado | NULL           |
| Anoosh     | Peyn         | empleado | NULL           |
| Gino       | Leonhardt    | empleado | NULL           |
| Udi        | Jansch       | empleado | NULL           |
| Satosi     | Awdeh        | empleado | NULL           |
| Kwee       | Schusler     | empleado | NULL           |
| Claudi     | Stavenow     | empleado | NULL           |
| Charlene   | Brattka      | empleado | NULL           |
| Margareta  | Bierman      | empleado | NULL           |
| Reuven     | Garigliano   | empleado | NULL           |
| Hisao      | Lipner       | empleado | NULL           |
| Hironoby   | Sidou        | empleado | NULL           |
| Shir       | McClurg      | empleado | NULL           |
| Mokhtar    | Bernatsky    | empleado | NULL           |
| Gao        | Dolinsky     | empleado | NULL           |
| Erez       | Ritzmann     | empleado | NULL           |
| Mona       | Azuma        | empleado | NULL           |
| Danel      | Mondadori    | empleado | NULL           |
| Kshitij    | Gils         | empleado | NULL           |
| Premal     | Baek         | empleado | NULL           |
| Zhongwei   | Rosen        | empleado | NULL           |
| Parviz     | Lortz        | empleado | NULL           |
| Vishv      | Zockler      | empleado | NULL           |
| Tuval      | Kalloufi     | empleado | NULL           |
| Kenroku    | Malabarba    | empleado | NULL           |
| Somnath    | Foote        | empleado | NULL           |
| Xinglin    | Eugenio      | empleado | NULL           |
| Jungsoon   | Syrzycki     | empleado | NULL           |
| prueba     | herrera      | empleado | NULL           |
+------------+--------------+----------+----------------+
89 rows in set (0.0916 sec)
 MySQL  localhost:3306 ssl  hospital_examen  SQL > load data infile 'C:\\FECHA.csv' into table registro_pacientes fields terminated by ',' optionally enclosed by '"' ignore 1 rows (fecha_admision);
' for column 'fecha_admision' at row 1lue: '08/04/2017
 MySQL  localhost:3306 ssl  hospital_examen  SQL > load data infile 'C:\\FECHA.csv' into table registro_pacientes fields terminated by ',' optionally enclosed by '"' ignore 1 rows (fecha_admision);
Query OK, 58 rows affected, 58 warnings (0.1846 sec)

Records: 58  Deleted: 0  Skipped: 0  Warnings: 58
' at row 1 is deprecated. Prefer the standard ' '. in datetime value '2017-04-08
' at row 2 is deprecated. Prefer the standard ' '. in datetime value '2017-04-09
' at row 3 is deprecated. Prefer the standard ' '. in datetime value '2017-04-10
' at row 4 is deprecated. Prefer the standard ' '. in datetime value '2017-04-12
' at row 5 is deprecated. Prefer the standard ' '. in datetime value '2017-04-12
' at row 6 is deprecated. Prefer the standard ' '. in datetime value '2017-04-14
' at row 7 is deprecated. Prefer the standard ' '. in datetime value '2017-04-15
' at row 8 is deprecated. Prefer the standard ' '. in datetime value '2017-04-15
' at row 9 is deprecated. Prefer the standard ' '. in datetime value '2017-04-16
' at row 10 is deprecated. Prefer the standard ' '.in datetime value '2017-04-17
' at row 11 is deprecated. Prefer the standard ' '.in datetime value '2017-04-18
' at row 12 is deprecated. Prefer the standard ' '.in datetime value '2017-04-19
' at row 13 is deprecated. Prefer the standard ' '.in datetime value '2017-04-20
' at row 14 is deprecated. Prefer the standard ' '.in datetime value '2017-04-22
' at row 15 is deprecated. Prefer the standard ' '.in datetime value '2017-04-22
' at row 16 is deprecated. Prefer the standard ' '.in datetime value '2017-04-24
' at row 17 is deprecated. Prefer the standard ' '.in datetime value '2017-04-24
' at row 18 is deprecated. Prefer the standard ' '.in datetime value '2017-04-25
' at row 19 is deprecated. Prefer the standard ' '.in datetime value '2017-04-27
' at row 20 is deprecated. Prefer the standard ' '.in datetime value '2017-04-28
' at row 21 is deprecated. Prefer the standard ' '.in datetime value '2017-04-28
' at row 22 is deprecated. Prefer the standard ' '.in datetime value '2017-04-30
' at row 23 is deprecated. Prefer the standard ' '.in datetime value '2017-05-01
' at row 24 is deprecated. Prefer the standard ' '.in datetime value '2017-05-01
' at row 25 is deprecated. Prefer the standard ' '.in datetime value '2017-05-02
' at row 26 is deprecated. Prefer the standard ' '.in datetime value '2017-05-04
' at row 27 is deprecated. Prefer the standard ' '.in datetime value '2017-05-04
' at row 28 is deprecated. Prefer the standard ' '.in datetime value '2017-05-06
' at row 29 is deprecated. Prefer the standard ' '.in datetime value '2017-05-07
' at row 30 is deprecated. Prefer the standard ' '.in datetime value '2017-05-07
' at row 31 is deprecated. Prefer the standard ' '.in datetime value '2017-05-09
' at row 32 is deprecated. Prefer the standard ' '.in datetime value '2017-05-10
' at row 33 is deprecated. Prefer the standard ' '.in datetime value '2017-05-10
' at row 34 is deprecated. Prefer the standard ' '.in datetime value '2017-05-11
' at row 35 is deprecated. Prefer the standard ' '.in datetime value '2017-05-13
' at row 36 is deprecated. Prefer the standard ' '.in datetime value '2017-05-14
' at row 37 is deprecated. Prefer the standard ' '.in datetime value '2017-05-14
' at row 38 is deprecated. Prefer the standard ' '.in datetime value '2017-05-15
' at row 39 is deprecated. Prefer the standard ' '.in datetime value '2017-05-16
' at row 40 is deprecated. Prefer the standard ' '.in datetime value '2017-05-18
' at row 41 is deprecated. Prefer the standard ' '.in datetime value '2017-05-18
' at row 42 is deprecated. Prefer the standard ' '.in datetime value '2017-05-20
' at row 43 is deprecated. Prefer the standard ' '.in datetime value '2017-05-21
' at row 44 is deprecated. Prefer the standard ' '.in datetime value '2017-05-22
' at row 45 is deprecated. Prefer the standard ' '.in datetime value '2017-05-23
' at row 46 is deprecated. Prefer the standard ' '.in datetime value '2017-05-23
' at row 47 is deprecated. Prefer the standard ' '.in datetime value '2017-05-25
' at row 48 is deprecated. Prefer the standard ' '.in datetime value '2017-05-25
' at row 49 is deprecated. Prefer the standard ' '.in datetime value '2017-05-27
' at row 50 is deprecated. Prefer the standard ' '.in datetime value '2017-05-28
' at row 51 is deprecated. Prefer the standard ' '.in datetime value '2017-05-29
' at row 52 is deprecated. Prefer the standard ' '.in datetime value '2017-05-29
' at row 53 is deprecated. Prefer the standard ' '.in datetime value '2017-05-31
' at row 54 is deprecated. Prefer the standard ' '.in datetime value '2017-05-31
' at row 55 is deprecated. Prefer the standard ' '.in datetime value '2017-06-01
' at row 56 is deprecated. Prefer the standard ' '.in datetime value '2017-06-02
' at row 57 is deprecated. Prefer the standard ' '.in datetime value '2017-06-04
' at row 58 is deprecated. Prefer the standard ' '.in datetime value '2017-06-05
 MySQL  localhost:3306 ssl  hospital_examen  SQL > select p.nombre, p.apellido_pat, 'paciente' as tipo, r.fecha_admision from pacientes p  left join registro_pacientes r on p.paciente_id = r.paciente_id union select nombre, apellido_pat, 'empleado' as tipo, null as fecha_admision from empleados;
+------------+--------------+----------+----------------+
| nombre     | apellido_pat | tipo     | fecha_admision |
+------------+--------------+----------+----------------+
| Georgi     | Facello      | paciente | NULL           |
| Bezalel    | Simmel       | paciente | NULL           |
| Parto      | Bamford      | paciente | NULL           |
| Chirstian  | Koblick      | paciente | NULL           |
| Kyoichi    | Maliniak     | paciente | NULL           |
| Anneke     | Preusig      | paciente | NULL           |
| Tzvetan    | Zielinski    | paciente | NULL           |
| Saniya     | Kalloufi     | paciente | NULL           |
| Sumant     | Peac         | paciente | NULL           |
| Duangkaew  | Piveteau     | paciente | NULL           |
| Mary       | Sluis        | paciente | NULL           |
| Patricio   | Bridgland    | paciente | NULL           |
| Eberhardt  | Terkki       | paciente | NULL           |
| Berni      | Genin        | paciente | NULL           |
| Guoxiang   | Nooteboom    | paciente | NULL           |
| Kazuhito   | Cappelletti  | paciente | NULL           |
| Cristinel  | Bouloucos    | paciente | NULL           |
| Kazuhide   | Peha         | paciente | NULL           |
| Lillian    | Haddadi      | paciente | NULL           |
| Mayuko     | Warwick      | paciente | NULL           |
| Ramzi      | Erde         | paciente | NULL           |
| Shahaf     | Famili       | paciente | NULL           |
| Bojan      | Montemayor   | paciente | NULL           |
| Suzette    | Pettey       | paciente | NULL           |
| Prasadram  | Heyers       | paciente | NULL           |
| Yongqiao   | Berztiss     | paciente | NULL           |
| Divier     | Reistad      | paciente | NULL           |
| Domenick   | Tempesti     | paciente | NULL           |
| Otmar      | Herbst       | paciente | NULL           |
| Elvis      | Demeyer      | paciente | NULL           |
| Karsten    | Joslin       | paciente | NULL           |
| Jeong      | Reistad      | paciente | NULL           |
| Arif       | Merlo        | paciente | NULL           |
| Bader      | Swan         | paciente | NULL           |
| Alain      | Chappelet    | paciente | NULL           |
| Adamantios | Portugali    | paciente | NULL           |
| Pradeep    | Makrucki     | paciente | NULL           |
| Huan       | Lortz        | paciente | NULL           |
| Alejandro  | Brender      | paciente | NULL           |
| Weiyi      | Meriste      | paciente | NULL           |
| Uri        | Lenart       | paciente | NULL           |
| Magy       | Stamatiou    | paciente | NULL           |
| Yishay     | Tzvieli      | paciente | NULL           |
| Mingsen    | Casley       | paciente | NULL           |
| Moss       | Shanbhogue   | paciente | NULL           |
| Lucien     | Rosenbaum    | paciente | NULL           |
| Zvonko     | Nyanchama    | paciente | NULL           |
| Florian    | Syrotiuk     | paciente | NULL           |
| Basil      | Tramer       | paciente | NULL           |
| Yinghua    | Dredge       | paciente | NULL           |
| Hidefumi   | Caine        | paciente | NULL           |
| Heping     | Nitsch       | paciente | NULL           |
| Sanjiv     | Zschoche     | paciente | NULL           |
| Mayumi     | Schueller    | paciente | NULL           |
| Georgy     | Dredge       | paciente | NULL           |
| Brendon    | Bernini      | paciente | NULL           |
| Ebbe       | Callaway     | paciente | NULL           |
| Berhard    | McFarlin     | paciente | NULL           |
| Alejandro  | McAlpine     | empleado | NULL           |
| Breannda   | Billingsley  | empleado | NULL           |
| Tse        | Herber       | empleado | NULL           |
| Anoosh     | Peyn         | empleado | NULL           |
| Gino       | Leonhardt    | empleado | NULL           |
| Udi        | Jansch       | empleado | NULL           |
| Satosi     | Awdeh        | empleado | NULL           |
| Kwee       | Schusler     | empleado | NULL           |
| Claudi     | Stavenow     | empleado | NULL           |
| Charlene   | Brattka      | empleado | NULL           |
| Margareta  | Bierman      | empleado | NULL           |
| Reuven     | Garigliano   | empleado | NULL           |
| Hisao      | Lipner       | empleado | NULL           |
| Hironoby   | Sidou        | empleado | NULL           |
| Shir       | McClurg      | empleado | NULL           |
| Mokhtar    | Bernatsky    | empleado | NULL           |
| Gao        | Dolinsky     | empleado | NULL           |
| Erez       | Ritzmann     | empleado | NULL           |
| Mona       | Azuma        | empleado | NULL           |
| Danel      | Mondadori    | empleado | NULL           |
| Kshitij    | Gils         | empleado | NULL           |
| Premal     | Baek         | empleado | NULL           |
| Zhongwei   | Rosen        | empleado | NULL           |
| Parviz     | Lortz        | empleado | NULL           |
| Vishv      | Zockler      | empleado | NULL           |
| Tuval      | Kalloufi     | empleado | NULL           |
| Kenroku    | Malabarba    | empleado | NULL           |
| Somnath    | Foote        | empleado | NULL           |
| Xinglin    | Eugenio      | empleado | NULL           |
| Jungsoon   | Syrzycki     | empleado | NULL           |
| prueba     | herrera      | empleado | NULL           |
+------------+--------------+----------+----------------+
89 rows in set (0.0017 sec)
 MySQL  localhost:3306 ssl  hospital_examen  SQL > selec * from registro_pacientes;
ERROR: 1064 (42000): You have an error in your SQL syntax; check the manual that corresponds to your MySQL server version for the right syntax to use near 'selec * from registro_pacientes' at line 1
 MySQL  localhost:3306 ssl  hospital_examen  SQL > select * from registro_pacientes;
+----------------------+-------------+----------------------+--------------------------+----------------+-------------------------------------------------------------------------------------------+-------+
| registro_paciente_id | paciente_id | cuentas_pacientes_id | registro_por_empleado_id | fecha_admision | condicion_medica                                                                          | otros |
+----------------------+-------------+----------------------+--------------------------+----------------+-------------------------------------------------------------------------------------------+-------+
|                   32 |        NULL |                 NULL |                     NULL | 2017-04-08     | Abdominal Aort     |urysm                                                                 |
|                   33 |        NULL |                 NULL |                     NULL | 2017-04-09     | Abdominal Cram     |at Cramps)                                                            |
|                   34 |        NULL |                 NULL |                     NULL | 2017-04-10     | Abdominal Hern     |rnia Overview)                                                        |
|                   35 |        NULL |                 NULL |                     NULL | 2017-04-12     | Bacterial Vagi     |(Causes, Symptoms, Treatment)                                         |
|                   36 |        NULL |                 NULL |                     NULL | 2017-04-12     | Bad Breath         |                                                                      |
|                   37 |        NULL |                 NULL |                     NULL | 2017-04-14     | Bad Cholestero     | (Cholesterol Test)                                                   |
|                   38 |        NULL |                 NULL |                     NULL | 2017-04-15     | Baker Cyst         |                                                                      |
|                   39 |        NULL |                 NULL |                     NULL | 2017-04-15     | Farting (Intes     |Gas (Belching, Bloating, Flatulence))                                 |
|                   40 |        NULL |                 NULL |                     NULL | 2017-04-16     | Fast Heart Bea     |pitations Overview)                                                   |
|                   41 |        NULL |                 NULL |                     NULL | 2017-04-17     | Fatigue            |                                                                      |
|                   42 |        NULL |                 NULL |                     NULL | 2017-04-18     | Fatigue From C     |(Cancer Fatigue                                                       |
|                   43 |        NULL |                 NULL |                     NULL | 2017-04-19     | Lambliasis (Gi     |Lamblia)                                                              |
|                   44 |        NULL |                 NULL |                     NULL | 2017-04-20     | Lambliosis (Gi     |Lamblia)                                                              |
|                   45 |        NULL |                 NULL |                     NULL | 2017-04-22     | Landau-Kleffne     |rome                                                                  |
|                   46 |        NULL |                 NULL |                     NULL | 2017-04-22     | Lap Band Surge     |stric Banding)                                                        |
|                   47 |        NULL |                 NULL |                     NULL | 2017-04-24     | Laparoscopic L     |iopsy (Liver Biopsy)                                                  |
|                   48 |        NULL |                 NULL |                     NULL | 2017-04-24     | Omega-3 Fatty      |                                                                      |
|                   49 |        NULL |                 NULL |                     NULL | 2017-04-25     | Onchocerciasis     |                                                                      |
|                   50 |        NULL |                 NULL |                     NULL | 2017-04-27     | Onychocryptosi     |rown Toenail)                                                         |
|                   51 |        NULL |                 NULL |                     NULL | 2017-04-28     | Scarlatina)        |                                                                      |
|                   52 |        NULL |                 NULL |                     NULL | 2017-04-28     | Scars
     |                                                                      |
|                   53 |        NULL |                 NULL |                     NULL | 2017-04-30     | Schatzki Ring      |                                                                      |
|                   54 |        NULL |                 NULL |                     NULL | 2017-05-01     | Scheuermann's      |is (Kyphosis)                                                         |
|                   55 |        NULL |                 NULL |                     NULL | 2017-05-01     | Schistosoma gu     |is (Schistosomiasis)                                                  |
|                   56 |        NULL |                 NULL |                     NULL | 2017-05-02     | Schistosoma ha     |ium (Schistosomiasis)                                                 |
|                   57 |        NULL |                 NULL |                     NULL | 2017-05-04     | Schistosoma ja     |m (Schistosomiasis)                                                   |
|                   58 |        NULL |                 NULL |                     NULL | 2017-05-04     | Tachycardia (H     |hythm Disorders)                                                      |
|                   59 |        NULL |                 NULL |                     NULL | 2017-05-06     | Tachycardia, P     |mal Atrial (Paroxysmal Supraventricular Tachycardia (PSVT))           |
|                   60 |        NULL |                 NULL |                     NULL | 2017-05-07     | Tachycardia, P     |mal Supraventricular (Paroxysmal Supraventricular Tachycardia (PSVT)) |
|                   61 |        NULL |                 NULL |                     NULL | 2017-05-07     | Tailbone Pain      |dynia)                                                                |
|                   62 |        NULL |                 NULL |                     NULL | 2017-05-09     | Tailor's Bunio     |ions)                                                                 |
|                   63 |        NULL |                 NULL |                     NULL | 2017-05-10     | Takayasu Arter     |Takayasu Disease)                                                     |
|                   64 |        NULL |                 NULL |                     NULL | 2017-05-10     | Takayasu Disea     |                                                                      |
|                   65 |        NULL |                 NULL |                     NULL | 2017-05-11     | Taking Dental      |tions                                                                 |
|                   66 |        NULL |                 NULL |                     NULL | 2017-05-13     | Tarry Stools (     |Color Changes)                                                        |
|                   67 |        NULL |                 NULL |                     NULL | 2017-05-14     | Abdominal Aort     |urysm                                                                 |
|                   68 |        NULL |                 NULL |                     NULL | 2017-05-14     | Abdominal Cram     |at Cramps)                                                            |
|                   69 |        NULL |                 NULL |                     NULL | 2017-05-15     | Abdominal Hern     |rnia Overview)                                                        |
|                   70 |        NULL |                 NULL |                     NULL | 2017-05-16     | Bacterial Vagi     |(Causes, Symptoms, Treatment)                                         |
|                   71 |        NULL |                 NULL |                     NULL | 2017-05-18     | Bad Breath         |                                                                      |
|                   72 |        NULL |                 NULL |                     NULL | 2017-05-18     | Bad Cholestero     | (Cholesterol Test)                                                   |
|                   73 |        NULL |                 NULL |                     NULL | 2017-05-20     | Baker Cyst         |                                                                      |
|                   74 |        NULL |                 NULL |                     NULL | 2017-05-21     | Farting (Intes     |Gas (Belching, Bloating, Flatulence))                                 |
|                   75 |        NULL |                 NULL |                     NULL | 2017-05-22     | Fast Heart Bea     |pitations Overview)                                                   |
|                   76 |        NULL |                 NULL |                     NULL | 2017-05-23     | Fatigue            |                                                                      |
|                   77 |        NULL |                 NULL |                     NULL | 2017-05-23     | Fatigue From C     |(Cancer Fatigue                                                       |
|                   78 |        NULL |                 NULL |                     NULL | 2017-05-25     | Lambliasis (Gi     |Lamblia)                                                              |
|                   79 |        NULL |                 NULL |                     NULL | 2017-05-25     | Lambliosis (Gi     |Lamblia)                                                              |
|                   80 |        NULL |                 NULL |                     NULL | 2017-05-27     | Landau-Kleffne     |rome                                                                  |
|                   81 |        NULL |                 NULL |                     NULL | 2017-05-28     | Lap Band Surge     |stric Banding)                                                        |
|                   82 |        NULL |                 NULL |                     NULL | 2017-05-29     | Laparoscopic L     |iopsy (Liver Biopsy)                                                  |
|                   83 |        NULL |                 NULL |                     NULL | 2017-05-29     | Omega-3 Fatty      |                                                                      |
|                   84 |        NULL |                 NULL |                     NULL | 2017-05-31     | Onchocerciasis     |                                                                      |
|                   85 |        NULL |                 NULL |                     NULL | 2017-05-31     | Onychocryptosi     |rown Toenail)                                                         |
|                   86 |        NULL |                 NULL |                     NULL | 2017-06-01     | Scarlatina)        |                                                                      |
|                   87 |        NULL |                 NULL |                     NULL | 2017-06-02     | Scars
     |                                                                      |
|                   88 |        NULL |                 NULL |                     NULL | 2017-06-04     | Schatzki Ring      |                                                                      |
|                   89 |        NULL |                 NULL |                     NULL | 2017-06-05     | Scheuermann's      |is (Kyphosis)                                                         |
|                   90 |        NULL |                 NULL |                     NULL | 2017-04-08     | NULL
                                                                            | NULL  |
|                   91 |        NULL |                 NULL |                     NULL | 2017-04-09     | NULL
                                                                            | NULL  |
|                   92 |        NULL |                 NULL |                     NULL | 2017-04-10     | NULL
                                                                            | NULL  |
|                   93 |        NULL |                 NULL |                     NULL | 2017-04-12     | NULL
                                                                            | NULL  |
|                   94 |        NULL |                 NULL |                     NULL | 2017-04-12     | NULL
                                                                            | NULL  |
|                   95 |        NULL |                 NULL |                     NULL | 2017-04-14     | NULL
                                                                            | NULL  |
|                   96 |        NULL |                 NULL |                     NULL | 2017-04-15     | NULL
                                                                            | NULL  |
|                   97 |        NULL |                 NULL |                     NULL | 2017-04-15     | NULL
                                                                            | NULL  |
|                   98 |        NULL |                 NULL |                     NULL | 2017-04-16     | NULL
                                                                            | NULL  |
|                   99 |        NULL |                 NULL |                     NULL | 2017-04-17     | NULL
                                                                            | NULL  |
|                  100 |        NULL |                 NULL |                     NULL | 2017-04-18     | NULL
                                                                            | NULL  |
|                  101 |        NULL |                 NULL |                     NULL | 2017-04-19     | NULL
                                                                            | NULL  |
|                  102 |        NULL |                 NULL |                     NULL | 2017-04-20     | NULL
                                                                            | NULL  |
|                  103 |        NULL |                 NULL |                     NULL | 2017-04-22     | NULL
                                                                            | NULL  |
|                  104 |        NULL |                 NULL |                     NULL | 2017-04-22     | NULL
                                                                            | NULL  |
|                  105 |        NULL |                 NULL |                     NULL | 2017-04-24     | NULL
                                                                            | NULL  |
|                  106 |        NULL |                 NULL |                     NULL | 2017-04-24     | NULL
                                                                            | NULL  |
|                  107 |        NULL |                 NULL |                     NULL | 2017-04-25     | NULL
                                                                            | NULL  |
|                  108 |        NULL |                 NULL |                     NULL | 2017-04-27     | NULL
                                                                            | NULL  |
|                  109 |        NULL |                 NULL |                     NULL | 2017-04-28     | NULL
                                                                            | NULL  |
|                  110 |        NULL |                 NULL |                     NULL | 2017-04-28     | NULL
                                                                            | NULL  |
|                  111 |        NULL |                 NULL |                     NULL | 2017-04-30     | NULL
                                                                            | NULL  |
|                  112 |        NULL |                 NULL |                     NULL | 2017-05-01     | NULL
                                                                            | NULL  |
|                  113 |        NULL |                 NULL |                     NULL | 2017-05-01     | NULL
                                                                            | NULL  |
|                  114 |        NULL |                 NULL |                     NULL | 2017-05-02     | NULL
                                                                            | NULL  |
|                  115 |        NULL |                 NULL |                     NULL | 2017-05-04     | NULL
                                                                            | NULL  |
|                  116 |        NULL |                 NULL |                     NULL | 2017-05-04     | NULL
                                                                            | NULL  |
|                  117 |        NULL |                 NULL |                     NULL | 2017-05-06     | NULL
                                                                            | NULL  |
|                  118 |        NULL |                 NULL |                     NULL | 2017-05-07     | NULL
                                                                            | NULL  |
|                  119 |        NULL |                 NULL |                     NULL | 2017-05-07     | NULL
                                                                            | NULL  |
|                  120 |        NULL |                 NULL |                     NULL | 2017-05-09     | NULL
                                                                            | NULL  |
|                  121 |        NULL |                 NULL |                     NULL | 2017-05-10     | NULL
                                                                            | NULL  |
|                  122 |        NULL |                 NULL |                     NULL | 2017-05-10     | NULL
                                                                            | NULL  |
|                  123 |        NULL |                 NULL |                     NULL | 2017-05-11     | NULL
                                                                            | NULL  |
|                  124 |        NULL |                 NULL |                     NULL | 2017-05-13     | NULL
                                                                            | NULL  |
|                  125 |        NULL |                 NULL |                     NULL | 2017-05-14     | NULL
                                                                            | NULL  |
|                  126 |        NULL |                 NULL |                     NULL | 2017-05-14     | NULL
                                                                            | NULL  |
|                  127 |        NULL |                 NULL |                     NULL | 2017-05-15     | NULL
                                                                            | NULL  |
|                  128 |        NULL |                 NULL |                     NULL | 2017-05-16     | NULL
                                                                            | NULL  |
|                  129 |        NULL |                 NULL |                     NULL | 2017-05-18     | NULL
                                                                            | NULL  |
|                  130 |        NULL |                 NULL |                     NULL | 2017-05-18     | NULL
                                                                            | NULL  |
|                  131 |        NULL |                 NULL |                     NULL | 2017-05-20     | NULL
                                                                            | NULL  |
|                  132 |        NULL |                 NULL |                     NULL | 2017-05-21     | NULL
                                                                            | NULL  |
|                  133 |        NULL |                 NULL |                     NULL | 2017-05-22     | NULL
                                                                            | NULL  |
|                  134 |        NULL |                 NULL |                     NULL | 2017-05-23     | NULL
                                                                            | NULL  |
|                  135 |        NULL |                 NULL |                     NULL | 2017-05-23     | NULL
                                                                            | NULL  |
|                  136 |        NULL |                 NULL |                     NULL | 2017-05-25     | NULL
                                                                            | NULL  |
|                  137 |        NULL |                 NULL |                     NULL | 2017-05-25     | NULL
                                                                            | NULL  |
|                  138 |        NULL |                 NULL |                     NULL | 2017-05-27     | NULL
                                                                            | NULL  |
|                  139 |        NULL |                 NULL |                     NULL | 2017-05-28     | NULL
                                                                            | NULL  |
|                  140 |        NULL |                 NULL |                     NULL | 2017-05-29     | NULL
                                                                            | NULL  |
|                  141 |        NULL |                 NULL |                     NULL | 2017-05-29     | NULL
                                                                            | NULL  |
|                  142 |        NULL |                 NULL |                     NULL | 2017-05-31     | NULL
                                                                            | NULL  |
|                  143 |        NULL |                 NULL |                     NULL | 2017-05-31     | NULL
                                                                            | NULL  |
|                  144 |        NULL |                 NULL |                     NULL | 2017-06-01     | NULL
                                                                            | NULL  |
|                  145 |        NULL |                 NULL |                     NULL | 2017-06-02     | NULL
                                                                            | NULL  |
|                  146 |        NULL |                 NULL |                     NULL | 2017-06-04     | NULL
                                                                            | NULL  |
|                  147 |        NULL |                 NULL |                     NULL | 2017-06-05     | NULL
                                                                            | NULL  |
+----------------------+-------------+----------------------+--------------------------+----------------+-------------------------------------------------------------------------------------------+-------+
116 rows in set (0.0016 sec)
 MySQL  localhost:3306 ssl  hospital_examen  SQL > select p.nombre, p.apellido_pat, 'paciente' as tipo, r.fecha_admision from pacientes p  left join registro_pacientes r on p.paciente_id = r.paciente_id union select nombre, apellido_pat, 'empleado' as tipo, fecha_admision as fecha_admision from empleados;
ERROR: 1054 (42S22): Unknown column 'fecha_admision' in 'field list'
 MySQL  localhost:3306 ssl  hospital_examen  SQL > select p.nombre, p.apellido_pat, cp.fecha_emision,
                                                -> cpd.detalles, cpd.cantidad, cpd.costo_total,
                                                -> (cpd.cantidad * cpd_costo_total) as adeudo
                                                -> from pacientes p
                                                -> join cuentas_pacientes cp on p.paciente_id = cp.paciente_id
                                                -> join cuentas_pacientes_detalles cpd on cp.cuentas_pacientes_id =
                                                -> cpd.cuentas_pacientes_id order by p.apellido_pat;
ERROR: 1054 (42S22): Unknown column 'cpd.detalles' in 'field list'
 MySQL  localhost:3306 ssl  hospital_examen  SQL > desc cuentas_pacientes_detalles;
+--------------------------+-------------+------+-----+-------------+----------------+
| Field                    | Type        | Null | Key | Default     | Extra          |
+--------------------------+-------------+------+-----+-------------+----------------+
| cuentas_pacientes_det_id | int         | NO   | PRI | NULL        | auto_increment |
| cuentas_pacientes_id     | int         | YES  |     | NULL        |                |
| detalle                  | varchar(65) | YES  |     | diagnostico |                |
| cantidad                 | double      | NO   |     | NULL        |                |
| costo_total              | double      | NO   |     | NULL        |                |
+--------------------------+-------------+------+-----+-------------+----------------+
5 rows in set (0.0047 sec)
 MySQL  localhost:3306 ssl  hospital_examen  SQL > select p.nombre, p.apellido_pat, cp.fecha_emision, cpd.detalle, cpd.cantidad, cpd.costo_total, (cpd.cantidad * cpd_costo_total) as adeudo from pacientes p join cuentas_pacientes cp on p.paciente_id = cp.paciente_id join cuentas_pacientes_detalles cpd on cp.cuentas_pacientes_id = cpd.cuentas_pacientes_id order by p.apellido_pat;
ERROR: 1054 (42S22): Unknown column 'cpd_costo_total' in 'field list'
 MySQL  localhost:3306 ssl  hospital_examen  SQL > select p.nombre, p.apellido_pat, cp.fecha_emision, cpd.detalle, cpd.cantidad, cpd.costo_total, (cpd.cantidad * cpd.costo_total) as adeudo from pacientes p join cuentas_pacientes cp on p.paciente_id = cp.paciente_id join cuentas_pacientes_detalles cpd on cp.cuentas_pacientes_id = cpd.cuentas_pacientes_id order by p.apellido_pat;
Empty set (0.0229 sec)
 MySQL  localhost:3306 ssl  hospital_examen  SQL > select * from cuentas_pacientes;
Empty set (0.0011 sec)
 MySQL  localhost:3306 ssl  hospital_examen  SQL > select * from cuentas_pacientes_detalles;
+--------------------------+----------------------+-------------+----------+-------------+
| cuentas_pacientes_det_id | cuentas_pacientes_id | detalle     | cantidad | costo_total |
+--------------------------+----------------------+-------------+----------+-------------+
|                        1 |                 NULL | diagnostico |        3 |      286210 |
|                        2 |                 NULL | diagnostico |        3 |      370053 |
|                        3 |                 NULL | diagnostico |        2 |      468092 |
|                        4 |                 NULL | diagnostico |        3 |      526929 |
|                        5 |                 NULL | diagnostico |        1 |      550774 |
|                        6 |                 NULL | diagnostico |        1 |      152954 |
|                        7 |                 NULL | diagnostico |        1 |      361733 |
|                        8 |                 NULL | diagnostico |        1 |      554900 |
|                        9 |                 NULL | diagnostico |        1 |      285060 |
|                       10 |                 NULL | diagnostico |        1 |      525974 |
|                       11 |                 NULL | diagnostico |        2 |      585548 |
|                       12 |                 NULL | diagnostico |        3 |       50663 |
|                       13 |                 NULL | diagnostico |        2 |      275709 |
|                       14 |                 NULL | diagnostico |        3 |      239682 |
|                       15 |                 NULL | diagnostico |        2 |      563209 |
|                       16 |                 NULL | diagnostico |        1 |      234213 |
|                       17 |                 NULL | diagnostico |        3 |      589304 |
|                       18 |                 NULL | diagnostico |        2 |      248645 |
|                       19 |                 NULL | diagnostico |        2 |      443071 |
|                       20 |                 NULL | diagnostico |        1 |      219624 |
|                       21 |                 NULL | diagnostico |        1 |      584960 |
|                       22 |                 NULL | diagnostico |        2 |      429701 |
|                       23 |                 NULL | diagnostico |        3 |      570861 |
|                       24 |                 NULL | diagnostico |        1 |       46589 |
|                       25 |                 NULL | diagnostico |        3 |      566074 |
|                       26 |                 NULL | diagnostico |        1 |      549895 |
|                       27 |                 NULL | diagnostico |        3 |       88233 |
|                       28 |                 NULL | diagnostico |        3 |      184519 |
|                       29 |                 NULL | diagnostico |        3 |       34939 |
|                       30 |                 NULL | diagnostico |        2 |      140167 |
|                       31 |                 NULL | diagnostico |        3 |      268348 |
|                       32 |                 NULL | diagnostico |        1 |       54824 |
|                       33 |                 NULL | diagnostico |        3 |      343220 |
|                       34 |                 NULL | diagnostico |        3 |      141859 |
|                       35 |                 NULL | diagnostico |        1 |      187645 |
|                       36 |                 NULL | diagnostico |        3 |      176937 |
|                       37 |                 NULL | diagnostico |        1 |      292454 |
|                       38 |                 NULL | diagnostico |        3 |      320878 |
|                       39 |                 NULL | diagnostico |        3 |      354925 |
|                       40 |                 NULL | diagnostico |        2 |      511089 |
|                       41 |                 NULL | diagnostico |        2 |       59643 |
|                       42 |                 NULL | diagnostico |        2 |      583011 |
|                       43 |                 NULL | diagnostico |        1 |      124520 |
|                       44 |                 NULL | diagnostico |        3 |       61608 |
|                       45 |                 NULL | diagnostico |        1 |      452630 |
|                       46 |                 NULL | diagnostico |        3 |      541120 |
|                       47 |                 NULL | diagnostico |        2 |       68985 |
|                       48 |                 NULL | diagnostico |        3 |       79515 |
|                       49 |                 NULL | diagnostico |        1 |      596734 |
|                       50 |                 NULL | diagnostico |        1 |      335679 |
|                       51 |                 NULL | diagnostico |        3 |       71023 |
|                       52 |                 NULL | diagnostico |        3 |      443391 |
|                       53 |                 NULL | diagnostico |        3 |      479401 |
|                       54 |                 NULL | diagnostico |        3 |      132635 |
|                       55 |                 NULL | diagnostico |        3 |      352489 |
|                       56 |                 NULL | diagnostico |        3 |      373220 |
|                       57 |                 NULL | diagnostico |        3 |      597900 |
|                       58 |                 NULL | diagnostico |        2 |      378332 |
+--------------------------+----------------------+-------------+----------+-------------+
58 rows in set (0.0445 sec)
 MySQL  localhost:3306 ssl  hospital_examen  SQL > load data infile 'C:\\FECHA_CUENTA.csv' into table cuentas_pacientes fields terminated by ',' optionally enclosed by '"' ignore 1 rows (fecha_admision);
ERROR: 1054 (42S22): Unknown column 'fecha_admision' in 'field list'
 MySQL  localhost:3306 ssl  hospital_examen  SQL > load data infile 'C:\\FECHA_CUENTA.csv' into table cuentas_pacientes fields terminated by ',' optionally enclosed by '"' ignore 1 rows (fecha_emision);
ERROR: 1262 (01000): Row 1 was truncated; it contained more data than there were input columns
 MySQL  localhost:3306 ssl  hospital_examen  SQL > load data infile 'C:\\FECHA_CUENTA.csv' into table cuentas_pacientes fields terminated by ',' optionally enclosed by '"' ignore 1 rows (fecha_emision, otros);
Query OK, 58 rows affected (0.2919 sec)

Records: 58  Deleted: 0  Skipped: 0  Warnings: 0
 MySQL  localhost:3306 ssl  hospital_examen  SQL > select * from  cuentas_pacientes;
+----------------------+-------------+-------------------+---------------+-------+
| cuentas_pacientes_id | paciente_id | forma_pago_pac_id | fecha_emision | otros |
+----------------------+-------------+-------------------+---------------+-------+
     |               2 |        NULL |              NULL | 2017-04-20    |
     |               3 |        NULL |              NULL | 2017-04-17    |
     |               4 |        NULL |              NULL | 2017-04-20    |
     |               5 |        NULL |              NULL | 2017-04-22    |
     |               6 |        NULL |              NULL | 2017-04-21    |
     |               7 |        NULL |              NULL | 2017-04-18    |
     |               8 |        NULL |              NULL | 2017-04-24    |
     |               9 |        NULL |              NULL | 2017-04-27    |
     |              10 |        NULL |              NULL | 2017-04-28    |
     |              11 |        NULL |              NULL | 2017-04-27    |
     |              12 |        NULL |              NULL | 2017-04-28    |
     |              13 |        NULL |              NULL | 2017-04-28    |
     |              14 |        NULL |              NULL | 2017-04-29    |
     |              15 |        NULL |              NULL | 2017-04-26    |
     |              16 |        NULL |              NULL | 2017-05-05    |
     |              17 |        NULL |              NULL | 2017-05-02    |
     |              18 |        NULL |              NULL | 2017-05-01    |
     |              19 |        NULL |              NULL | 2017-05-12    |
     |              20 |        NULL |              NULL | 2017-05-03    |
     |              21 |        NULL |              NULL | 2017-05-09    |
     |              22 |        NULL |              NULL | 2017-05-08    |
     |              23 |        NULL |              NULL | 2017-05-14    |
     |              24 |        NULL |              NULL | 2017-05-12    |
     |              25 |        NULL |              NULL | 2017-05-05    |
     |              26 |        NULL |              NULL | 2017-05-19    |
     |              27 |        NULL |              NULL | 2017-05-14    |
     |              28 |        NULL |              NULL | 2017-05-12    |
     |              29 |        NULL |              NULL | 2017-05-15    |
     |              30 |        NULL |              NULL | 2017-05-13    |
     |              31 |        NULL |              NULL | 2017-05-18    |
     |              32 |        NULL |              NULL | 2017-05-20    |
     |              33 |        NULL |              NULL | 2017-05-26    |
     |              34 |        NULL |              NULL | 2017-05-22    |
     |              35 |        NULL |              NULL | 2017-05-21    |
     |              36 |        NULL |              NULL | 2017-05-16    |
     |              37 |        NULL |              NULL | 2017-05-20    |
     |              38 |        NULL |              NULL | 2017-05-27    |
     |              39 |        NULL |              NULL | 2017-05-21    |
     |              40 |        NULL |              NULL | 2017-05-26    |
     |              41 |        NULL |              NULL | 2017-05-31    |
     |              42 |        NULL |              NULL | 2017-05-31    |
     |              43 |        NULL |              NULL | 2017-06-01    |
     |              44 |        NULL |              NULL | 2017-05-27    |
     |              45 |        NULL |              NULL | 2017-06-07    |
     |              46 |        NULL |              NULL | 2017-06-04    |
     |              47 |        NULL |              NULL | 2017-06-07    |
     |              48 |        NULL |              NULL | 2017-05-31    |
     |              49 |        NULL |              NULL | 2017-06-07    |
     |              50 |        NULL |              NULL | 2017-05-31    |
     |              51 |        NULL |              NULL | 2017-06-03    |
     |              52 |        NULL |              NULL | 2017-06-03    |
     |              53 |        NULL |              NULL | 2017-06-10    |
     |              54 |        NULL |              NULL | 2017-06-14    |
     |              55 |        NULL |              NULL | 2017-06-09    |
     |              56 |        NULL |              NULL | 2017-06-14    |
     |              57 |        NULL |              NULL | 2017-06-17    |
     |              58 |        NULL |              NULL | 2017-06-16    |
     |              59 |        NULL |              NULL | 2017-06-15    |
+----------------------+-------------+-------------------+---------------+-------+
58 rows in set (0.0012 sec)
 MySQL  localhost:3306 ssl  hospital_examen  SQL > select p.nombre, p.apellido_pat, cp.fecha_emision, cpd.detalle, cpd.cantidad, cpd.costo_total, (cpd.cantidad * cpd.costo_total) as adeudo from pacientes p join cuentas_pacientes cp on p.paciente_id = cp.paciente_id join cuentas_pacientes_detalles cpd on cp.cuentas_pacientes_id = cpd.cuentas_pacientes_id order by p.apellido_pat;
Empty set (0.0014 sec)
 MySQL  localhost:3306 ssl  hospital_examen  SQL > select * from cuentas_pacientes_detalles;
+--------------------------+----------------------+-------------+----------+-------------+
| cuentas_pacientes_det_id | cuentas_pacientes_id | detalle     | cantidad | costo_total |
+--------------------------+----------------------+-------------+----------+-------------+
|                        1 |                 NULL | diagnostico |        3 |      286210 |
|                        2 |                 NULL | diagnostico |        3 |      370053 |
|                        3 |                 NULL | diagnostico |        2 |      468092 |
|                        4 |                 NULL | diagnostico |        3 |      526929 |
|                        5 |                 NULL | diagnostico |        1 |      550774 |
|                        6 |                 NULL | diagnostico |        1 |      152954 |
|                        7 |                 NULL | diagnostico |        1 |      361733 |
|                        8 |                 NULL | diagnostico |        1 |      554900 |
|                        9 |                 NULL | diagnostico |        1 |      285060 |
|                       10 |                 NULL | diagnostico |        1 |      525974 |
|                       11 |                 NULL | diagnostico |        2 |      585548 |
|                       12 |                 NULL | diagnostico |        3 |       50663 |
|                       13 |                 NULL | diagnostico |        2 |      275709 |
|                       14 |                 NULL | diagnostico |        3 |      239682 |
|                       15 |                 NULL | diagnostico |        2 |      563209 |
|                       16 |                 NULL | diagnostico |        1 |      234213 |
|                       17 |                 NULL | diagnostico |        3 |      589304 |
|                       18 |                 NULL | diagnostico |        2 |      248645 |
|                       19 |                 NULL | diagnostico |        2 |      443071 |
|                       20 |                 NULL | diagnostico |        1 |      219624 |
|                       21 |                 NULL | diagnostico |        1 |      584960 |
|                       22 |                 NULL | diagnostico |        2 |      429701 |
|                       23 |                 NULL | diagnostico |        3 |      570861 |
|                       24 |                 NULL | diagnostico |        1 |       46589 |
|                       25 |                 NULL | diagnostico |        3 |      566074 |
|                       26 |                 NULL | diagnostico |        1 |      549895 |
|                       27 |                 NULL | diagnostico |        3 |       88233 |
|                       28 |                 NULL | diagnostico |        3 |      184519 |
|                       29 |                 NULL | diagnostico |        3 |       34939 |
|                       30 |                 NULL | diagnostico |        2 |      140167 |
|                       31 |                 NULL | diagnostico |        3 |      268348 |
|                       32 |                 NULL | diagnostico |        1 |       54824 |
|                       33 |                 NULL | diagnostico |        3 |      343220 |
|                       34 |                 NULL | diagnostico |        3 |      141859 |
|                       35 |                 NULL | diagnostico |        1 |      187645 |
|                       36 |                 NULL | diagnostico |        3 |      176937 |
|                       37 |                 NULL | diagnostico |        1 |      292454 |
|                       38 |                 NULL | diagnostico |        3 |      320878 |
|                       39 |                 NULL | diagnostico |        3 |      354925 |
|                       40 |                 NULL | diagnostico |        2 |      511089 |
|                       41 |                 NULL | diagnostico |        2 |       59643 |
|                       42 |                 NULL | diagnostico |        2 |      583011 |
|                       43 |                 NULL | diagnostico |        1 |      124520 |
|                       44 |                 NULL | diagnostico |        3 |       61608 |
|                       45 |                 NULL | diagnostico |        1 |      452630 |
|                       46 |                 NULL | diagnostico |        3 |      541120 |
|                       47 |                 NULL | diagnostico |        2 |       68985 |
|                       48 |                 NULL | diagnostico |        3 |       79515 |
|                       49 |                 NULL | diagnostico |        1 |      596734 |
|                       50 |                 NULL | diagnostico |        1 |      335679 |
|                       51 |                 NULL | diagnostico |        3 |       71023 |
|                       52 |                 NULL | diagnostico |        3 |      443391 |
|                       53 |                 NULL | diagnostico |        3 |      479401 |
|                       54 |                 NULL | diagnostico |        3 |      132635 |
|                       55 |                 NULL | diagnostico |        3 |      352489 |
|                       56 |                 NULL | diagnostico |        3 |      373220 |
|                       57 |                 NULL | diagnostico |        3 |      597900 |
|                       58 |                 NULL | diagnostico |        2 |      378332 |
+--------------------------+----------------------+-------------+----------+-------------+
58 rows in set (0.0011 sec)
 MySQL  localhost:3306 ssl  hospital_examen  SQL > select * from cuentas_pacientes;
+----------------------+-------------+-------------------+---------------+-------+
| cuentas_pacientes_id | paciente_id | forma_pago_pac_id | fecha_emision | otros |
+----------------------+-------------+-------------------+---------------+-------+
     |               2 |        NULL |              NULL | 2017-04-20    |
     |               3 |        NULL |              NULL | 2017-04-17    |
     |               4 |        NULL |              NULL | 2017-04-20    |
     |               5 |        NULL |              NULL | 2017-04-22    |
     |               6 |        NULL |              NULL | 2017-04-21    |
     |               7 |        NULL |              NULL | 2017-04-18    |
     |               8 |        NULL |              NULL | 2017-04-24    |
     |               9 |        NULL |              NULL | 2017-04-27    |
     |              10 |        NULL |              NULL | 2017-04-28    |
     |              11 |        NULL |              NULL | 2017-04-27    |
     |              12 |        NULL |              NULL | 2017-04-28    |
     |              13 |        NULL |              NULL | 2017-04-28    |
     |              14 |        NULL |              NULL | 2017-04-29    |
     |              15 |        NULL |              NULL | 2017-04-26    |
     |              16 |        NULL |              NULL | 2017-05-05    |
     |              17 |        NULL |              NULL | 2017-05-02    |
     |              18 |        NULL |              NULL | 2017-05-01    |
     |              19 |        NULL |              NULL | 2017-05-12    |
     |              20 |        NULL |              NULL | 2017-05-03    |
     |              21 |        NULL |              NULL | 2017-05-09    |
     |              22 |        NULL |              NULL | 2017-05-08    |
     |              23 |        NULL |              NULL | 2017-05-14    |
     |              24 |        NULL |              NULL | 2017-05-12    |
     |              25 |        NULL |              NULL | 2017-05-05    |
     |              26 |        NULL |              NULL | 2017-05-19    |
     |              27 |        NULL |              NULL | 2017-05-14    |
     |              28 |        NULL |              NULL | 2017-05-12    |
     |              29 |        NULL |              NULL | 2017-05-15    |
     |              30 |        NULL |              NULL | 2017-05-13    |
     |              31 |        NULL |              NULL | 2017-05-18    |
     |              32 |        NULL |              NULL | 2017-05-20    |
     |              33 |        NULL |              NULL | 2017-05-26    |
     |              34 |        NULL |              NULL | 2017-05-22    |
     |              35 |        NULL |              NULL | 2017-05-21    |
     |              36 |        NULL |              NULL | 2017-05-16    |
     |              37 |        NULL |              NULL | 2017-05-20    |
     |              38 |        NULL |              NULL | 2017-05-27    |
     |              39 |        NULL |              NULL | 2017-05-21    |
     |              40 |        NULL |              NULL | 2017-05-26    |
     |              41 |        NULL |              NULL | 2017-05-31    |
     |              42 |        NULL |              NULL | 2017-05-31    |
     |              43 |        NULL |              NULL | 2017-06-01    |
     |              44 |        NULL |              NULL | 2017-05-27    |
     |              45 |        NULL |              NULL | 2017-06-07    |
     |              46 |        NULL |              NULL | 2017-06-04    |
     |              47 |        NULL |              NULL | 2017-06-07    |
     |              48 |        NULL |              NULL | 2017-05-31    |
     |              49 |        NULL |              NULL | 2017-06-07    |
     |              50 |        NULL |              NULL | 2017-05-31    |
     |              51 |        NULL |              NULL | 2017-06-03    |
     |              52 |        NULL |              NULL | 2017-06-03    |
     |              53 |        NULL |              NULL | 2017-06-10    |
     |              54 |        NULL |              NULL | 2017-06-14    |
     |              55 |        NULL |              NULL | 2017-06-09    |
     |              56 |        NULL |              NULL | 2017-06-14    |
     |              57 |        NULL |              NULL | 2017-06-17    |
     |              58 |        NULL |              NULL | 2017-06-16    |
     |              59 |        NULL |              NULL | 2017-06-15    |
+----------------------+-------------+-------------------+---------------+-------+
58 rows in set (0.0012 sec)
 MySQL  localhost:3306 ssl  hospital_examen  SQL > ELECT cpd.cuentas_pacientes_id, cp.fecha_emision, cpd.detalle, cpd.cantidad, cpd.costo_total,
                                                ->        (cpd.cantidad * cpd.costo_total) AS adeudo
                                                -> FROM cuentas_pacientes cp
                                                -> JOIN cuentas_pacientes_detalles cpd ON cp.cuentas_pacientes_id = cpd.cuentas_pacientes_id;
ERROR: 1064 (42000): You have an error in your SQL syntax; check the manual that corresponds to your MySQL server version for the right syntax to use near 'ELECT cpd.cuentas_pacientes_id, cp.fecha_emision, cpd.detalle, cpd.cantidad, cpd' at line 1
 MySQL  localhost:3306 ssl  hospital_examen  SQL > ELECT cpd.cuentas_pacientes_id, cp.fecha_emision, cpd.detalle, cpd.cantidad, cpd.costo_total,
                                                ->        (cpd.cantidad * cpd.costo_total) AS adeudo
                                                -> FROM cuentas_pacientes cp
                                                -> select * from  cuentas_pacientes;
ERROR: 1064 (42000): You have an error in your SQL syntax; check the manual that corresponds to your MySQL server version for the right syntax to use near 'ELECT cpd.cuentas_pacientes_id, cp.fecha_emision, cpd.detalle, cpd.cantidad, cpd' at line 1
 MySQL  localhost:3306 ssl  hospital_examen  SQL > SELECT cpd.cuentas_pacientes_id, cp.fecha_emision, cpd.detalle, cpd.cantidad, cpd.costo_total,
                                                ->        (cpd.cantidad * cpd.costo_total) AS adeudo
                                                -> FROM cuentas_pacientes cp
                                                -> JOIN cuentas_pacientes_detalles cpd ON cp.cuentas_pacientes_id = cpd.cuentas_pacientes_id;
Empty set (0.0012 sec)
 MySQL  localhost:3306 ssl  hospital_examen  SQL > select p.nombre, p.apellido_pat, cpd.cantidad, cpd.costo_total, (cpd.cantidad * cpd.costo_total) as adeudo from pacientes p join cuentas_pacientes_detalles cpd on p.cuentas_pacientes_id = cpd.cuentas_pacientes_id;
ERROR: 1054 (42S22): Unknown column 'p.cuentas_pacientes_id' in 'on clause'
 MySQL  localhost:3306 ssl  hospital_examen  SQL > select p.nombre, p.apellido_pat, cpd.cantidad, cpd.costo_total, (cpd.cantidad * cpd.costo_total) as adeudo from pacientes p join cuentas_pacientes cp on p.pacientes_id = cp.pacientes_id join cuentas_pacientes_detalles cpd on cp.cuentas_pacientes_id = cpd.cuentas.pacientes_id;
ERROR: 1054 (42S22): Unknown column 'cpd.cuentas.pacientes_id' in 'on clause'
 MySQL  localhost:3306 ssl  hospital_examen  SQL > select p.nombre, p.apellido_pat, cpd.cantidad, cpd.costo_total, (cpd.cantidad * cpd.costo_total) as adeudo from pacientes p join cuentas_pacientes cp on p.pacientes_id = cp.pacientes_id join cuentas_pacientes_detalles cpd on cp.cuentas_pacientes_id = cpd.cuentas_pacientes_id;
ERROR: 1054 (42S22): Unknown column 'p.pacientes_id' in 'on clause'
 MySQL  localhost:3306 ssl  hospital_examen  SQL > select p.nombre, p.apellido_pat, cpd.cantidad, cpd.costo_total, (cpd.cantidad * cpd.costo_total) as adeudo from pacientes p join cuentas_pacientes cp on p.paciente_id = cp.paciente_id join cuentas_pacientes_detalles cpd on cp.cuentas_pacientes_id = cpd.cuentas_pacientes_id;
Empty set (0.0014 sec)
 MySQL  localhost:3306 ssl  hospital_examen  SQL > select * from cuentas_pacientes_detalles;
+--------------------------+----------------------+-------------+----------+-------------+
| cuentas_pacientes_det_id | cuentas_pacientes_id | detalle     | cantidad | costo_total |
+--------------------------+----------------------+-------------+----------+-------------+
|                        1 |                 NULL | diagnostico |        3 |      286210 |
|                        2 |                 NULL | diagnostico |        3 |      370053 |
|                        3 |                 NULL | diagnostico |        2 |      468092 |
|                        4 |                 NULL | diagnostico |        3 |      526929 |
|                        5 |                 NULL | diagnostico |        1 |      550774 |
|                        6 |                 NULL | diagnostico |        1 |      152954 |
|                        7 |                 NULL | diagnostico |        1 |      361733 |
|                        8 |                 NULL | diagnostico |        1 |      554900 |
|                        9 |                 NULL | diagnostico |        1 |      285060 |
|                       10 |                 NULL | diagnostico |        1 |      525974 |
|                       11 |                 NULL | diagnostico |        2 |      585548 |
|                       12 |                 NULL | diagnostico |        3 |       50663 |
|                       13 |                 NULL | diagnostico |        2 |      275709 |
|                       14 |                 NULL | diagnostico |        3 |      239682 |
|                       15 |                 NULL | diagnostico |        2 |      563209 |
|                       16 |                 NULL | diagnostico |        1 |      234213 |
|                       17 |                 NULL | diagnostico |        3 |      589304 |
|                       18 |                 NULL | diagnostico |        2 |      248645 |
|                       19 |                 NULL | diagnostico |        2 |      443071 |
|                       20 |                 NULL | diagnostico |        1 |      219624 |
|                       21 |                 NULL | diagnostico |        1 |      584960 |
|                       22 |                 NULL | diagnostico |        2 |      429701 |
|                       23 |                 NULL | diagnostico |        3 |      570861 |
|                       24 |                 NULL | diagnostico |        1 |       46589 |
|                       25 |                 NULL | diagnostico |        3 |      566074 |
|                       26 |                 NULL | diagnostico |        1 |      549895 |
|                       27 |                 NULL | diagnostico |        3 |       88233 |
|                       28 |                 NULL | diagnostico |        3 |      184519 |
|                       29 |                 NULL | diagnostico |        3 |       34939 |
|                       30 |                 NULL | diagnostico |        2 |      140167 |
|                       31 |                 NULL | diagnostico |        3 |      268348 |
|                       32 |                 NULL | diagnostico |        1 |       54824 |
|                       33 |                 NULL | diagnostico |        3 |      343220 |
|                       34 |                 NULL | diagnostico |        3 |      141859 |
|                       35 |                 NULL | diagnostico |        1 |      187645 |
|                       36 |                 NULL | diagnostico |        3 |      176937 |
|                       37 |                 NULL | diagnostico |        1 |      292454 |
|                       38 |                 NULL | diagnostico |        3 |      320878 |
|                       39 |                 NULL | diagnostico |        3 |      354925 |
|                       40 |                 NULL | diagnostico |        2 |      511089 |
|                       41 |                 NULL | diagnostico |        2 |       59643 |
|                       42 |                 NULL | diagnostico |        2 |      583011 |
|                       43 |                 NULL | diagnostico |        1 |      124520 |
|                       44 |                 NULL | diagnostico |        3 |       61608 |
|                       45 |                 NULL | diagnostico |        1 |      452630 |
|                       46 |                 NULL | diagnostico |        3 |      541120 |
|                       47 |                 NULL | diagnostico |        2 |       68985 |
|                       48 |                 NULL | diagnostico |        3 |       79515 |
|                       49 |                 NULL | diagnostico |        1 |      596734 |
|                       50 |                 NULL | diagnostico |        1 |      335679 |
|                       51 |                 NULL | diagnostico |        3 |       71023 |
|                       52 |                 NULL | diagnostico |        3 |      443391 |
|                       53 |                 NULL | diagnostico |        3 |      479401 |
|                       54 |                 NULL | diagnostico |        3 |      132635 |
|                       55 |                 NULL | diagnostico |        3 |      352489 |
|                       56 |                 NULL | diagnostico |        3 |      373220 |
|                       57 |                 NULL | diagnostico |        3 |      597900 |
|                       58 |                 NULL | diagnostico |        2 |      378332 |
+--------------------------+----------------------+-------------+----------+-------------+
58 rows in set (0.0013 sec)
 MySQL  localhost:3306 ssl  hospital_examen  SQL > SELECT
                                                ->     p.nombre,
                                                ->     p.apellido_pat,
                                                ->     SUM(d.cantidad * d.costo_total) AS Total_adeudo
                                                -> FROM
                                                ->     pacientes p
                                                -> INNER JOIN
                                                ->     registro_pacientes rp ON p.paciente_id = rp.paciente_id
                                                -> INNER JOIN
                                                ->     cuentas_pacientes cp ON rp.cuentas_pacientes_id = cp.cuentas_pacientes_id
                                                -> INNER JOIN
                                                ->     cuentas_pacientes_detalles d ON cp.cuentas_pacientes_id = d.cuentas_pacientes_id
                                                -> GROUP BY
                                                ->     p.paciente_id, p.nombre, p.apellido_pat;
Empty set (0.0419 sec)
 MySQL  localhost:3306 ssl  hospital_examen  SQL > SELECT
                                                ->     p.nombre,
                                                ->     p.apellido_pat,
                                                ->     SUM(d.cantidad * d.costo_total) AS Total_adeudo
                                                -> FROM
                                                ->     pacientes p
                                                -> INNER JOIN
                                                ->     registro_pacientes rp ON p.paciente_id = rp.paciente_id
                                                -> INNER JOIN
                                                ->     cuentas_pacientes cp ON rp.cuentas_pacientes_id = cp.cuentas_pacientes_id
                                                -> INNER JOIN
                                                ->     cuentas_pacientes_detalles d ON cp.cuentas_pacientes_id = d.cuentas_pacientes_id
                                                -> GROUP BY
                                                ->     p.nombre, p.apellido_pat;
Empty set (0.0027 sec)
 MySQL  localhost:3306 ssl  hospital_examen  SQL > SELECT
                                                ->     p.nombre,
                                                ->     p.apellido_pat,
                                                ->     SUM(cpd.cantidad * cpd.costo_total) - COALESCE(SUM(pp.monto_pagado), 0) AS monto_adeudado
                                                -> FROM
                                                ->     pacientes p
                                                -> LEFT JOIN
                                                ->     cuentas_pacientes_detalles cpd ON p.id_paciente = cpd.paciente_id

                                                -> LEFT JOIN (
                                                ->     SELECT
                                                ->         cuentas_pacientes_id,
                                                ->         SUM(otros) AS monto_pagado
                                                ->     FROM
                                                ->         pagos_pacientes
                                                ->     GROUP BY
                                                ->         cuentas_pacientes_id
                                                -> ) AS pp ON cpd.cuentas_pacientes_id = pp.cuentas_pacientes_id
                                                -> GROUP BY
                                                ->     p.nombre,
                                                ->     p.apellido_pat
                                                -> HAVING
                                                ->     monto_adeudado > 0 OR monto_adeudado IS NULL;
ERROR: 1146 (42S02): Table 'hospital_examen.pagos_p++++ntes' doesn't exist
 MySQL  localhost:3306 ssl  hospital_examen  SQL > SELECT      p.nombre,      p.apellido_pat,      SUM(cpd.cantidad * cpd.costo_total) - COALESCE(SUM(pp.monto_pagado), 0) AS monto_adeudado FROM      pacientes p LEFT JOIN      cuentas_pacientes_detalles cpd ON p.id_paciente = cpd.paciente_id LEFT JOIN (     SELECT          cuentas_pacientes_id,          SUM(otros) AS monto_pagado     FROM          forma_pago_pac_id     GROUP BY          cuentas_pacientes_id ) AS pp ON cpd.cuentas_pacientes_id = pp.cuentas_pacientes_id GROUP BY      p.nombre,      p.apellido_pat HAVING      monto_adeudado > 0 OR monto_adeudado IS NULL;
ERROR: 1146 (42S02): Table 'hospital_examen.forma_pago_pac_id' doesn't exist
 MySQL  localhost:3306 ssl  hospital_examen  SQL > SELECT      p.nombre,      p.apellido_pat,      SUM(cpd.cantidad * cpd.costo_total) - COALESCE(SUM(pp.monto_pagado), 0) AS monto_adeudado FROM      pacientes p LEFT JOIN      cuentas_pacientes_detalles cpd ON p.id_paciente = cpd.paciente_id LEFT JOIN (     SELECT          cuentas_pacientes_id,          SUM(otros) AS monto_pagado     FROM       cuentas_pacientes_detalles     GROUP BY          cuentas_pacientes_id ) AS pp ON cpd.cuentas_pacientes_id = pp.cuentas_pacientes_id GROUP BY      p.nombre,      p.apellido_pat HAVING      monto_adeudado > 0 OR monto_adeudado IS NULL;
ERROR: 1054 (42S22): Unknown column 'otros' in 'field list'
 MySQL  localhost:3306 ssl  hospital_examen  SQL > SELECT      p.nombre,      p.apellido_pat,      SUM(cpd.cantidad * cpd.costo_total) - COALESCE(SUM(pp.monto_pagado), 0) AS monto_adeudado FROM      pacientes p LEFT JOIN      cuentas_pacientes_detalles cpd ON p.id_paciente = cpd.paciente_id LEFT JOIN (     SELECT          cuentas_pacientes_id,          SUM(otro) AS monto_pagado     FROM       cuentas_pacientes_detalles     GROUP BY          cuentas_pacientes_id ) AS pp ON cpd.cuentas_pacientes_id = pp.cuentas_pacientes_id GROUP BY      p.nombre,      p.apellido_pat HAVING      monto_adeudado > 0 OR monto_adeudado IS NULL;
ERROR: 1054 (42S22): Unknown column 'otro' in 'field list'
 MySQL  localhost:3306 ssl  hospital_examen  SQL > SELECT      p.nombre,      p.apellido_pat,      SUM(cpd.cantidad * cpd.costo_total) - COALESCE(SUM(pp.monto_pagado), 0) AS monto_adeudado FROM      pacientes p LEFT JOIN      cuentas_pacientes_detalles cpd ON p.id_paciente = cpd.paciente_id LEFT JOIN (     SELECT          cuentas_pacientes_id,          SUM(fecha_emision) AS monto_pagado     FROM       cuentas_pacientes_detalles     GROUP BY          cuentas_pacientes_id ) AS pp ON cpd.cuentas_pacientes_id = pp.cuentas_pacientes_id GROUP BY      p.nombre,      p.apellido_pat HAVING      monto_adeudado > 0 OR monto_adeudado IS NULL;
ERROR: 1054 (42S22): Unknown column 'fecha_emision' in 'field list'
 MySQL  localhost:3306 ssl  hospital_examen  SQL > SELECT      p.nombre,      p.apellido_pat,      SUM(cpd.cantidad * cpd.costo_total) - COALESCE(SUM(pp.monto_pagado), 0) AS monto_adeudado FROM      pacientes p LEFT JOIN      cuentas_pacientes_detalles cpd ON p.id_paciente = cpd.paciente_id LEFT JOIN (     SELECT          cuentas_pacientes_id,          SUM(cantidad) AS monto_pagado     FROM       cuentas_pacientes_detalles     GROUP BY          cuentas_pacientes_id ) AS pp ON cpd.cuentas_pacientes_id = pp.cuentas_pacientes_id GROUP BY      p.nombre,      p.apellido_pat HAVING      monto_adeudado > 0 OR monto_adeudado IS NULL;
ERROR: 1054 (42S22): Unknown column 'p.id_paciente' in 'on clause'
 MySQL  localhost:3306 ssl  hospital_examen  SQL > SELECT      p.nombre,      p.apellido_pat,      SUM(cpd.cantidad * cpd.costo_total) - COALESCE(SUM(pp.monto_pagado), 0) AS monto_adeudado FROM      pacientes p LEFT JOIN      cuentas_pacientes_detalles cpd ON p.paciente_id = cpd.paciente_id LEFT JOIN (     SELECT          cuentas_pacientes_id,          SUM(cantidad) AS monto_pagado     FROM       cuentas_pacientes_detalles     GROUP BY          cuentas_pacientes_id ) AS pp ON cpd.cuentas_pacientes_id = pp.cuentas_pacientes_id GROUP BY      p.nombre,      p.apellido_pat HAVING      monto_adeudado > 0 OR monto_adeudado IS NULL;
ERROR: 1054 (42S22): Unknown column 'cpd.paciente_id' in 'on clause'
 MySQL  localhost:3306 ssl  hospital_examen  SQL > SELECT      p.nombre,      p.apellido_pat,      SUM(cpd.cantidad * cpd.costo_total) - COALESCE(SUM(pp.monto_pagado), 0) AS monto_adeudado FROM      pacientes p LEFT JOIN      cuentas_pacientes_detalles cpd ON p.paciente_id = cpd.cuentas_paciente_id LEFT JOIN (     SELECT          cuentas_pacientes_id,          SUM(cantidad) AS monto_pagado     FROM       cuentas_pacientes_detalles     GROUP BY          cuentas_pacientes_id ) AS pp ON cpd.cuentas_pacientes_id = pp.cuentas_pacientes_id GROUP BY      p.nombre,      p.apellido_pat HAVING      monto_adeudado > 0 OR monto_adeudado IS NULL;
ERROR: 1054 (42S22): Unknown column 'cpd.cuentas_paciente_id' in 'on clause'
 MySQL  localhost:3306 ssl  hospital_examen  SQL > SELECT      p.nombre,      p.apellido_pat,      SUM(cpd.cantidad * cpd.costo_total) - COALESCE(SUM(pp.monto_pagado), 0) AS monto_adeudado FROM      pacientes p LEFT JOIN      cuentas_pacientes_detalles cpd ON p.paciente_id = cpd.cuentas_pacientes_det_id LEFT JOIN (     SELECT          cuentas_pacientes_id,          SUM(cantidad) AS monto_pagado     FROM       cuentas_pacientes_detalles     GROUP BY          cuentas_pacientes_id ) AS pp ON cpd.cuentas_pacientes_id = pp.cuentas_pacientes_id GROUP BY      p.nombre,      p.apellido_pat HAVING      monto_adeudado > 0 OR monto_adeudado IS NULL;
+------------+--------------+----------------+
| nombre     | apellido_pat | monto_adeudado |
+------------+--------------+----------------+
| Georgi     | Facello      |         858630 |
| Bezalel    | Simmel       |        1110159 |
| Parto      | Bamford      |         936184 |
| Chirstian  | Koblick      |        1580787 |
| Kyoichi    | Maliniak     |         550774 |
| Anneke     | Preusig      |         152954 |
| Tzvetan    | Zielinski    |         361733 |
| Saniya     | Kalloufi     |         554900 |
| Sumant     | Peac         |         285060 |
| Duangkaew  | Piveteau     |         525974 |
| Mary       | Sluis        |        1171096 |
| Patricio   | Bridgland    |         151989 |
| Eberhardt  | Terkki       |         551418 |
| Berni      | Genin        |         719046 |
| Guoxiang   | Nooteboom    |        1126418 |
| Kazuhito   | Cappelletti  |         234213 |
| Cristinel  | Bouloucos    |        1767912 |
| Kazuhide   | Peha         |         497290 |
| Lillian    | Haddadi      |         886142 |
| Mayuko     | Warwick      |         219624 |
| Ramzi      | Erde         |         584960 |
| Shahaf     | Famili       |         859402 |
| Bojan      | Montemayor   |        1712583 |
| Suzette    | Pettey       |          46589 |
| Prasadram  | Heyers       |        1698222 |
| Yongqiao   | Berztiss     |         549895 |
| Divier     | Reistad      |         264699 |
| Domenick   | Tempesti     |         553557 |
| Otmar      | Herbst       |         104817 |
| Elvis      | Demeyer      |         280334 |
| Karsten    | Joslin       |         805044 |
| Jeong      | Reistad      |          54824 |
| Arif       | Merlo        |        1029660 |
| Bader      | Swan         |         425577 |
| Alain      | Chappelet    |         187645 |
| Adamantios | Portugali    |         530811 |
| Pradeep    | Makrucki     |         292454 |
| Huan       | Lortz        |         962634 |
| Alejandro  | Brender      |        1064775 |
| Weiyi      | Meriste      |        1022178 |
| Uri        | Lenart       |         119286 |
| Magy       | Stamatiou    |        1166022 |
| Yishay     | Tzvieli      |         124520 |
| Mingsen    | Casley       |         184824 |
| Moss       | Shanbhogue   |         452630 |
| Lucien     | Rosenbaum    |        1623360 |
| Zvonko     | Nyanchama    |         137970 |
| Florian    | Syrotiuk     |         238545 |
| Basil      | Tramer       |         596734 |
| Yinghua    | Dredge       |         335679 |
| Hidefumi   | Caine        |         213069 |
| Heping     | Nitsch       |        1330173 |
| Sanjiv     | Zschoche     |        1438203 |
| Mayumi     | Schueller    |         397905 |
| Georgy     | Dredge       |        1057467 |
| Brendon    | Bernini      |        1119660 |
| Ebbe       | Callaway     |        1793700 |
| Berhard    | McFarlin     |         756664 |
+------------+--------------+----------------+
58 rows in set (0.0295 sec)
 MySQL  localhost:3306 ssl  hospital_examen  SQL > SELECT
                                                ->     p.nombre,
                                                ->     p.apellido_pat,
                                                ->     SUM(cpd.cantidad * cpd.costo_total) AS suma_efectivo
                                                -> FROM
                                                ->     pacientes p
                                                -> JOIN
                                                ->     cuentas_pacientes_detalles cpd ON p.id_paciente = cpd.id_paciente

                                                -> JOIN
                                                ->     pagos_pacientes pp ON cpd.cuentas_pacientes_id = pp.cuentas_pacientes_id
                                                -> WHERE
                                                ->     pp.forma_pago_pac_id = (SELECT forma_pago_pac_id FROM formas_pago WHERE forma_pago = 'Efectivo')
                                                -> GROUP BY
                                                ->     p.nombre,
                                                ->     p.apellido_pat;
ERROR: 1146 (42S02): Table 'hospital_examen.pagos_pacientes' doesn't exist
 MySQL  localhost:3306 ssl  hospital_examen  SQL > SELECT      p.nombre,      p.apellido_pat,      SUM(cpd.cantidad * cpd.costo_total) AS suma_efectivo FROM      pacientes p JOIN      cuentas_pacientes_detalles cpd ON p.id_paciente = cpd.id_paciente JOIN      cuentas_pacientes pp ON cpd.cuentas_pacientes_id = pp.cuentas_pacientes_id WHERE      pp.forma_pago_pac_id = (SELECT forma_pago_pac_id FROM formas_pago WHERE forma_pago = 'Efectivo') GROUP BY      p.nombre,      p.apellido_pat;
ERROR: 1054 (42S22): Unknown column 'p.id_paciente' in 'on clause'
 MySQL  localhost:3306 ssl  hospital_examen  SQL > SELECT      p.nombre,      p.apellido_pat,      SUM(cpd.cantidad * cpd.costo_total) AS suma_efectivo FROM      pacientes p JOIN      cuentas_pacientes_detalles cpd ON p.paciente_id = cpd.id_paciente JOIN      cuentas_pacientes pp ON cpd.cuentas_pacientes_id = pp.cuentas_pacientes_id WHERE      pp.forma_pago_pac_id = (SELECT forma_pago_pac_id FROM formas_pago WHERE forma_pago = 'Efectivo') GROUP BY      p.nombre,      p.apellido_pat;
ERROR: 1054 (42S22): Unknown column 'cpd.id_paciente' in 'on clause'
 MySQL  localhost:3306 ssl  hospital_examen  SQL > SELECT      p.nombre,      p.apellido_pat,      SUM(cpd.cantidad * cpd.costo_total) AS suma_efectivo FROM      pacientes p JOIN      cuentas_pacientes_detalles cpd ON p.paciente_id = cpd.id_paciente JOIN      cuentas_pacientes pp ON cpd.cuentas_pacientes_det_id = pp.cuentas_pacientes_id WHERE      pp.forma_pago_pac_id = (SELECT forma_pago_pac_id FROM formas_pago WHERE forma_pago = 'Efectivo') GROUP BY      p.nombre,      p.apellido_pat;
ERROR: 1054 (42S22): Unknown column 'cpd.id_paciente' in 'on clause'
 MySQL  localhost:3306 ssl  hospital_examen  SQL > SELECT      p.nombre,      p.apellido_pat,      SUM(cpd.cantidad * cpd.costo_total) AS suma_efectivo FROM      pacientes p JOIN      cuentas_pacientes_detalles cpd ON p.paciente_id = cpd.cuentas_pacientes_det_id JOIN      cuentas_pacientes pp ON cpd.cuentas_pacientes_det_id = pp.cuentas_pacientes_id WHERE      pp.forma_pago_pac_id = (SELECT forma_pago_pac_id FROM formas_pago WHERE forma_pago = 'Efectivo') GROUP BY      p.nombre,      p.apellido_pat;
Empty set (0.0014 sec)
 MySQL  localhost:3306 ssl  hospital_examen  SQL > SELECT
                                                ->     p.nombre,
                                                ->     p.apellido_pat,
                                                ->     SUM(cp.cantidad * cp.costo_total) - COALESCE(SUM(pago_efectivo.suma_efectivo), 0) AS monto_adeudado
                                                -> FROM
                                                ->     pacientes p
                                                -> JOIN
                                                ->     cuentas_pacientes_detalles cp ON p.id_paciente = cp.id_paciente
                                                -> LEFT JOIN (
                                                ->     SELECT
                                                ->         cp.cuentas_pacientes_id,
                                                ->         SUM(cp.cantidad * cp.costo_total) AS suma_efectivo
                                                ->     FROM
                                                ->         cuentas_pacientes_detalles cp
                                                ->     JOIN
                                                ->         pagos_pacientes pp ON cp.cuentas_pacientes_id = pp.cuentas_pacientes_id
                                                ->     WHERE
                                                ->         pp.forma_pago_pac_id = (SELECT forma_pago_pac_id FROM formas_pago WHERE forma_pago = 'Efectivo')
                                                ->     GROUP BY
                                                ->         cp.cuentas_pacientes_id
                                                -> ) AS pago_efectivo ON cp.cuentas_pacientes_id = pago_efectivo.cuentas_pacientes_id
                                                -> GROUP BY
                                                ->     p.nombre,
                                                ->     p.apellido_pat
                                                -> HAVING
                                                ->     monto_adeudado > 0 OR monto_adeudado IS NULL;
ERROR: 1146 (42S02): Table 'hospital_examen.pagos_pacientes' doesn't exist
 MySQL  localhost:3306 ssl  hospital_examen  SQL > SELECT      p.nombre,      p.apellido_pat,      SUM(cp.cantidad * cp.costo_total) - COALESCE(SUM(pago_efectivo.suma_efectivo), 0) AS monto_adeudado FROM      pacientes p JOIN      cuentas_pacientes_detalles cp ON p.id_paciente = cp.id_paciente LEFT JOIN (     SELECT          cp.cuentas_pacientes_id,          SUM(cp.cantidad * cp.costo_total) AS suma_efectivo     FROM          cuentas_pacientes_detalles cp     JOIN          cuentas_pacientes pp ON cp.cuentas_pacientes_id = pp.cuentas_pacientes_id     WHERE          pp.forma_pago_pac_id = (SELECT forma_pago_pac_id FROM formas_pago WHERE forma_pago = 'Efectivo')     GROUP BY          cp.cuentas_pacientes_id ) AS pago_efectivo ON cp.cuentas_pacientes_id = pago_efectivo.cuentas_pacientes_id GROUP BY      p.nombre,      p.apellido_pat HAVING      monto_adeudado > 0 OR monto_adeudado IS NULL;
ERROR: 1054 (42S22): Unknown column 'p.id_paciente' in 'on clause'
 MySQL  localhost:3306 ssl  hospital_examen  SQL > SELECT      p.nombre,      p.apellido_pat,      SUM(cp.cantidad * cp.costo_total) - COALESCE(SUM(pago_efectivo.suma_efectivo), 0) AS monto_adeudado FROM      pacientes p JOIN      cuentas_pacientes_detalles cp ON p.paciente_id = cp.paciente_id LEFT JOIN (     SELECT          cp.cuentas_pacientes_id,          SUM(cp.cantidad * cp.costo_total) AS suma_efectivo     FROM          cuentas_pacientes_detalles cp     JOIN          cuentas_pacientes pp ON cp.cuentas_pacientes_id = pp.cuentas_pacientes_id     WHERE          pp.forma_pago_pac_id = (SELECT forma_pago_pac_id FROM formas_pago WHERE forma_pago = 'Efectivo')     GROUP BY          cp.cuentas_pacientes_id ) AS pago_efectivo ON cp.cuentas_pacientes_id = pago_efectivo.cuentas_pacientes_id GROUP BY      p.nombre,      p.apellido_pat HAVING      monto_adeudado > 0 OR monto_adeudado IS NULL;
ERROR: 1054 (42S22): Unknown column 'cp.paciente_id' in 'on clause'
 MySQL  localhost:3306 ssl  hospital_examen  SQL > SELECT      p.nombre,      p.apellido_pat,      SUM(cp.cantidad * cp.costo_total) - COALESCE(SUM(pago_efectivo.suma_efectivo), 0) AS monto_adeudado FROM      pacientes p JOIN      cuentas_pacientes_detalles cp ON p.paciente_id = cp.cuentas_pacientes_det_id LEFT JOIN (     SELECT          cp.cuentas_pacientes_id,          SUM(cp.cantidad * cp.costo_total) AS suma_efectivo     FROM          cuentas_pacientes_detalles cp     JOIN          cuentas_pacientes pp ON cp.cuentas_pacientes_id = pp.cuentas_pacientes_id     WHERE          pp.forma_pago_pac_id = (SELECT forma_pago_pac_id FROM formas_pago WHERE forma_pago = 'Efectivo')     GROUP BY          cp.cuentas_pacientes_id ) AS pago_efectivo ON cp.cuentas_pacientes_id = pago_efectivo.cuentas_pacientes_id GROUP BY      p.nombre,      p.apellido_pat HAVING      monto_adeudado > 0 OR monto_adeudado IS NULL;
+------------+--------------+----------------+
| nombre     | apellido_pat | monto_adeudado |
+------------+--------------+----------------+
| Georgi     | Facello      |         858630 |
| Bezalel    | Simmel       |        1110159 |
| Parto      | Bamford      |         936184 |
| Chirstian  | Koblick      |        1580787 |
| Kyoichi    | Maliniak     |         550774 |
| Anneke     | Preusig      |         152954 |
| Tzvetan    | Zielinski    |         361733 |
| Saniya     | Kalloufi     |         554900 |
| Sumant     | Peac         |         285060 |
| Duangkaew  | Piveteau     |         525974 |
| Mary       | Sluis        |        1171096 |
| Patricio   | Bridgland    |         151989 |
| Eberhardt  | Terkki       |         551418 |
| Berni      | Genin        |         719046 |
| Guoxiang   | Nooteboom    |        1126418 |
| Kazuhito   | Cappelletti  |         234213 |
| Cristinel  | Bouloucos    |        1767912 |
| Kazuhide   | Peha         |         497290 |
| Lillian    | Haddadi      |         886142 |
| Mayuko     | Warwick      |         219624 |
| Ramzi      | Erde         |         584960 |
| Shahaf     | Famili       |         859402 |
| Bojan      | Montemayor   |        1712583 |
| Suzette    | Pettey       |          46589 |
| Prasadram  | Heyers       |        1698222 |
| Yongqiao   | Berztiss     |         549895 |
| Divier     | Reistad      |         264699 |
| Domenick   | Tempesti     |         553557 |
| Otmar      | Herbst       |         104817 |
| Elvis      | Demeyer      |         280334 |
| Karsten    | Joslin       |         805044 |
| Jeong      | Reistad      |          54824 |
| Arif       | Merlo        |        1029660 |
| Bader      | Swan         |         425577 |
| Alain      | Chappelet    |         187645 |
| Adamantios | Portugali    |         530811 |
| Pradeep    | Makrucki     |         292454 |
| Huan       | Lortz        |         962634 |
| Alejandro  | Brender      |        1064775 |
| Weiyi      | Meriste      |        1022178 |
| Uri        | Lenart       |         119286 |
| Magy       | Stamatiou    |        1166022 |
| Yishay     | Tzvieli      |         124520 |
| Mingsen    | Casley       |         184824 |
| Moss       | Shanbhogue   |         452630 |
| Lucien     | Rosenbaum    |        1623360 |
| Zvonko     | Nyanchama    |         137970 |
| Florian    | Syrotiuk     |         238545 |
| Basil      | Tramer       |         596734 |
| Yinghua    | Dredge       |         335679 |
| Hidefumi   | Caine        |         213069 |
| Heping     | Nitsch       |        1330173 |
| Sanjiv     | Zschoche     |        1438203 |
| Mayumi     | Schueller    |         397905 |
| Georgy     | Dredge       |        1057467 |
| Brendon    | Bernini      |        1119660 |
| Ebbe       | Callaway     |        1793700 |
| Berhard    | McFarlin     |         756664 |
+------------+--------------+----------------+
58 rows in set (0.0024 sec)
 MySQL  localhost:3306 ssl  hospital_examen  SQL > SELECT
                                                ->     p.nombre,
                                                ->     p.apellido_pat,
                                                ->     SUM(cp.cantidad * cp.costo_total) AS total_servicios,
                                                ->     COALESCE(SUM(pago_efectivo.suma_efectivo), 0) AS total_efectivo
                                                -> FROM
                                                ->     pacientes p
                                                -> JOIN
                                                ->     cuentas_pacientes_detalles cp ON p.paciente_id= cp.paciente_id
                                                -> LEFT JOIN (
                                                ->     SELECT
                                                ->         cp.cuentas_pacientes_id,
                                                ->         SUM(cp.cantidad * cp.costo_total) AS suma_efectivo
                                                ->     FROM
                                                ->         cuentas_pacientes_detalles cp
                                                ->     JOIN
                                                ->         pagos_pacientes pp ON cp.cuentas_pacientes_id = pp.cuentas_pacientes_id
                                                ->     WHERE
                                                ->         pp.forma_pago_pac_id = (SELECT forma_pago_pac_id FROM formas_pago WHERE forma_pago = 'Efectivo')
                                                ->     GROUP BY
                                                ->         cp.cuentas_pacientes_id
                                                -> ) AS pago_efectivo ON cp.cuentas_pacientes_id = pago_efectivo.cuentas_pacientes_id
                                                -> GROUP BY
                                                ->     p.nombre,
                                                ->     p.apellido_pat
                                                -> ORDER BY
                                                ->     p.nombre,
                                                ->     p.apellido_pat;
ERROR: 1146 (42S02): Table 'hospital_examen.pagos_pacientes' doesn't exist
 MySQL  localhost:3306 ssl  hospital_examen  SQL > SELECT      p.nombre,      p.apellido_pat,      SUM(cp.cantidad * cp.costo_total) AS total_servicios,     COALESCE(SUM(pago_efectivo.suma_efectivo), 0) AS total_efectivo FROM      pacientes p JOIN      cuentas_pacientes_detalles cp ON p.paciente_id= cp.paciente_id LEFT JOIN (     SELECT          cp.cuentas_pacientes_id,          SUM(cp.cantidad * cp.costo_total) AS suma_efectivo     FROM          cuentas_pacientes_detalles cp     JOIN          cuentas_pacientes pp ON cp.cuentas_pacientes_id = pp.cuentas_pacientes_id     WHERE          pp.forma_pago_pac_id = (SELECT forma_pago_pac_id FROM formas_pago WHERE forma_pago = 'Efectivo')     GROUP BY          cp.cuentas_pacientes_id ) AS pago_efectivo ON cp.cuentas_pacientes_id = pago_efectivo.cuentas_pacientes_id GROUP BY      p.nombre,      p.apellido_pat ORDER BY      p.nombre,      p.apellido_pat;
ERROR: 1054 (42S22): Unknown column 'cp.paciente_id' in 'on clause'
 MySQL  localhost:3306 ssl  hospital_examen  SQL > SELECT      p.nombre,      p.apellido_pat,      SUM(cp.cantidad * cp.costo_total) AS total_servicios,     COALESCE(SUM(pago_efectivo.suma_efectivo), 0) AS total_efectivo FROM      pacientes p JOIN      cuentas_pacientes_detalles cp ON p.paciente_id= cp.cuentas_pacientes_det_id LEFT JOIN (     SELECT          cp.cuentas_pacientes_id,          SUM(cp.cantidad * cp.costo_total) AS suma_efectivo     FROM          cuentas_pacientes_detalles cp     JOIN          cuentas_pacientes pp ON cp.cuentas_pacientes_id = pp.cuentas_pacientes_id     WHERE          pp.forma_pago_pac_id = (SELECT forma_pago_pac_id FROM formas_pago WHERE forma_pago = 'Efectivo')     GROUP BY          cp.cuentas_pacientes_id ) AS pago_efectivo ON cp.cuentas_pacientes_id = pago_efectivo.cuentas_pacientes_id GROUP BY      p.nombre,      p.apellido_pat ORDER BY      p.nombre,      p.apellido_pat;
+------------+--------------+-----------------+----------------+
| nombre     | apellido_pat | total_servicios | total_efectivo |
+------------+--------------+-----------------+----------------+
| Adamantios | Portugali    |          530811 |              0 |
| Alain      | Chappelet    |          187645 |              0 |
| Alejandro  | Brender      |         1064775 |              0 |
| Anneke     | Preusig      |          152954 |              0 |
| Arif       | Merlo        |         1029660 |              0 |
| Bader      | Swan         |          425577 |              0 |
| Basil      | Tramer       |          596734 |              0 |
| Berhard    | McFarlin     |          756664 |              0 |
| Berni      | Genin        |          719046 |              0 |
| Bezalel    | Simmel       |         1110159 |              0 |
| Bojan      | Montemayor   |         1712583 |              0 |
| Brendon    | Bernini      |         1119660 |              0 |
| Chirstian  | Koblick      |         1580787 |              0 |
| Cristinel  | Bouloucos    |         1767912 |              0 |
| Divier     | Reistad      |          264699 |              0 |
| Domenick   | Tempesti     |          553557 |              0 |
| Duangkaew  | Piveteau     |          525974 |              0 |
| Ebbe       | Callaway     |         1793700 |              0 |
| Eberhardt  | Terkki       |          551418 |              0 |
| Elvis      | Demeyer      |          280334 |              0 |
| Florian    | Syrotiuk     |          238545 |              0 |
| Georgi     | Facello      |          858630 |              0 |
| Georgy     | Dredge       |         1057467 |              0 |
| Guoxiang   | Nooteboom    |         1126418 |              0 |
| Heping     | Nitsch       |         1330173 |              0 |
| Hidefumi   | Caine        |          213069 |              0 |
| Huan       | Lortz        |          962634 |              0 |
| Jeong      | Reistad      |           54824 |              0 |
| Karsten    | Joslin       |          805044 |              0 |
| Kazuhide   | Peha         |          497290 |              0 |
| Kazuhito   | Cappelletti  |          234213 |              0 |
| Kyoichi    | Maliniak     |          550774 |              0 |
| Lillian    | Haddadi      |          886142 |              0 |
| Lucien     | Rosenbaum    |         1623360 |              0 |
| Magy       | Stamatiou    |         1166022 |              0 |
| Mary       | Sluis        |         1171096 |              0 |
| Mayuko     | Warwick      |          219624 |              0 |
| Mayumi     | Schueller    |          397905 |              0 |
| Mingsen    | Casley       |          184824 |              0 |
| Moss       | Shanbhogue   |          452630 |              0 |
| Otmar      | Herbst       |          104817 |              0 |
| Parto      | Bamford      |          936184 |              0 |
| Patricio   | Bridgland    |          151989 |              0 |
| Pradeep    | Makrucki     |          292454 |              0 |
| Prasadram  | Heyers       |         1698222 |              0 |
| Ramzi      | Erde         |          584960 |              0 |
| Saniya     | Kalloufi     |          554900 |              0 |
| Sanjiv     | Zschoche     |         1438203 |              0 |
| Shahaf     | Famili       |          859402 |              0 |
| Sumant     | Peac         |          285060 |              0 |
| Suzette    | Pettey       |           46589 |              0 |
| Tzvetan    | Zielinski    |          361733 |              0 |
| Uri        | Lenart       |          119286 |              0 |
| Weiyi      | Meriste      |         1022178 |              0 |
| Yinghua    | Dredge       |          335679 |              0 |
| Yishay     | Tzvieli      |          124520 |              0 |
| Yongqiao   | Berztiss     |          549895 |              0 |
| Zvonko     | Nyanchama    |          137970 |              0 |
+------------+--------------+-----------------+----------------+
58 rows in set (0.0265 sec)
 MySQL  localhost:3306 ssl  hospital_examen  SQL >